#separator \x09
#set_separator	,
#empty_field	(empty)
#unset_field	-
#path	ocsp
#open	2026-09-23-18-29-23
#fields	ts	id	hashAlgorithm	issuerNameHash	issuerKeyHash	serialNumber	certStatus	revoketime	revokereason	thisUpdate	nextUpdate
#types	time	string	string	string	string	string	string	time	string	time	time
1683737231.129577	FCuTUN37DZlZPvRNlk	sha1	7239BDE83E9709DD71D98312427F1FAE65B0BF6C	C7B29C7F1CE3B85AEFE9681AA85D94C126526A68	33003E4F01435E87E5DC29FF2B0000003E4F01	good	-	-	1682960974.000000	1683826174.000000
1683737231.400995	F70vXR2heSHweDUMfh	sha1	7239BDE83E9709DD71D98312427F1FAE65B0BF6C	C7B29C7F1CE3B85AEFE9681AA85D94C126526A68	33003E4F01435E87E5DC29FF2B0000003E4F01	good	-	-	1683637774.000000	1684502974.000000
1683737255.024952	F8JV1TVTFDHOEalF9	sha1	7239BDE83E9709DD71D98312427F1FAE65B0BF6C	C7B29C7F1CE3B85AEFE9681AA85D94C126526A68	3300A79867AE84B07591FCE827000000A79867	good	-	-	1682946574.000000	1683811774.000000
1683737349.065079	Fwr22F2U6CIeKRgGef	sha1	7239BDE83E9709DD71D98312427F1FAE65B0BF6C	C7B29C7F1CE3B85AEFE9681AA85D94C126526A68	3300923FC1B9C085D8B09A5C78000000923FC1	good	-	-	1683551374.000000	1684416574.000000
1683737413.284497	FeZ8a6412WCYsY6Nq8	sha1	521EE36C478119A9CB03FAB74E57E1197AF1818B	B5760C3011CEC792424D4CC75C2CC8A90CE80B64	12003024DD3EA511E6A77959040000003024DD	good	-	-	1683558008.000000	1683903607.000000
1683737684.642686	FTciMI18qZ8xJtYar2	sha1	844281A8BE5683B0F6619A78F1AA3B28B24B3A43	B763E71ADD8DE908A65583A4E06A504165114249	B601913D8553BAFA0000000051D4C1F6	good	-	-	1683716400.000000	1684321199.000000
1683737694.483427	FcVmEq43RkoGowmgk7	sha1	DFAA12E328B1094193E29F4282CE4740429558A3	B13EC36903F8BF4701D498261A0802EF63642BC3	03F1B4E15F3A82F1149678B3D7D8475C	good	-	-	1683657482.000000	1684262282.000000
1683737694.522536	Fs3bjp3jAXYjCWG7G7	sha1	8FC25FAB0459496EFCCB5D4D5B196D3C572B09DB	8FE87EF06D326A000523C770976A3A90FF6BEAD4	011F39A2261A993DD15176DA6FE4FBEA	good	-	-	1683697861.000000	1684299961.000000
1683738129.632041	FRzaPa2Gr5H5qQUeki	sha1	D07C43A2A0F778FED080DFF8600E49515C1D05C2	ED4419C0D3F0068BEEA47BBE42E72654C88E3676	40016EFB0A205CFAEBE18F71D73ABB78	good	-	-	1683644594.000000	1684249334.000000
1683738231.180688	Fw28Xe1YkeYztbBls3	sha1	521EE36C478119A9CB03FAB74E57E1197AF1818B	B5760C3011CEC792424D4CC75C2CC8A90CE80B64	12003024DD3EA511E6A77959040000003024DD	good	-	-	1683655203.000000	1684000802.000000
1683738232.524490	FSm0o03mgezS9ECHC6	sha1	C68888133D2295AE3ABEF118877F8A00BA434E3E	0F205DD7A15795DB92CF2BD0C7C27704CE728076	3300A34ECDC0E1FFE4905BA20B000000A34ECD	good	-	-	1683468813.000000	1684334013.000000
1683738232.672497	FMIDfl3xQ10DuWRxu3	sha1	521EE36C478119A9CB03FAB74E57E1197AF1818B	B5760C3011CEC792424D4CC75C2CC8A90CE80B64	12003024DD3EA511E6A77959040000003024DD	good	-	-	1683720002.000000	1684065601.000000
1683738232.715788	FSDHae4sqbHKMoJki1	sha1	E4E395A229D3D4C1C31FF0980C0B4EC0098AABD8	B76BA2EAA8AA848C79EAB4DA0F98B2C59576B9F4	04630FAC0AD3C8AC44FF72DBB3673F4B	good	-	-	1683630542.000000	1684232642.000000
1683738232.717012	Fe8eHgWdZBrXE3n77	sha1	E4E395A229D3D4C1C31FF0980C0B4EC0098AABD8	B76BA2EAA8AA848C79EAB4DA0F98B2C59576B9F4	04630FAC0AD3C8AC44FF72DBB3673F4B	good	-	-	1683630542.000000	1684232642.000000
1683738232.896674	FA0KrD23J6kc4v8nRf	sha1	521EE36C478119A9CB03FAB74E57E1197AF1818B	B5760C3011CEC792424D4CC75C2CC8A90CE80B64	12003024DD3EA511E6A77959040000003024DD	good	-	-	1683601204.000000	1683946803.000000
1683738233.914151	F7BgJ7G223Vdpn0nb	sha1	521EE36C478119A9CB03FAB74E57E1197AF1818B	B5760C3011CEC792424D4CC75C2CC8A90CE80B64	12003024DD3EA511E6A77959040000003024DD	good	-	-	1683460806.000000	1683806405.000000
1683738233.954141	Ffi7uq1FnQ4GQebxh8	sha1	521EE36C478119A9CB03FAB74E57E1197AF1818B	B5760C3011CEC792424D4CC75C2CC8A90CE80B64	12003024DD3EA511E6A77959040000003024DD	good	-	-	1683590412.000000	1683936011.000000
1683738234.701054	FhmM7C2KUXitiK7uEc	sha1	A303C0A8887BD479C4278EB5D7587D3C12C04DA4	FF2F7FE106F438F32DED258D98C2FE0EF66CFCFA	2D0032787213FA84AE5320170C000000327872	good	-	-	1683572402.000000	1683918001.000000
1683738313.712274	FxFSqb3XLautwvheb1	sha1	DFAA12E328B1094193E29F4282CE4740429558A3	B13EC36903F8BF4701D498261A0802EF63642BC3	04E1E7A4DC5CF2F36DC02B42B85D159F	good	-	-	1683658727.000000	1684263527.000000
1683738673.536401	F0nbck495hjoBVsT42	sha1	DFAA12E328B1094193E29F4282CE4740429558A3	B13EC36903F8BF4701D498261A0802EF63642BC3	0C79A944B08C11952092615FE26B1D83	good	-	-	1683658602.000000	1684263402.000000
1683738673.579038	F0AwEHjcRSh1EHEed	sha1	49F4BD8A18BF760698C5DE402D683B716AE4E686	3DD350A5D6A0ADEEF34A600A65D321D4F8F8D60F	08A7E5771FAEDF92CECD92DDF817A682	good	-	-	1683655022.000000	1684257122.000000
1683739031.002264	FgFLBR2OI4QRUGpebg	sha1	105FA67A80089DB5279F35CE830B43889EA3C70D	0F80611C823161D52F28E78D4638B42CE1C6D9E2	0FF7FFAA855B5BA7ED44988D0B4B6EFB	good	-	-	1683351542.000000	1683953642.000000
1683739031.290266	FSjuqB1bAd7FkrVg7l	sha1	105FA67A80089DB5279F35CE830B43889EA3C70D	0F80611C823161D52F28E78D4638B42CE1C6D9E2	0FF7FFAA855B5BA7ED44988D0B4B6EFB	good	-	-	1683437957.000000	1684040057.000000
1683739211.807868	FaH89V1Z8h7glxrxOe	sha1	B757B5B69C07F81623138E90C92A0EBE3201AA31	607B661A450D97CA89502F7D04CD34A8FFFCFD4B	77BD0D6CDB36F91AEA210FC4F058D30D	good	-	-	1683680977.000000	1684026576.000000
1683739211.857923	FPOyu4Wq3CM34ebIg	sha1	3091C2D60F82EA189EDB13B0755D9B046E67F050	E4AF2B26711A2B4827852F52662CEFF08913713E	0203BC53596B34C718F5015066	good	-	-	1680307200.000000	1697328000.000000
1683739211.917082	FQB4Xn351gFgL83Bl2	sha1	C72E798ADDFF6134B3BAED4742B8BBC6C0240763	8A747FAF85CDEE95CD3D9CD0E24614F371351D27	5923830BEB137F780915769D0C8951C1	good	-	-	1683630962.000000	1684232161.000000
1683739466.955744	FY9Czg4goBQgFrEhC8	sha1	0DD55A225F8D2354E325761EEE0D3862F43A9E7B	D5C1673AC2A39DF477525B59123829E65568BBA5	33007F4FB4B3BEDEC32CED91540000007F4FB4	good	-	-	1683551302.000000	1684416502.000000
1683739467.094053	FcbyOs1zxL3MKYYrxj	sha1	105FA67A80089DB5279F35CE830B43889EA3C70D	0F80611C823161D52F28E78D4638B42CE1C6D9E2	088CB98534BC4C31A0554F4DE80AE409	good	-	-	1683481502.000000	1684083602.000000
1683739468.555275	FavOJI2vFuW07aAtCd	sha1	A303C0A8887BD479C4278EB5D7587D3C12C04DA4	FF2F7FE106F438F32DED258D98C2FE0EF66CFCFA	2D00324D74BD1FEAD29F23D16D000000324D74	good	-	-	1683450013.000000	1683795612.000000
1683739477.405559	FgoE2R2iZKzbSKZLNg	sha1	C68888133D2295AE3ABEF118877F8A00BA434E3E	0F205DD7A15795DB92CF2BD0C7C27704CE728076	330099695D4EB46C3C6872AEC400000099695D	good	-	-	1683396813.000000	1684262013.000000
1683739713.154742	FmyFIeuI8Q1tLaiDl	sha1	A303C0A8887BD479C4278EB5D7587D3C12C04DA4	FF2F7FE106F438F32DED258D98C2FE0EF66CFCFA	2D0032787213FA84AE5320170C000000327872	good	-	-	1683691202.000000	1684036801.000000
1683739713.155711	F6dmzv48Dr6176OLkl	sha1	A303C0A8887BD479C4278EB5D7587D3C12C04DA4	FF2F7FE106F438F32DED258D98C2FE0EF66CFCFA	2D0032787213FA84AE5320170C000000327872	good	-	-	1683561602.000000	1683907201.000000
1683739713.390472	FbkflF18CUS9quCmh9	sha1	105FA67A80089DB5279F35CE830B43889EA3C70D	0F80611C823161D52F28E78D4638B42CE1C6D9E2	0D6B31EC02847C2DB9D99C44E60FC46A	good	-	-	1683509582.000000	1684111682.000000
1683739716.554053	FAqpuG3phMIXFfM52f	sha1	A303C0A8887BD479C4278EB5D7587D3C12C04DA4	FF2F7FE106F438F32DED258D98C2FE0EF66CFCFA	2D0032787213FA84AE5320170C000000327872	good	-	-	1683475202.000000	1683820801.000000
1683739719.748460	F7thJE1wDgrUIxqLvl	sha1	105FA67A80089DB5279F35CE830B43889EA3C70D	0F80611C823161D52F28E78D4638B42CE1C6D9E2	056A81578D918CB91D9F3C30CDB4F98D	good	-	-	1683636302.000000	1684238402.000000
1683739719.848119	F4zzj21KXTX1UXdOp7	sha1	C68888133D2295AE3ABEF118877F8A00BA434E3E	0F205DD7A15795DB92CF2BD0C7C27704CE728076	3300A34ECDC0E1FFE4905BA20B000000A34ECD	good	-	-	1683051213.000000	1683916413.000000
1683739719.848148	FsrvCCU6QPL3tj8Ke	sha1	C68888133D2295AE3ABEF118877F8A00BA434E3E	0F205DD7A15795DB92CF2BD0C7C27704CE728076	3300A34ECDC0E1FFE4905BA20B000000A34ECD	good	-	-	1683555213.000000	1684420413.000000
1683739719.870007	F1oxnt3ZMyYF98D3ed	sha1	C68888133D2295AE3ABEF118877F8A00BA434E3E	0F205DD7A15795DB92CF2BD0C7C27704CE728076	3300A34ECDC0E1FFE4905BA20B000000A34ECD	good	-	-	1683209614.000000	1684074814.000000
1683739720.096097	FLt2p115X4S2P1O3v8	sha1	0DD55A225F8D2354E325761EEE0D3862F43A9E7B	D5C1673AC2A39DF477525B59123829E65568BBA5	33009FF0C07A10AE4259368ACC0000009FF0C0	good	-	-	1683565702.000000	1684430902.000000
1683739720.098187	FHX2uBkSIrYTxCbW	sha1	0DD55A225F8D2354E325761EEE0D3862F43A9E7B	D5C1673AC2A39DF477525B59123829E65568BBA5	33009FF0C07A10AE4259368ACC0000009FF0C0	good	-	-	1682975302.000000	1683840502.000000
1683739720.098685	FcNniS3tZNcpKMQba6	sha1	0DD55A225F8D2354E325761EEE0D3862F43A9E7B	D5C1673AC2A39DF477525B59123829E65568BBA5	33009FF0C07A10AE4259368ACC0000009FF0C0	good	-	-	1683637702.000000	1684502902.000000
1683739761.220498	F693H32QoqYX59AJU5	sha1	53B54F6E16A815187849C176725823579954799E	A0110A233E96F107ECE2AF29EF82A57FD030A4B4	67DEF43EF17BDAE24FF5940606D2C084	good	-	-	1683555259.000000	1684160058.000000
1683739761.283636	FJ3g3R2JdhiLvWk9G6	sha1	5E021B686C5CD3BE1691995789DFC41472163D03	BBAF7E023DFAA6F13C848EADEE3898ECD93232D4	36825E7FB5A481937EF6D1736BB93CA6	good	-	-	1683674448.000000	1684279247.000000
1683739769.869741	FRsl5bLoP8g6WebB5	sha1	7239BDE83E9709DD71D98312427F1FAE65B0BF6C	C7B29C7F1CE3B85AEFE9681AA85D94C126526A68	3300A6EE4C5F59CAAFF521F37B000000A6EE4C	good	-	-	1682917774.000000	1683782974.000000
1683739773.408899	FLSMLT3QF87RWI2YS6	sha1	C68888133D2295AE3ABEF118877F8A00BA434E3E	0F205DD7A15795DB92CF2BD0C7C27704CE728076	3300A34ECDC0E1FFE4905BA20B000000A34ECD	good	-	-	1683468813.000000	1684334013.000000
1683739774.216395	FNIcPIkb6ntmzo9b	sha1	C68888133D2295AE3ABEF118877F8A00BA434E3E	0F205DD7A15795DB92CF2BD0C7C27704CE728076	3300A34ECDC0E1FFE4905BA20B000000A34ECD	good	-	-	1683224014.000000	1684089214.000000
1683739893.129604	FDKmCU1P1fZXZVMECa	sha1	C68888133D2295AE3ABEF118877F8A00BA434E3E	0F205DD7A15795DB92CF2BD0C7C27704CE728076	3300A34ECDC0E1FFE4905BA20B000000A34ECD	good	-	-	1683382413.000000	1684247613.000000
1683739893.405923	FR4oIC397y0DZwQY0g	sha1	0DD55A225F8D2354E325761EEE0D3862F43A9E7B	D5C1673AC2A39DF477525B59123829E65568BBA5	33009FF0C07A10AE4259368ACC0000009FF0C0	good	-	-	1683637702.000000	1684502902.000000
1683739952.782899	FcQ8XN1LtwskuTSQGc	sha1	105FA67A80089DB5279F35CE830B43889EA3C70D	0F80611C823161D52F28E78D4638B42CE1C6D9E2	056A81578D918CB91D9F3C30CDB4F98D	good	-	-	1683636302.000000	1684238402.000000
1683740313.050530	FQI9Z61Y6KKjSWcBZ1	sha1	A303C0A8887BD479C4278EB5D7587D3C12C04DA4	FF2F7FE106F438F32DED258D98C2FE0EF66CFCFA	2D0032787213FA84AE5320170C000000327872	good	-	-	1683709201.000000	1684054800.000000
1683740316.240819	FtFLjy2JfboAmQURgc	sha1	C68888133D2295AE3ABEF118877F8A00BA434E3E	0F205DD7A15795DB92CF2BD0C7C27704CE728076	3300A34ECDC0E1FFE4905BA20B000000A34ECD	good	-	-	1682964813.000000	1683830013.000000
1683740316.532838	FRcSfn3ImxpUNqYlz4	sha1	0DD55A225F8D2354E325761EEE0D3862F43A9E7B	D5C1673AC2A39DF477525B59123829E65568BBA5	33009FF0C07A10AE4259368ACC0000009FF0C0	good	-	-	1683637702.000000	1684502902.000000
1683740627.716860	FIBW8v4J9LWHknyQ1b	sha1	A303C0A8887BD479C4278EB5D7587D3C12C04DA4	FF2F7FE106F438F32DED258D98C2FE0EF66CFCFA	2D0032787213FA84AE5320170C000000327872	good	-	-	1683561602.000000	1683907201.000000
1683740627.760766	FZJwid29nx3XhDDYz8	sha1	7239BDE83E9709DD71D98312427F1FAE65B0BF6C	C7B29C7F1CE3B85AEFE9681AA85D94C126526A68	33003E4F01435E87E5DC29FF2B0000003E4F01	good	-	-	1683637774.000000	1684502974.000000
1683740628.066561	FQvCLoIz5n2JV2PIi	sha1	A303C0A8887BD479C4278EB5D7587D3C12C04DA4	FF2F7FE106F438F32DED258D98C2FE0EF66CFCFA	2D0032787213FA84AE5320170C000000327872	good	-	-	1683702004.000000	1684047603.000000
1683740628.066608	F9bYks1IHsPlZQplOi	sha1	A303C0A8887BD479C4278EB5D7587D3C12C04DA4	FF2F7FE106F438F32DED258D98C2FE0EF66CFCFA	2D0032787213FA84AE5320170C000000327872	good	-	-	1683421205.000000	1683766804.000000
1683740628.082475	FKBf3C3MasPIubVyl5	sha1	A303C0A8887BD479C4278EB5D7587D3C12C04DA4	FF2F7FE106F438F32DED258D98C2FE0EF66CFCFA	2D0032787213FA84AE5320170C000000327872	good	-	-	1683669603.000000	1684015202.000000
1683740628.085390	Fzmfkd2oLYo7Qdcil5	sha1	A303C0A8887BD479C4278EB5D7587D3C12C04DA4	FF2F7FE106F438F32DED258D98C2FE0EF66CFCFA	2D0032787213FA84AE5320170C000000327872	good	-	-	1683702004.000000	1684047603.000000
1683740628.136285	F33gwt1ZRx8HQob2J6	sha1	7239BDE83E9709DD71D98312427F1FAE65B0BF6C	C7B29C7F1CE3B85AEFE9681AA85D94C126526A68	33003E4F01435E87E5DC29FF2B0000003E4F01	good	-	-	1683306574.000000	1684171774.000000
1683740628.192851	FNufhk1NcysUbXp66	sha1	7239BDE83E9709DD71D98312427F1FAE65B0BF6C	C7B29C7F1CE3B85AEFE9681AA85D94C126526A68	33003E4F01435E87E5DC29FF2B0000003E4F01	good	-	-	1683464975.000000	1684330175.000000
1683740628.550143	FifThF76YZoBJ3Cxh	sha1	7239BDE83E9709DD71D98312427F1FAE65B0BF6C	C7B29C7F1CE3B85AEFE9681AA85D94C126526A68	33003E4F01435E87E5DC29FF2B0000003E4F01	good	-	-	1683133774.000000	1683998974.000000
1683740628.818701	FeJPTS3Lac4EsYuVwb	sha1	521EE36C478119A9CB03FAB74E57E1197AF1818B	B5760C3011CEC792424D4CC75C2CC8A90CE80B64	12003024DD3EA511E6A77959040000003024DD	good	-	-	1683730803.000000	1684076402.000000
1683740628.912739	FbEkl99bNReVuIAo1	sha1	E4E395A229D3D4C1C31FF0980C0B4EC0098AABD8	B76BA2EAA8AA848C79EAB4DA0F98B2C59576B9F4	04630FAC0AD3C8AC44FF72DBB3673F4B	good	-	-	1683630542.000000	1684232642.000000
1683740629.307318	FV647l4hNFJ7Of3d38	sha1	A303C0A8887BD479C4278EB5D7587D3C12C04DA4	FF2F7FE106F438F32DED258D98C2FE0EF66CFCFA	2D0032787213FA84AE5320170C000000327872	good	-	-	1683453602.000000	1683799201.000000
1683740629.462175	F6sbnez9Df0mnWmJ1	sha1	E4E395A229D3D4C1C31FF0980C0B4EC0098AABD8	B76BA2EAA8AA848C79EAB4DA0F98B2C59576B9F4	04630FAC0AD3C8AC44FF72DBB3673F4B	good	-	-	1683630542.000000	1684232642.000000
1683740687.973812	FzQUZJ2pWYyGiSpi48	sha1	52FECA108DB4E5AB5268930D27C82FF215E24BB5	00AB91FC216226979AA8791B61419060A96267FD	330098710EAC6DE8D7BBFD989F00000098710E	good	-	-	1682892849.000000	1683758049.000000
1683740876.024451	FQtRIt45cBYysHArjg	sha1	105FA67A80089DB5279F35CE830B43889EA3C70D	0F80611C823161D52F28E78D4638B42CE1C6D9E2	0FF7FFAA855B5BA7ED44988D0B4B6EFB	good	-	-	1683610741.000000	1684212841.000000
1683741237.765216	FITLdOIYLQQhmnDW3	sha1	105FA67A80089DB5279F35CE830B43889EA3C70D	0F80611C823161D52F28E78D4638B42CE1C6D9E2	0FF7FFAA855B5BA7ED44988D0B4B6EFB	good	-	-	1683437957.000000	1684040057.000000
1683741237.993912	FG9poC3DX2XrNuFxZb	sha1	105FA67A80089DB5279F35CE830B43889EA3C70D	0F80611C823161D52F28E78D4638B42CE1C6D9E2	0FF7FFAA855B5BA7ED44988D0B4B6EFB	good	-	-	1683697142.000000	1684299242.000000
1683741958.835983	FOjiKS1jePwAk40Gt6	sha1	105FA67A80089DB5279F35CE830B43889EA3C70D	0F80611C823161D52F28E78D4638B42CE1C6D9E2	0FF7FFAA855B5BA7ED44988D0B4B6EFB	good	-	-	1683610741.000000	1684212841.000000
1683743041.809536	FZIpZe3MZq0VREpH1h	sha1	105FA67A80089DB5279F35CE830B43889EA3C70D	0F80611C823161D52F28E78D4638B42CE1C6D9E2	0FF7FFAA855B5BA7ED44988D0B4B6EFB	good	-	-	1683576301.000000	1684178401.000000
1683743042.055529	F4cIS92qFJPNLoDU8	sha1	105FA67A80089DB5279F35CE830B43889EA3C70D	0F80611C823161D52F28E78D4638B42CE1C6D9E2	0FF7FFAA855B5BA7ED44988D0B4B6EFB	good	-	-	1683610741.000000	1684212841.000000
1683743555.852871	F20YMn3t0rjDEcAbb2	sha1	521EE36C478119A9CB03FAB74E57E1197AF1818B	B5760C3011CEC792424D4CC75C2CC8A90CE80B64	12003024DD3EA511E6A77959040000003024DD	good	-	-	1683655203.000000	1684000802.000000
1683743556.021956	FU3TGq2dPUPazL3DY8	sha1	521EE36C478119A9CB03FAB74E57E1197AF1818B	B5760C3011CEC792424D4CC75C2CC8A90CE80B64	12003024DD3EA511E6A77959040000003024DD	good	-	-	1683702005.000000	1684047604.000000
1683743556.488058	FumOsL3XW7oOxcOFK7	sha1	A303C0A8887BD479C4278EB5D7587D3C12C04DA4	FF2F7FE106F438F32DED258D98C2FE0EF66CFCFA	2D0032787213FA84AE5320170C000000327872	good	-	-	1683626402.000000	1683972001.000000
1683743556.501038	FOQNor4VXOZehtWBLb	sha1	E4E395A229D3D4C1C31FF0980C0B4EC0098AABD8	B76BA2EAA8AA848C79EAB4DA0F98B2C59576B9F4	04630FAC0AD3C8AC44FF72DBB3673F4B	good	-	-	1683716941.000000	1684319041.000000
1683743885.795951	FgZaXc2igY93h597v7	sha1	52FECA108DB4E5AB5268930D27C82FF215E24BB5	00AB91FC216226979AA8791B61419060A96267FD	33006EB0D92A195FB5AE6449C20000006EB0D9	good	-	-	1683555250.000000	1684420450.000000
1683744124.307753	FZRCc1d5I7M40T8Se	sha1	105FA67A80089DB5279F35CE830B43889EA3C70D	0F80611C823161D52F28E78D4638B42CE1C6D9E2	0FF7FFAA855B5BA7ED44988D0B4B6EFB	good	-	-	1683610741.000000	1684212841.000000
1683744124.517090	FSp8Z72rVaIKVjKPj3	sha1	105FA67A80089DB5279F35CE830B43889EA3C70D	0F80611C823161D52F28E78D4638B42CE1C6D9E2	0FF7FFAA855B5BA7ED44988D0B4B6EFB	good	-	-	1683351542.000000	1683953642.000000
1683744126.753588	FBEK713mUrArqdcG76	sha1	105FA67A80089DB5279F35CE830B43889EA3C70D	0F80611C823161D52F28E78D4638B42CE1C6D9E2	0FF7FFAA855B5BA7ED44988D0B4B6EFB	good	-	-	1683610741.000000	1684212841.000000
1683744126.966962	FlQqc41f3X35YUJH2k	sha1	105FA67A80089DB5279F35CE830B43889EA3C70D	0F80611C823161D52F28E78D4638B42CE1C6D9E2	0FF7FFAA855B5BA7ED44988D0B4B6EFB	good	-	-	1683610741.000000	1684212841.000000
#close	2026-09-23-18-29-25
