#separator \x09
#set_separator	,
#empty_field	(empty)
#unset_field	-
#path	x509
#open	2026-09-23-18-29-17
#fields	ts	fingerprint	certificate.version	certificate.serial	certificate.subject	certificate.issuer	certificate.not_valid_before	certificate.not_valid_after	certificate.key_alg	certificate.sig_alg	certificate.key_type	certificate.key_length	certificate.exponent	certificate.curve	san.dns	san.uri	san.email	san.ip	basic_constraints.ca	basic_constraints.path_len	host_cert	client_cert
#types	time	string	count	string	string	string	time	time	string	string	string	count	string	string	vector[string]	vector[string]	vector[string]	vector[addr]	bool	count	bool	bool
1671549436.932872	37e96f80e4282402cc4f976667c4239ff5344ecce2785ca3b4db0f7db7895aee	3	4904F25F	O=Internet Widgits Pty Ltd,ST=Some-State,C=AU,CN=localhost	O=Internet Widgits Pty Ltd,ST=Some-State,C=AU,CN=localhost	1670338246.000000	1701874246.000000	rsaEncryption	sha256WithRSAEncryption	rsa	2048	65537	-	-	-	-	-	T	-	T	F
1671549561.896882	643856ed9d2fce5408ca7ba627126996f20ceb0827f6ebd4fe7d80cea7a6a2c5	3	33000001DE1A8917657FBD692C0000000001DE	CN=*.events.data.microsoft.com,OU=WSE,O=Microsoft,L=Redmond,ST=WA,C=US	CN=Microsoft Secure Server CA 2011,O=Microsoft Corporation,L=Redmond,ST=Washington,C=US	1656611956.000000	1696096756.000000	rsaEncryption	sha256WithRSAEncryption	rsa	2048	65537	-	*.events.data.microsoft.com,events.data.microsoft.com,*.vortex-win.data.microsoft.com,vortex-win.data.microsoft.com,*.vortex.data.microsoft.com,vortex.data.microsoft.com,umwatsonc.telemetry.microsoft.com,kmwatsonc.telemetry.microsoft.com,watson.telemetry.microsoft.com,watson.microsoft.com,oca.telemetry.microsoft.com,oca.microsoft.com,*.events.data.microsoft.us,events.data.microsoft.us,*.vortex-win.data.microsoft.us,vortex-win.data.microsoft.us,*.vortex.data.microsoft.us,vortex.data.microsoft.us,umwatsonc.telemetry.microsoft.us,kmwatsonc.telemetry.microsoft.us,watson.telemetry.microsoft.us,watson.microsoft.us,oca.telemetry.microsoft.us,oca.microsoft.us	-	-	-	F	-	T	F
1671549561.896882	83688f2aef71386e0936c4b3013b07e8e0c796d8427716dd48b2a63d79509129	3	613FB718000000000004	CN=Microsoft Secure Server CA 2011,O=Microsoft Corporation,L=Redmond,ST=Washington,C=US	CN=Microsoft Root Certificate Authority 2011,O=Microsoft Corporation,L=Redmond,ST=Washington,C=US	1318978519.000000	1792364719.000000	rsaEncryption	sha256WithRSAEncryption	rsa	4096	65537	-	-	-	-	-	T	-	F	F
1671549622.855643	361cb3a693489b4a12814e0a1c9bd73c375ef4728326abcadf6dddaf597c1b78	3	120024B41D2595BD97BB7E87A600000024B41D	CN=config.officeapps.live.com	CN=Microsoft RSA TLS CA 01,O=Microsoft Corporation,C=US	1646185971.000000	1677721971.000000	rsaEncryption	sha256WithRSAEncryption	rsa	2048	65537	-	config.officeapps.live.com,*.office.microsoft.com,*.officebeta.microsoft.com,office15client.microsoft.com,office14client.microsoft.com,officeclient.microsoft.com,*.officeapps.live.com,config.office.microsoft.com,config-df.officeapps.live.com,*.config-df.officeapps.live.com	-	-	-	-	-	T	F
1671549622.855643	04eeea8e50b4775b3c24797262917ee50002ec4c75b56cdf3ee1c18cfca5ba52	3	0F14965F202069994FD5C7AC788941E2	CN=Microsoft RSA TLS CA 01,O=Microsoft Corporation,C=US	CN=Baltimore CyberTrust Root,OU=CyberTrust,O=Baltimore,C=IE	1595372400.000000	1728370800.000000	rsaEncryption	sha256WithRSAEncryption	rsa	4096	65537	-	-	-	-	-	T	0	F	F
1671550592.152011	8f4cb83bf5f736d3f9a1119216ec469ed2270a9c6972f846424ce295d1c8c768	3	33000001E21FEF346D38B5FB580000000001E2	CN=settings-win.data.microsoft.com,OU=WSE,O=Microsoft,L=Redmond,ST=WA,C=US	CN=Microsoft Secure Server CA 2011,O=Microsoft Corporation,L=Redmond,ST=Washington,C=US	1656611963.000000	1696096763.000000	rsaEncryption	sha256WithRSAEncryption	rsa	2048	65537	-	settings-win.data.microsoft.com	-	-	-	F	-	T	F
1671551546.272958	d341ec2ad896c2fc9b0929b5bfddfbbc461515deef812c9f6984fc1b81e31095	3	0E599ED52CBDE820B0C3231CE9D191C1	CN=mrodevicemgr.officeapps.live.com,O=Microsoft Corporation,L=Redmond,ST=Washington,C=US	CN=DigiCert Cloud Services CA-1,O=DigiCert Inc,C=US	1652918400.000000	1684540799.000000	rsaEncryption	sha256WithRSAEncryption	rsa	2048	65537	-	mrodevicemgr.officeapps.live.com,*.mrodevicemgr.officeapps.live.com	-	-	-	F	-	T	F
1671551546.272958	2f6889961a7ca7067e8ba103c2cf9b9a924f8ca293f11178e23a1978d2f133d3	3	019EC1C6BD3F597BB20C3338E551D877	CN=DigiCert Cloud Services CA-1,O=DigiCert Inc,C=US	CN=DigiCert Global Root CA,OU=www.digicert.com,O=DigiCert Inc,C=US	1438689600.000000	1912075200.000000	rsaEncryption	sha256WithRSAEncryption	rsa	2048	65537	-	-	-	-	-	T	0	F	F
1671552813.237537	a7c0e8a5e15ab62357995645ff0ab783a24457410ea85547e9adb7ed8cec8cc2	3	852FE0455A1B412D853C3FA6B6A4C42B	CN=xedefeg.com	CN=Sectigo RSA Domain Validation Secure Server CA,O=Sectigo Limited,L=Salford,ST=Greater Manchester,C=GB	1670889600.000000	1702511999.000000	rsaEncryption	sha256WithRSAEncryption	rsa	2048	65537	-	xedefeg.com,www.xedefeg.com	-	-	-	F	-	T	F
1671552954.694090	7392d4d2dd029017d899359a4a1ad021cad2e656da43da7fecf3a4e96781fa5b	3	330062511D9FBBADEE6195C59C00000062511D	CN=*.wns.windows.com,O=Microsoft Corporation,L=Redmond,ST=WA,C=US	CN=Microsoft Azure TLS Issuing CA 05,O=Microsoft Corporation,C=US	1666287640.000000	1681839640.000000	rsaEncryption	sha384WithRSAEncryption	rsa	2048	65537	-	*.wns.windows.com	-	-	-	F	-	T	F
1671552954.694090	d6831ba43607f5ac19778d627531562af55145f191cab5efafa0e0005442b302	3	0D7BEDE97D8209967A52631B8BDD18BD	CN=Microsoft Azure TLS Issuing CA 05,O=Microsoft Corporation,C=US	CN=DigiCert Global Root G2,OU=www.digicert.com,O=DigiCert Inc,C=US	1596025800.000000	1719532799.000000	rsaEncryption	sha384WithRSAEncryption	rsa	4096	65537	-	-	-	-	-	T	0	F	F
1671554284.729438	071baf0dbaf8f57550f5cade90a64a220270660a34c6a4171497f5403507900a	3	12002C65A2F35261A1DCCFD40E0000002C65A2	CN=nexusrules.officeapps.live.com	CN=Microsoft RSA TLS CA 01,O=Microsoft Corporation,C=US	1653434874.000000	1684970874.000000	rsaEncryption	sha256WithRSAEncryption	rsa	2048	65537	-	nexusrules.officeapps.live.com,*.nexusrules.officeapps.live.com,nexusrules.edog.officeapps.live.com,*.nexusrules.edog.officeapps.live.com	-	-	-	-	-	T	F
#close	2026-09-23-18-29-17
