#separator \x09
#set_separator	,
#empty_field	(empty)
#unset_field	-
#path	weird
#open	2026-09-23-12-45-54
#fields	ts	uid	id.orig_h	id.orig_p	id.resp_h	id.resp_p	name	addl	notice	peer	source
#types	time	string	addr	port	addr	port	string	string	bool	string	string
1732212833.718308	-	-	-	-	-	ip_hdr_len_zero	-	F	zeek	IP
1732212838.788287	C7X8yXkLBwgfyCLV4	10.0.0.4	56766	23.222.193.6	443	QUIC_spurious_short_header_packet_threshold_crossed	1	F	zeek	-
1732212847.380669	CAWaVJ3Q7TX7h8rE96	40.87.160.0	23456	10.0.0.4	24042	connection_originator_SYN_ack	-	F	zeek	TCP
1732212888.794229	CgBop34wAzL9JP3lb1	40.87.172.0	23456	10.0.0.4	24593	connection_originator_SYN_ack	-	F	zeek	TCP
1732213443.527455	-	-	-	-	-	ip_hdr_len_zero	-	F	zeek	IP
1732213450.900915	CP6d6o1wlrI9cp6UZ5	40.80.44.0	23456	10.0.0.4	27093	connection_originator_SYN_ack	-	F	zeek	TCP
1732214054.162643	-	-	-	-	-	ip_hdr_len_zero	-	F	zeek	IP
1732214669.635901	-	-	-	-	-	ip_hdr_len_zero	-	F	zeek	IP
1732215285.219595	-	-	-	-	-	ip_hdr_len_zero	-	F	zeek	IP
1732215734.603343	CM6lpk35kvDGTHaKed	10.0.0.4	49762	168.63.129.16	32526	line_terminated_with_single_CR	-	F	zeek	CONTENTLINE
1732215900.759006	-	-	-	-	-	ip_hdr_len_zero	-	F	zeek	IP
1732216516.349791	-	-	-	-	-	ip_hdr_len_zero	-	F	zeek	IP
1732217117.421827	-	-	-	-	-	ip_hdr_len_zero	-	F	zeek	IP
1732217732.845339	-	-	-	-	-	ip_hdr_len_zero	-	F	zeek	IP
1732218348.296163	-	-	-	-	-	ip_hdr_len_zero	-	F	zeek	IP
1732218963.822461	-	-	-	-	-	ip_hdr_len_zero	-	F	zeek	IP
1732219564.861720	-	-	-	-	-	ip_hdr_len_zero	-	F	zeek	IP
1732220112.030037	CwxKED1gMrqqx5W2ul	139.144.52.241	47052	10.0.0.4	8808	invalid_http_09_request_method	OPTIONS	F	zeek	HTTP
1732220159.823911	C4HNUB4qFcXfiQZWFe	139.144.52.241	57384	10.0.0.4	8808	invalid_http_09_request_method	OPTIONS	F	zeek	HTTP
1732220177.251791	-	-	-	-	-	ip_hdr_len_zero	-	F	zeek	IP
1732220780.867765	-	-	-	-	-	ip_hdr_len_zero	-	F	zeek	IP
1732221396.367921	-	-	-	-	-	ip_hdr_len_zero	-	F	zeek	IP
1732222011.799131	-	-	-	-	-	ip_hdr_len_zero	-	F	zeek	IP
1732223038.906474	-	-	-	-	-	ip_hdr_len_zero	-	F	zeek	IP
1732223648.194462	-	-	-	-	-	ip_hdr_len_zero	-	F	zeek	IP
1732224265.515498	-	-	-	-	-	ip_hdr_len_zero	-	F	zeek	IP
1732224881.049269	-	-	-	-	-	ip_hdr_len_zero	-	F	zeek	IP
1732225496.547735	-	-	-	-	-	ip_hdr_len_zero	-	F	zeek	IP
1732226112.095062	-	-	-	-	-	ip_hdr_len_zero	-	F	zeek	IP
1732227253.528915	-	-	-	-	-	ip_hdr_len_zero	-	F	zeek	IP
1732227869.056634	-	-	-	-	-	ip_hdr_len_zero	-	F	zeek	IP
1732228484.570846	-	-	-	-	-	ip_hdr_len_zero	-	F	zeek	IP
1732229100.115499	-	-	-	-	-	ip_hdr_len_zero	-	F	zeek	IP
1732229715.548493	-	-	-	-	-	ip_hdr_len_zero	-	F	zeek	IP
1732230331.060235	-	-	-	-	-	ip_hdr_len_zero	-	F	zeek	IP
1732230931.580451	-	-	-	-	-	ip_hdr_len_zero	-	F	zeek	IP
1732231547.143790	-	-	-	-	-	ip_hdr_len_zero	-	F	zeek	IP
1732232162.653860	-	-	-	-	-	ip_hdr_len_zero	-	F	zeek	IP
1732232763.112199	-	-	-	-	-	ip_hdr_len_zero	-	F	zeek	IP
1732233378.550683	-	-	-	-	-	ip_hdr_len_zero	-	F	zeek	IP
1732233982.919452	-	-	-	-	-	ip_hdr_len_zero	-	F	zeek	IP
1732234596.112182	-	-	-	-	-	ip_hdr_len_zero	-	F	zeek	IP
1732235211.647147	-	-	-	-	-	ip_hdr_len_zero	-	F	zeek	IP
1732236262.551257	-	-	-	-	-	ip_hdr_len_zero	-	F	zeek	IP
1732236863.072714	-	-	-	-	-	ip_hdr_len_zero	-	F	zeek	IP
1732237478.609098	-	-	-	-	-	ip_hdr_len_zero	-	F	zeek	IP
1732238079.125463	-	-	-	-	-	ip_hdr_len_zero	-	F	zeek	IP
1732238694.613151	-	-	-	-	-	ip_hdr_len_zero	-	F	zeek	IP
1732239310.213775	-	-	-	-	-	ip_hdr_len_zero	-	F	zeek	IP
1732239925.784613	-	-	-	-	-	ip_hdr_len_zero	-	F	zeek	IP
1732240541.376968	-	-	-	-	-	ip_hdr_len_zero	-	F	zeek	IP
1732241156.953306	-	-	-	-	-	ip_hdr_len_zero	-	F	zeek	IP
1732241772.493038	-	-	-	-	-	ip_hdr_len_zero	-	F	zeek	IP
1732242373.075060	-	-	-	-	-	ip_hdr_len_zero	-	F	zeek	IP
1732242989.459709	-	-	-	-	-	ip_hdr_len_zero	-	F	zeek	IP
1732243605.934513	-	-	-	-	-	ip_hdr_len_zero	-	F	zeek	IP
1732244671.880816	-	-	-	-	-	ip_hdr_len_zero	-	F	zeek	IP
1732245272.651532	-	-	-	-	-	ip_hdr_len_zero	-	F	zeek	IP
1732245888.168488	-	-	-	-	-	ip_hdr_len_zero	-	F	zeek	IP
1732246503.681698	-	-	-	-	-	ip_hdr_len_zero	-	F	zeek	IP
1732247119.234894	-	-	-	-	-	ip_hdr_len_zero	-	F	zeek	IP
1732247734.644108	-	-	-	-	-	ip_hdr_len_zero	-	F	zeek	IP
1732248350.092510	-	-	-	-	-	ip_hdr_len_zero	-	F	zeek	IP
1732248965.548446	-	-	-	-	-	ip_hdr_len_zero	-	F	zeek	IP
1732249581.104166	-	-	-	-	-	ip_hdr_len_zero	-	F	zeek	IP
1732250191.260314	-	-	-	-	-	ip_hdr_len_zero	-	F	zeek	IP
1732251277.392689	-	-	-	-	-	ip_hdr_len_zero	-	F	zeek	IP
1732251892.897790	-	-	-	-	-	ip_hdr_len_zero	-	F	zeek	IP
1732252508.383125	-	-	-	-	-	ip_hdr_len_zero	-	F	zeek	IP
1732253126.178315	-	-	-	-	-	ip_hdr_len_zero	-	F	zeek	IP
1732253741.642331	-	-	-	-	-	ip_hdr_len_zero	-	F	zeek	IP
1732254351.590469	-	-	-	-	-	ip_hdr_len_zero	-	F	zeek	IP
1732254972.687662	-	-	-	-	-	ip_hdr_len_zero	-	F	zeek	IP
1732255573.207048	-	-	-	-	-	ip_hdr_len_zero	-	F	zeek	IP
1732256188.774432	-	-	-	-	-	ip_hdr_len_zero	-	F	zeek	IP
1732256804.348995	-	-	-	-	-	ip_hdr_len_zero	-	F	zeek	IP
1732257420.535725	-	-	-	-	-	ip_hdr_len_zero	-	F	zeek	IP
1732258036.010438	-	-	-	-	-	ip_hdr_len_zero	-	F	zeek	IP
1732259086.820126	-	-	-	-	-	ip_hdr_len_zero	-	F	zeek	IP
1732259702.760199	-	-	-	-	-	ip_hdr_len_zero	-	F	zeek	IP
1732260318.167534	-	-	-	-	-	ip_hdr_len_zero	-	F	zeek	IP
1732260933.590369	-	-	-	-	-	ip_hdr_len_zero	-	F	zeek	IP
1732261550.063819	-	-	-	-	-	ip_hdr_len_zero	-	F	zeek	IP
1732262165.661780	-	-	-	-	-	ip_hdr_len_zero	-	F	zeek	IP
1732262777.956837	-	-	-	-	-	ip_hdr_len_zero	-	F	zeek	IP
1732263396.816010	-	-	-	-	-	ip_hdr_len_zero	-	F	zeek	IP
1732264015.283382	-	-	-	-	-	ip_hdr_len_zero	-	F	zeek	IP
1732264630.764521	-	-	-	-	-	ip_hdr_len_zero	-	F	zeek	IP
1732265246.331079	-	-	-	-	-	ip_hdr_len_zero	-	F	zeek	IP
1732265861.878003	-	-	-	-	-	ip_hdr_len_zero	-	F	zeek	IP
1732266477.321181	-	-	-	-	-	ip_hdr_len_zero	-	F	zeek	IP
1732267092.751703	-	-	-	-	-	ip_hdr_len_zero	-	F	zeek	IP
1732267703.750881	-	-	-	-	-	ip_hdr_len_zero	-	F	zeek	IP
1732268308.481554	-	-	-	-	-	ip_hdr_len_zero	-	F	zeek	IP
1732269300.191358	-	-	-	-	-	ip_hdr_len_zero	-	F	zeek	IP
1732269915.825048	-	-	-	-	-	ip_hdr_len_zero	-	F	zeek	IP
1732270531.410237	-	-	-	-	-	ip_hdr_len_zero	-	F	zeek	IP
1732271146.930984	-	-	-	-	-	ip_hdr_len_zero	-	F	zeek	IP
1732271762.444091	-	-	-	-	-	ip_hdr_len_zero	-	F	zeek	IP
1732272362.940449	-	-	-	-	-	ip_hdr_len_zero	-	F	zeek	IP
1732272978.444723	-	-	-	-	-	ip_hdr_len_zero	-	F	zeek	IP
1732273580.300282	-	-	-	-	-	ip_hdr_len_zero	-	F	zeek	IP
1732273910.318848	CKPFIS2w5TylTO8pu5	184.105.247.251	52939	10.0.0.4	80	possible_split_routing	-	F	zeek	-
1732273910.318848	CKPFIS2w5TylTO8pu5	184.105.247.251	52939	10.0.0.4	80	data_before_established	-	F	zeek	TCP
1732274704.950669	-	-	-	-	-	ip_hdr_len_zero	-	F	zeek	IP
1732275320.504868	-	-	-	-	-	ip_hdr_len_zero	-	F	zeek	IP
1732275936.036765	-	-	-	-	-	ip_hdr_len_zero	-	F	zeek	IP
1732276551.511809	-	-	-	-	-	ip_hdr_len_zero	-	F	zeek	IP
1732277167.303239	-	-	-	-	-	ip_hdr_len_zero	-	F	zeek	IP
1732278308.272390	-	-	-	-	-	ip_hdr_len_zero	-	F	zeek	IP
1732278923.846432	-	-	-	-	-	ip_hdr_len_zero	-	F	zeek	IP
1732279539.400492	-	-	-	-	-	ip_hdr_len_zero	-	F	zeek	IP
1732280155.031295	-	-	-	-	-	ip_hdr_len_zero	-	F	zeek	IP
1732280755.498093	-	-	-	-	-	ip_hdr_len_zero	-	F	zeek	IP
1732281356.090892	-	-	-	-	-	ip_hdr_len_zero	-	F	zeek	IP
1732281973.879365	-	-	-	-	-	ip_hdr_len_zero	-	F	zeek	IP
1732282589.358993	-	-	-	-	-	ip_hdr_len_zero	-	F	zeek	IP
1732283204.885203	-	-	-	-	-	ip_hdr_len_zero	-	F	zeek	IP
1732283820.617418	-	-	-	-	-	ip_hdr_len_zero	-	F	zeek	IP
1732284421.143768	-	-	-	-	-	ip_hdr_len_zero	-	F	zeek	IP
1732285021.812342	-	-	-	-	-	ip_hdr_len_zero	-	F	zeek	IP
1732285637.356790	-	-	-	-	-	ip_hdr_len_zero	-	F	zeek	IP
1732286252.793137	-	-	-	-	-	ip_hdr_len_zero	-	F	zeek	IP
1732286868.286618	-	-	-	-	-	ip_hdr_len_zero	-	F	zeek	IP
1732287483.804927	-	-	-	-	-	ip_hdr_len_zero	-	F	zeek	IP
1732288099.445820	-	-	-	-	-	ip_hdr_len_zero	-	F	zeek	IP
1732288707.655794	-	-	-	-	-	ip_hdr_len_zero	-	F	zeek	IP
1732289315.346626	-	-	-	-	-	ip_hdr_len_zero	-	F	zeek	IP
1732289930.846607	-	-	-	-	-	ip_hdr_len_zero	-	F	zeek	IP
1732290546.427552	-	-	-	-	-	ip_hdr_len_zero	-	F	zeek	IP
1732291522.177645	-	-	-	-	-	ip_hdr_len_zero	-	F	zeek	IP
1732292137.720288	-	-	-	-	-	ip_hdr_len_zero	-	F	zeek	IP
1732292754.151673	-	-	-	-	-	ip_hdr_len_zero	-	F	zeek	IP
1732293369.671490	-	-	-	-	-	ip_hdr_len_zero	-	F	zeek	IP
1732293970.159625	-	-	-	-	-	ip_hdr_len_zero	-	F	zeek	IP
1732294581.226426	-	-	-	-	-	ip_hdr_len_zero	-	F	zeek	IP
1732295184.901831	-	-	-	-	-	ip_hdr_len_zero	-	F	zeek	IP
1732295801.697528	-	-	-	-	-	ip_hdr_len_zero	-	F	zeek	IP
1732296417.280281	-	-	-	-	-	ip_hdr_len_zero	-	F	zeek	IP
1732297032.817540	-	-	-	-	-	ip_hdr_len_zero	-	F	zeek	IP
1732297648.271106	-	-	-	-	-	ip_hdr_len_zero	-	F	zeek	IP
1732298255.571094	-	-	-	-	-	ip_hdr_len_zero	-	F	zeek	IP
1732298864.271457	-	-	-	-	-	ip_hdr_len_zero	-	F	zeek	IP
#close	2026-09-23-12-52-22
