#separator \x09
#set_separator	,
#empty_field	(empty)
#unset_field	-
#path	ocsp
#open	2026-09-23-18-29-13
#fields	ts	id	hashAlgorithm	issuerNameHash	issuerKeyHash	serialNumber	certStatus	revoketime	revokereason	thisUpdate	nextUpdate
#types	time	string	string	string	string	string	string	time	string	time	time
1669647419.509769	FExzcezmsBphw1wp3	sha1	0DD55A225F8D2354E325761EEE0D3862F43A9E7B	D5C1673AC2A39DF477525B59123829E65568BBA5	33004E4226268D6178477119A60000004E4226	good	-	-	1669482503.000000	1669996211.000000
1669648423.949366	FNkPRqj6QuR0wjy0k	sha1	105FA67A80089DB5279F35CE830B43889EA3C70D	0F80611C823161D52F28E78D4638B42CE1C6D9E2	0CCF6053C7DC9F92B75E46FA2F170BC5	good	-	-	1669253582.000000	1669855682.000000
1669648424.713355	Fr0h0V1cC8aqog3aK6	sha1	48B6A9E21293B3C020B12ACE4E73649A3C67DC9B	DD51D0A23173A973AE8FB4017E5D8C57CB9FF0F7	0D925A134BF9EAAF78A182E426B9C68B	good	-	-	1669603862.000000	1670205962.000000
1669648498.077810	FXKIxx4ndygdxhDhxg	sha1	7239BDE83E9709DD71D98312427F1FAE65B0BF6C	C7B29C7F1CE3B85AEFE9681AA85D94C126526A68	33004F66E438FC239720007C200000004F66E4	good	-	-	1669424975.000000	1669823407.000000
1669651768.440109	FGAxIM2JeGNrVE5gJ1	sha1	52FECA108DB4E5AB5268930D27C82FF215E24BB5	00AB91FC216226979AA8791B61419060A96267FD	33006357665F9E4ED3B7989A19000000635766	good	-	-	1669486449.000000	1669996208.000000
1669651771.513632	FRQessD544koXAH44	sha1	0DD55A225F8D2354E325761EEE0D3862F43A9E7B	D5C1673AC2A39DF477525B59123829E65568BBA5	33005C6220BE5365974CA1782D0000005C6220	good	-	-	1669410502.000000	1669823408.000000
1669651792.077017	F0V2W34c20SZ3dqiH9	sha1	521EE36C478119A9CB03FAB74E57E1197AF1818B	B5760C3011CEC792424D4CC75C2CC8A90CE80B64	12003024DD3EA511E6A77959040000003024DD	good	-	-	1669446004.000000	1669791603.000000
1669651792.456310	FMXkBN3XlDEh9LrdRi	sha1	521EE36C478119A9CB03FAB74E57E1197AF1818B	B5760C3011CEC792424D4CC75C2CC8A90CE80B64	12003024DD3EA511E6A77959040000003024DD	good	-	-	1669510824.000000	1669856423.000000
1669651792.643448	FuIVhG2wOivzJSwwHh	sha1	A303C0A8887BD479C4278EB5D7587D3C12C04DA4	FF2F7FE106F438F32DED258D98C2FE0EF66CFCFA	2D00316C0FC0FA5C3FD6C2C300000000316C0F	good	-	-	1669482004.000000	1669827603.000000
1669651792.643517	FZoVUB4Mz8ExRILOUb	sha1	E4E395A229D3D4C1C31FF0980C0B4EC0098AABD8	B76BA2EAA8AA848C79EAB4DA0F98B2C59576B9F4	04630FAC0AD3C8AC44FF72DBB3673F4B	good	-	-	1669291742.000000	1669893842.000000
1669651792.646994	Fr8z2J2yl7VwWsu0Yk	sha1	C68888133D2295AE3ABEF118877F8A00BA434E3E	0F205DD7A15795DB92CF2BD0C7C27704CE728076	33004C68509C21F64B93190B040000004C6850	good	-	-	1669414413.000000	1669823406.000000
1669651792.712955	FSoq44Px613C31Ksc	sha1	A303C0A8887BD479C4278EB5D7587D3C12C04DA4	FF2F7FE106F438F32DED258D98C2FE0EF66CFCFA	2D00316C0FC0FA5C3FD6C2C300000000316C0F	good	-	-	1669492812.000000	1669838411.000000
1669651793.260065	FMbMaV3NIWutohNnhg	sha1	0DD55A225F8D2354E325761EEE0D3862F43A9E7B	D5C1673AC2A39DF477525B59123829E65568BBA5	33005C6220BE5365974CA1782D0000005C6220	good	-	-	1669396102.000000	1669823408.000000
1669651793.277690	FNkYAx37e4owduJi6f	sha1	0DD55A225F8D2354E325761EEE0D3862F43A9E7B	D5C1673AC2A39DF477525B59123829E65568BBA5	33004B92E349187683E312410F0000004B92E3	good	-	-	1669496903.000000	1669996211.000000
1669651793.278379	Fza0QG3xx4RaUdNMti	sha1	0DD55A225F8D2354E325761EEE0D3862F43A9E7B	D5C1673AC2A39DF477525B59123829E65568BBA5	33004B92E349187683E312410F0000004B92E3	good	-	-	1669496903.000000	1669996211.000000
1669651793.311670	FJKKiN2uMQoPOM62Hf	sha1	A303C0A8887BD479C4278EB5D7587D3C12C04DA4	FF2F7FE106F438F32DED258D98C2FE0EF66CFCFA	2D00316C0FC0FA5C3FD6C2C300000000316C0F	good	-	-	1669503603.000000	1669849202.000000
1669651793.352774	Ffs78d38BorWnmzxe4	sha1	A303C0A8887BD479C4278EB5D7587D3C12C04DA4	FF2F7FE106F438F32DED258D98C2FE0EF66CFCFA	2D00316C0FC0FA5C3FD6C2C300000000316C0F	good	-	-	1669482004.000000	1669827603.000000
1669651793.367736	FEQhT54fbycpiqlZL2	sha1	7239BDE83E9709DD71D98312427F1FAE65B0BF6C	C7B29C7F1CE3B85AEFE9681AA85D94C126526A68	33004F66F1E2B67D077C10E85E0000004F66F1	good	-	-	1669496975.000000	1669996210.000000
1669651793.393535	Fl54lw4I237eTVrzL4	sha1	7239BDE83E9709DD71D98312427F1FAE65B0BF6C	C7B29C7F1CE3B85AEFE9681AA85D94C126526A68	33004F66F1E2B67D077C10E85E0000004F66F1	good	-	-	1669410574.000000	1669823407.000000
1669651793.393617	Ft9ITC3dLyXBWUUnA7	sha1	7239BDE83E9709DD71D98312427F1FAE65B0BF6C	C7B29C7F1CE3B85AEFE9681AA85D94C126526A68	33004F66F1E2B67D077C10E85E0000004F66F1	good	-	-	1669568974.000000	1669996210.000000
1669651809.912434	FCEwDx4jXnvIEext67	sha1	A87E303106E4E88565CFE952598FA6DA7C00532F	246E2B2DD06A925151256901AA9A47A689E74020	05BADBA67F40AB0DB2968C4228BF9540	good	-	-	1669558501.000000	1670160601.000000
1669651811.626536	FexnNk1hRRjrqKluGa	sha1	33F5AAC61D66E7055D03173A4D1F3E187138850D	59A4660652A07B95923CA394072796745BF93DD0	0D83FD8691738016C07DF6D234A676C2	good	-	-	1669603501.000000	1670205601.000000
1669651811.638850	Fk0jFE17EvrqFgZEoi	sha1	33F5AAC61D66E7055D03173A4D1F3E187138850D	59A4660652A07B95923CA394072796745BF93DD0	0D83FD8691738016C07DF6D234A676C2	good	-	-	1669603501.000000	1670205601.000000
1669651811.862448	FgRe0knMrctoEtuR5	sha1	33F5AAC61D66E7055D03173A4D1F3E187138850D	59A4660652A07B95923CA394072796745BF93DD0	016FF95189E23CB7B7D2452F67551025	good	-	-	1669620061.000000	1670222161.000000
1669651811.961823	FsQFRB23b3HlgHEtkb	sha1	33F5AAC61D66E7055D03173A4D1F3E187138850D	59A4660652A07B95923CA394072796745BF93DD0	016FF95189E23CB7B7D2452F67551025	good	-	-	1669620061.000000	1670222161.000000
1669651812.222699	FxQYvx3XQ8EITb1azk	sha1	33F5AAC61D66E7055D03173A4D1F3E187138850D	59A4660652A07B95923CA394072796745BF93DD0	0824EA3704F68568502AD8AEB94D310D	good	-	-	1669572541.000000	1670174641.000000
1669651813.307136	FGn39p3LpjHC9w5MJe	sha1	2B1D1E98CCF37604D6C1C8BD15A224C804130038	0ABC0829178CA5396D7A0ECE33C72EB3EDFBC37A	0D142FDBC52E988FC521E2359802281C	good	-	-	1669600981.000000	1670203081.000000
1669651813.389103	FwY0Qa3yg28iyOdc4d	sha1	2B1D1E98CCF37604D6C1C8BD15A224C804130038	0ABC0829178CA5396D7A0ECE33C72EB3EDFBC37A	0D142FDBC52E988FC521E2359802281C	good	-	-	1669600981.000000	1670203081.000000
1669651828.674772	F882nZ1IYK5w7RB2zk	sha1	0DD55A225F8D2354E325761EEE0D3862F43A9E7B	D5C1673AC2A39DF477525B59123829E65568BBA5	33005C6220BE5365974CA1782D0000005C6220	good	-	-	1669324102.000000	1669823408.000000
1669651849.033627	FMUQ6a3bbUAybciZFd	sha1	7239BDE83E9709DD71D98312427F1FAE65B0BF6C	C7B29C7F1CE3B85AEFE9681AA85D94C126526A68	33004F66F1E2B67D077C10E85E0000004F66F1	good	-	-	1669324174.000000	1669823407.000000
1669651960.757590	FvCTXIKSzvGKOWLb	sha1	521EE36C478119A9CB03FAB74E57E1197AF1818B	B5760C3011CEC792424D4CC75C2CC8A90CE80B64	12002C65A2F35261A1DCCFD40E0000002C65A2	good	-	-	1669446004.000000	1669791603.000000
#close	2026-09-23-18-29-14
