#separator \x09
#set_separator	,
#empty_field	(empty)
#unset_field	-
#path	ocsp
#open	2026-09-23-12-45-54
#fields	ts	id	hashAlgorithm	issuerNameHash	issuerKeyHash	serialNumber	certStatus	revoketime	revokereason	thisUpdate	nextUpdate
#types	time	string	string	string	string	string	string	time	string	time	time
1732212906.468945	FymWjU1d0oDCkuxRJ8	sha1	E475019DC323E226741D6C40390795F90596462E	3B70D153E976259D60A8CA660FC69BAE6F54166A	3300E258497850FC6287B76F2C000000E25849	good	-	-	1732025588.000000	1732717988.000000
1732212914.750158	F5mjPA3xMNGdGJX2P3	sha1	E475019DC323E226741D6C40390795F90596462E	3B70D153E976259D60A8CA660FC69BAE6F54166A	3300502432632DDA01121C9952000000502432	good	-	-	1732025588.000000	1732717988.000000
1732212915.523306	FliD3ybQrm3z4a2Nd	sha1	7624DB6BD09C44BD8C92A5BC8159AA8199E6A50A	CE15163BEA02A3A66BDAD92BFDE58C52BE7A50A8	33009A9BEFCFDB2EFBDF70244D0000009A9BEF	good	-	-	1731863415.000000	1732555815.000000
1732212916.915380	Fvs5UB47OzF5EraRib	sha1	5060343D3B34B7408B5B64FD1D09C5346FF833F2	C35EAC4076C0064DE32B9499306073349829C651	33000017BD223B21D42E09095D0000000017BD	good	-	-	1731604241.000000	1732296641.000000
1732213040.687433	F4hlPB4d1RdYDwUL53	sha1	1BC66318D19B621575EEB02B7469CD52D59A2AE2	F67E2FBD80A34AB2705BEBDF9A1FD8EDCA618007	3300A79020695BD5158FCA65AB000000A79020	good	-	-	1731604204.000000	1732296604.000000
1732214119.904359	FkZHFC2KmQZNRMaOn2	sha1	E475019DC323E226741D6C40390795F90596462E	3B70D153E976259D60A8CA660FC69BAE6F54166A	3300CF72681A9A7F2CECE32778000000CF7268	good	-	-	1732111988.000000	1732804388.000000
1732214336.582623	FD29m31zTGI6UuXaW1	sha1	B34FFCEAC1CA8DBE13FD8B8738B023F3D896F3AC	FE09714055051044D8A48175B89E1AE94A0688C8	3300C0DA4E721F51BFD16120A2000000C0DA4E	good	-	-	1731780788.000000	1732473188.000000
1732215293.351445	FOmne93hG86xH6xwYa	sha1	E475019DC323E226741D6C40390795F90596462E	3B70D153E976259D60A8CA660FC69BAE6F54166A	3300E258497850FC6287B76F2C000000E25849	good	-	-	1731607989.000000	1732300389.000000
1732215295.680023	FktDML1ZoaHoTcmUH2	sha1	E475019DC323E226741D6C40390795F90596462E	3B70D153E976259D60A8CA660FC69BAE6F54166A	3300E258497850FC6287B76F2C000000E25849	good	-	-	1731607989.000000	1732300389.000000
1732215882.313112	F4wbTpQOSdiY6yjzb	sha1	E475019DC323E226741D6C40390795F90596462E	3B70D153E976259D60A8CA660FC69BAE6F54166A	3300CF72681A9A7F2CECE32778000000CF7268	good	-	-	1732111988.000000	1732804388.000000
1732215885.446191	FPTGQP2Rttgkfagfjl	sha1	E475019DC323E226741D6C40390795F90596462E	3B70D153E976259D60A8CA660FC69BAE6F54166A	330033AA11477CE3B3656C5FB300000033AA11	good	-	-	1731780789.000000	1732473189.000000
1732215885.489896	FC8CFb19bKN0TZyp7f	sha1	7624DB6BD09C44BD8C92A5BC8159AA8199E6A50A	CE15163BEA02A3A66BDAD92BFDE58C52BE7A50A8	33003435152F23E2477DC0CD90000000343515	good	-	-	1731604215.000000	1732296615.000000
1732215885.611292	F9gG2V1ZHJALlvcX73	sha1	B34FFCEAC1CA8DBE13FD8B8738B023F3D896F3AC	FE09714055051044D8A48175B89E1AE94A0688C8	3300C0DA4E721F51BFD16120A2000000C0DA4E	good	-	-	1732111988.000000	1732804388.000000
1732215919.994319	FFNIwO2tEF97R4G8Sg	sha1	E475019DC323E226741D6C40390795F90596462E	3B70D153E976259D60A8CA660FC69BAE6F54166A	3300B5AA51DDFB16FEE0BFDB7C000000B5AA51	good	-	-	1732025588.000000	1732717988.000000
1732215947.776594	Fruu774QzUlip0gTAe	sha1	E475019DC323E226741D6C40390795F90596462E	3B70D153E976259D60A8CA660FC69BAE6F54166A	3300CF72681A9A7F2CECE32778000000CF7268	good	-	-	1732111988.000000	1732804388.000000
1732215968.015852	FUN5uq1dHQ3NUkGi25	sha1	105FA67A80089DB5279F35CE830B43889EA3C70D	0F80611C823161D52F28E78D4638B42CE1C6D9E2	07E28383CADBC032728DDDAA3C1F265A	good	-	-	1732124702.000000	1732725902.000000
1732215968.378337	FkMEEtANug7GpRHui	sha1	1BC66318D19B621575EEB02B7469CD52D59A2AE2	F67E2FBD80A34AB2705BEBDF9A1FD8EDCA618007	33008073F46DF605903462C9A80000008073F4	good	-	-	1732036205.000000	1732728605.000000
1732215968.433764	FNq1xumf9RlJZb01l	sha1	1BC66318D19B621575EEB02B7469CD52D59A2AE2	F67E2FBD80A34AB2705BEBDF9A1FD8EDCA618007	3300A62A33720BEB0C34289180000000A62A33	good	-	-	1731805805.000000	1732498205.000000
1732215988.515397	F0rrMb2PzjnlKcKdna	sha1	E475019DC323E226741D6C40390795F90596462E	3B70D153E976259D60A8CA660FC69BAE6F54166A	3300B5AA51DDFB16FEE0BFDB7C000000B5AA51	good	-	-	1732025588.000000	1732717988.000000
1732217234.856091	Fxu4HXklbcLNzGf8j	sha1	B34FFCEAC1CA8DBE13FD8B8738B023F3D896F3AC	FE09714055051044D8A48175B89E1AE94A0688C8	33009AD27FC6BD401DB44383FA0000009AD27F	good	-	-	1731780788.000000	1732473188.000000
1732217719.894221	FGwQxt1D6LIvAsdaw1	sha1	E475019DC323E226741D6C40390795F90596462E	3B70D153E976259D60A8CA660FC69BAE6F54166A	3300CF72681A9A7F2CECE32778000000CF7268	good	-	-	1732111988.000000	1732804388.000000
1732218508.825455	FxMz1s2AStrnWvmfah	sha1	E475019DC323E226741D6C40390795F90596462E	3B70D153E976259D60A8CA660FC69BAE6F54166A	3300B5AA51DDFB16FEE0BFDB7C000000B5AA51	good	-	-	1732025588.000000	1732717988.000000
1732218511.820272	FIkNg72kiF9rqnAnyl	sha1	E475019DC323E226741D6C40390795F90596462E	3B70D153E976259D60A8CA660FC69BAE6F54166A	330033AA11477CE3B3656C5FB300000033AA11	good	-	-	1731694389.000000	1732386789.000000
1732218511.845740	F3NTLc1aniaYQAssE6	sha1	7624DB6BD09C44BD8C92A5BC8159AA8199E6A50A	CE15163BEA02A3A66BDAD92BFDE58C52BE7A50A8	33003435152F23E2477DC0CD90000000343515	good	-	-	1731604215.000000	1732296615.000000
1732218511.928690	F3p8Tp3idL3HOxfrh5	sha1	B34FFCEAC1CA8DBE13FD8B8738B023F3D896F3AC	FE09714055051044D8A48175B89E1AE94A0688C8	3300C0DA4E721F51BFD16120A2000000C0DA4E	good	-	-	1731780788.000000	1732473188.000000
1732218512.388680	FyPmkA4gqkdeKfZNck	sha1	E475019DC323E226741D6C40390795F90596462E	3B70D153E976259D60A8CA660FC69BAE6F54166A	3300CF72681A9A7F2CECE32778000000CF7268	good	-	-	1732111988.000000	1732804388.000000
1732218513.747101	FX6rJATFIkDZ11He6	sha1	105FA67A80089DB5279F35CE830B43889EA3C70D	0F80611C823161D52F28E78D4638B42CE1C6D9E2	07E28383CADBC032728DDDAA3C1F265A	good	-	-	1732124702.000000	1732725902.000000
1732218893.357284	FUXNNP1f5fg8C3pUZ5	sha1	E475019DC323E226741D6C40390795F90596462E	3B70D153E976259D60A8CA660FC69BAE6F54166A	3300E258497850FC6287B76F2C000000E25849	good	-	-	1731953588.000000	1732645988.000000
1732218895.711743	FS3xzY1pxYaS7IdO4a	sha1	E475019DC323E226741D6C40390795F90596462E	3B70D153E976259D60A8CA660FC69BAE6F54166A	3300E258497850FC6287B76F2C000000E25849	good	-	-	1731953588.000000	1732645988.000000
1732219519.985761	FYkTh02VDINHHWdloe	sha1	1BC66318D19B621575EEB02B7469CD52D59A2AE2	F67E2FBD80A34AB2705BEBDF9A1FD8EDCA618007	3300785911E90CCD9B9B6D9F82000000785911	good	-	-	1732036205.000000	1732728605.000000
1732219568.752875	FYrMQYN8IYQQ6pYCk	sha1	1BC66318D19B621575EEB02B7469CD52D59A2AE2	F67E2FBD80A34AB2705BEBDF9A1FD8EDCA618007	33008073F46DF605903462C9A80000008073F4	good	-	-	1732036205.000000	1732728605.000000
1732219568.801336	Ffu1V123RHBydQEEta	sha1	1BC66318D19B621575EEB02B7469CD52D59A2AE2	F67E2FBD80A34AB2705BEBDF9A1FD8EDCA618007	3300A620CFF208960F683C5F85000000A620CF	good	-	-	1732021805.000000	1732714205.000000
1732220675.646313	FrXM1U2lan1h00gtE3	sha1	E475019DC323E226741D6C40390795F90596462E	3B70D153E976259D60A8CA660FC69BAE6F54166A	3300E258497850FC6287B76F2C000000E25849	good	-	-	1731780789.000000	1732473189.000000
1732220778.034533	FppJeukn49g2E50e4	sha1	B34FFCEAC1CA8DBE13FD8B8738B023F3D896F3AC	FE09714055051044D8A48175B89E1AE94A0688C8	3300B9B9D5622736E985A54155000000B9B9D5	good	-	-	1732025588.000000	1732717988.000000
1732221319.996073	Fr821u2Tc6sdbrrrUf	sha1	E475019DC323E226741D6C40390795F90596462E	3B70D153E976259D60A8CA660FC69BAE6F54166A	3300B5AA51DDFB16FEE0BFDB7C000000B5AA51	good	-	-	1732025588.000000	1732717988.000000
1732221384.180673	F6i3Ux4ddvaXADA8Qd	sha1	48B6A9E21293B3C020B12ACE4E73649A3C67DC9B	DD51D0A23173A973AE8FB4017E5D8C57CB9FF0F7	0C34C0B2A945152AF38D0281A8A02B41	good	-	-	1732149541.000000	1732750741.000000
1732222016.881488	Fb6AF34lKsXwZaCrAj	sha1	E475019DC323E226741D6C40390795F90596462E	3B70D153E976259D60A8CA660FC69BAE6F54166A	3300D3A6D06FB7E1E78412FB6F000000D3A6D0	good	-	-	1732111988.000000	1732804388.000000
1732222493.358996	FMTGvg47FdnLTKsTyl	sha1	E475019DC323E226741D6C40390795F90596462E	3B70D153E976259D60A8CA660FC69BAE6F54166A	3300E258497850FC6287B76F2C000000E25849	good	-	-	1732025588.000000	1732717988.000000
1732222495.745696	F1iGsb3uJ1uN33vcDe	sha1	E475019DC323E226741D6C40390795F90596462E	3B70D153E976259D60A8CA660FC69BAE6F54166A	3300E258497850FC6287B76F2C000000E25849	good	-	-	1732025588.000000	1732717988.000000
1732223000.870437	FMVUPw2CAORnDupnkb	sha1	E475019DC323E226741D6C40390795F90596462E	3B70D153E976259D60A8CA660FC69BAE6F54166A	3300B94CE014607334D1E0D45F000000B94CE0	good	-	-	1732025588.000000	1732717988.000000
1732223120.053651	FnCeQG1eAI1Yk10A98	sha1	E475019DC323E226741D6C40390795F90596462E	3B70D153E976259D60A8CA660FC69BAE6F54166A	3300B5AA51DDFB16FEE0BFDB7C000000B5AA51	good	-	-	1732025588.000000	1732717988.000000
1732223169.376129	FI4MjF1LpnyuQFhKTd	sha1	1BC66318D19B621575EEB02B7469CD52D59A2AE2	F67E2FBD80A34AB2705BEBDF9A1FD8EDCA618007	33008073F46DF605903462C9A80000008073F4	good	-	-	1731604204.000000	1732296604.000000
1732223169.472325	FRydLKa7cJzZfvh41	sha1	1BC66318D19B621575EEB02B7469CD52D59A2AE2	F67E2FBD80A34AB2705BEBDF9A1FD8EDCA618007	3300AEF732B642919F32EDB7D4000000AEF732	good	-	-	1731633004.000000	1732325404.000000
1732223653.636519	Frc8ea1hx9jx1vWSIk	sha1	E475019DC323E226741D6C40390795F90596462E	3B70D153E976259D60A8CA660FC69BAE6F54166A	3300E258497850FC6287B76F2C000000E25849	good	-	-	1731953588.000000	1732645988.000000
1732224637.574777	FRRpYk3lbLwyUwbu68	sha1	B34FFCEAC1CA8DBE13FD8B8738B023F3D896F3AC	FE09714055051044D8A48175B89E1AE94A0688C8	3300C0DA4E721F51BFD16120A2000000C0DA4E	good	-	-	1731780788.000000	1732473188.000000
1732224637.640111	FWf5H63S9NdN67R9Z2	sha1	1BC66318D19B621575EEB02B7469CD52D59A2AE2	F67E2FBD80A34AB2705BEBDF9A1FD8EDCA618007	330078B99FA7F72F81B2BA53B800000078B99F	good	-	-	1732021805.000000	1732714205.000000
1732224920.033373	F9uhkt3Y3c36eXseKc	sha1	E475019DC323E226741D6C40390795F90596462E	3B70D153E976259D60A8CA660FC69BAE6F54166A	3300B5AA51DDFB16FEE0BFDB7C000000B5AA51	good	-	-	1732025588.000000	1732717988.000000
1732225288.911128	FcIrn73N7lgmgDrzL4	sha1	105FA67A80089DB5279F35CE830B43889EA3C70D	0F80611C823161D52F28E78D4638B42CE1C6D9E2	07E28383CADBC032728DDDAA3C1F265A	good	-	-	1732124702.000000	1732725902.000000
1732226093.362451	FoGnCv1z5duBFr1O25	sha1	E475019DC323E226741D6C40390795F90596462E	3B70D153E976259D60A8CA660FC69BAE6F54166A	3300E258497850FC6287B76F2C000000E25849	good	-	-	1732025588.000000	1732717988.000000
1732226095.772222	FyNnQo1JgjV4mWHDV7	sha1	E475019DC323E226741D6C40390795F90596462E	3B70D153E976259D60A8CA660FC69BAE6F54166A	3300E258497850FC6287B76F2C000000E25849	good	-	-	1732025588.000000	1732717988.000000
1732226719.954609	FPjxve3tzeQ82OGmHj	sha1	E475019DC323E226741D6C40390795F90596462E	3B70D153E976259D60A8CA660FC69BAE6F54166A	3300CF72681A9A7F2CECE32778000000CF7268	good	-	-	1732111988.000000	1732804388.000000
1732226770.178338	FLZRIQm2env9WW6B3	sha1	1BC66318D19B621575EEB02B7469CD52D59A2AE2	F67E2FBD80A34AB2705BEBDF9A1FD8EDCA618007	33008073F46DF605903462C9A80000008073F4	good	-	-	1731777004.000000	1732469404.000000
1732226770.276305	FKoKUl37vz0TwNwTA9	sha1	1BC66318D19B621575EEB02B7469CD52D59A2AE2	F67E2FBD80A34AB2705BEBDF9A1FD8EDCA618007	3300AEDCC5B32AD29AEFD881A1000000AEDCC5	good	-	-	1731777004.000000	1732469404.000000
1732226936.756268	FWrWg3FaXpN74lPR8	sha1	B34FFCEAC1CA8DBE13FD8B8738B023F3D896F3AC	FE09714055051044D8A48175B89E1AE94A0688C8	3300C0DA4E721F51BFD16120A2000000C0DA4E	good	-	-	1731607989.000000	1732300389.000000
1732227352.788781	F9REyO2IK82ygvDl5	sha1	1BC66318D19B621575EEB02B7469CD52D59A2AE2	F67E2FBD80A34AB2705BEBDF9A1FD8EDCA618007	33008073F46DF605903462C9A80000008073F4	good	-	-	1731777004.000000	1732469404.000000
1732227362.967175	F4X36j2yAowOjaK1i4	sha1	E475019DC323E226741D6C40390795F90596462E	3B70D153E976259D60A8CA660FC69BAE6F54166A	3300CF72681A9A7F2CECE32778000000CF7268	good	-	-	1732111988.000000	1732804388.000000
1732227970.109381	FWfdxv3n1Q37yGZpbg	sha1	105FA67A80089DB5279F35CE830B43889EA3C70D	0F80611C823161D52F28E78D4638B42CE1C6D9E2	07E28383CADBC032728DDDAA3C1F265A	good	-	-	1732211102.000000	1732812302.000000
1732227986.487167	FSu8JT3fyFrPXCdCs	sha1	B34FFCEAC1CA8DBE13FD8B8738B023F3D896F3AC	FE09714055051044D8A48175B89E1AE94A0688C8	33009AD27FC6BD401DB44383FA0000009AD27F	good	-	-	1731607989.000000	1732300389.000000
1732227986.844873	FWK5fR1N2SzmF6XEZk	sha1	B34FFCEAC1CA8DBE13FD8B8738B023F3D896F3AC	FE09714055051044D8A48175B89E1AE94A0688C8	33009AD27FC6BD401DB44383FA0000009AD27F	good	-	-	1731607989.000000	1732300389.000000
1732227991.105723	F7LN814ftc9WM3y56b	sha1	105FA67A80089DB5279F35CE830B43889EA3C70D	0F80611C823161D52F28E78D4638B42CE1C6D9E2	07E28383CADBC032728DDDAA3C1F265A	good	-	-	1732211102.000000	1732812302.000000
1732227991.242111	FMWNEkJ02IlPEZmV1	sha1	B34FFCEAC1CA8DBE13FD8B8738B023F3D896F3AC	FE09714055051044D8A48175B89E1AE94A0688C8	33009AD27FC6BD401DB44383FA0000009AD27F	good	-	-	1731607989.000000	1732300389.000000
1732228519.924092	F0rPuhozsCqzCiY4e	sha1	1BC66318D19B621575EEB02B7469CD52D59A2AE2	F67E2FBD80A34AB2705BEBDF9A1FD8EDCA618007	330078B99FA7F72F81B2BA53B800000078B99F	good	-	-	1732021805.000000	1732714205.000000
1732229204.613457	FCxFybjJxPzLG7Uo5	sha1	E475019DC323E226741D6C40390795F90596462E	3B70D153E976259D60A8CA660FC69BAE6F54166A	3300B5AA51DDFB16FEE0BFDB7C000000B5AA51	good	-	-	1732025588.000000	1732717988.000000
1732229693.389491	FvAfcQ30TphszX4LJ1	sha1	E475019DC323E226741D6C40390795F90596462E	3B70D153E976259D60A8CA660FC69BAE6F54166A	3300E258497850FC6287B76F2C000000E25849	good	-	-	1731953588.000000	1732645988.000000
1732229695.797354	FKjjel2KDofOFbTxcb	sha1	E475019DC323E226741D6C40390795F90596462E	3B70D153E976259D60A8CA660FC69BAE6F54166A	3300E258497850FC6287B76F2C000000E25849	good	-	-	1732025588.000000	1732717988.000000
1732229857.418478	FNJIdN1e3PMuF77fL2	sha1	E475019DC323E226741D6C40390795F90596462E	3B70D153E976259D60A8CA660FC69BAE6F54166A	3300E258497850FC6287B76F2C000000E25849	good	-	-	1731607989.000000	1732300389.000000
1732230032.919094	FGXKxncVwRaUWYhsa	sha1	E475019DC323E226741D6C40390795F90596462E	3B70D153E976259D60A8CA660FC69BAE6F54166A	3300FCD283EBADF2D211180E3A000000FCD283	good	-	-	1732025588.000000	1732717988.000000
1732230320.124301	FkNjiz28TNYOjWtDuj	sha1	E475019DC323E226741D6C40390795F90596462E	3B70D153E976259D60A8CA660FC69BAE6F54166A	3300B5AA51DDFB16FEE0BFDB7C000000B5AA51	good	-	-	1732025588.000000	1732717988.000000
1732230370.997660	FgxRKG3gcTIveRzN3j	sha1	1BC66318D19B621575EEB02B7469CD52D59A2AE2	F67E2FBD80A34AB2705BEBDF9A1FD8EDCA618007	33008073F46DF605903462C9A80000008073F4	good	-	-	1732036205.000000	1732728605.000000
1732230371.096872	FKCzkd1AnpbYrMc0O8	sha1	7624DB6BD09C44BD8C92A5BC8159AA8199E6A50A	CE15163BEA02A3A66BDAD92BFDE58C52BE7A50A8	3300BED0ED3A7733211AE0C542000000BED0ED	good	-	-	1732065015.000000	1732757415.000000
1732231578.113814	FQepBpqhTV5Xt73Ej	sha1	B34FFCEAC1CA8DBE13FD8B8738B023F3D896F3AC	FE09714055051044D8A48175B89E1AE94A0688C8	3300B9B9D5622736E985A54155000000B9B9D5	good	-	-	1732025588.000000	1732717988.000000
1732232119.923727	FCBRud2rRYASW5Cfjc	sha1	1BC66318D19B621575EEB02B7469CD52D59A2AE2	F67E2FBD80A34AB2705BEBDF9A1FD8EDCA618007	330078B99FA7F72F81B2BA53B800000078B99F	good	-	-	1732021805.000000	1732714205.000000
1732233293.389137	Fz98m91ASDyfaYxM02	sha1	E475019DC323E226741D6C40390795F90596462E	3B70D153E976259D60A8CA660FC69BAE6F54166A	3300E258497850FC6287B76F2C000000E25849	good	-	-	1732025588.000000	1732717988.000000
1732233295.831988	FOu8qlnvd3fkA86c1	sha1	E475019DC323E226741D6C40390795F90596462E	3B70D153E976259D60A8CA660FC69BAE6F54166A	3300E258497850FC6287B76F2C000000E25849	good	-	-	1731607989.000000	1732300389.000000
1732233919.922070	FH6c0ZbHY9zI1Rg55	sha1	1BC66318D19B621575EEB02B7469CD52D59A2AE2	F67E2FBD80A34AB2705BEBDF9A1FD8EDCA618007	330078B99FA7F72F81B2BA53B800000078B99F	good	-	-	1732021805.000000	1732714205.000000
1732233971.764481	FMxuI645QQvqUWuJwa	sha1	1BC66318D19B621575EEB02B7469CD52D59A2AE2	F67E2FBD80A34AB2705BEBDF9A1FD8EDCA618007	33008073F46DF605903462C9A80000008073F4	good	-	-	1731604204.000000	1732296604.000000
1732233971.842482	F4TyMEHd7XNshEfVi	sha1	1BC66318D19B621575EEB02B7469CD52D59A2AE2	F67E2FBD80A34AB2705BEBDF9A1FD8EDCA618007	3300AEF732B642919F32EDB7D4000000AEF732	good	-	-	1731633004.000000	1732325404.000000
1732235719.935164	F4ud1qJoURKClT3g5	sha1	1BC66318D19B621575EEB02B7469CD52D59A2AE2	F67E2FBD80A34AB2705BEBDF9A1FD8EDCA618007	330078B99FA7F72F81B2BA53B800000078B99F	good	-	-	1732021805.000000	1732714205.000000
1732236795.530006	FHeHns4MYd6gLVrwJ1	sha1	105FA67A80089DB5279F35CE830B43889EA3C70D	0F80611C823161D52F28E78D4638B42CE1C6D9E2	07E28383CADBC032728DDDAA3C1F265A	good	-	-	1732211102.000000	1732812302.000000
1732236893.388277	FfSVG34XDDDrpkhNl3	sha1	E475019DC323E226741D6C40390795F90596462E	3B70D153E976259D60A8CA660FC69BAE6F54166A	3300E258497850FC6287B76F2C000000E25849	good	-	-	1731953588.000000	1732645988.000000
1732236895.851047	FcQRrB2GPlTK3FWlI7	sha1	E475019DC323E226741D6C40390795F90596462E	3B70D153E976259D60A8CA660FC69BAE6F54166A	3300E258497850FC6287B76F2C000000E25849	good	-	-	1731780789.000000	1732473189.000000
1732236952.935714	FL8iB2oCNm5ZYkn7	sha1	E475019DC323E226741D6C40390795F90596462E	3B70D153E976259D60A8CA660FC69BAE6F54166A	3300E258497850FC6287B76F2C000000E25849	good	-	-	1732025588.000000	1732717988.000000
1732237520.114733	FQOZkC2bkxzWJLnAjl	sha1	E475019DC323E226741D6C40390795F90596462E	3B70D153E976259D60A8CA660FC69BAE6F54166A	3300B5AA51DDFB16FEE0BFDB7C000000B5AA51	good	-	-	1732025588.000000	1732717988.000000
1732237572.468259	FMBvVY35JGeLYMCiY2	sha1	1BC66318D19B621575EEB02B7469CD52D59A2AE2	F67E2FBD80A34AB2705BEBDF9A1FD8EDCA618007	33008073F46DF605903462C9A80000008073F4	good	-	-	1731604204.000000	1732296604.000000
1732237572.553888	Fp5Q3e1PNHhSDxnlph	sha1	1BC66318D19B621575EEB02B7469CD52D59A2AE2	F67E2FBD80A34AB2705BEBDF9A1FD8EDCA618007	3300AEEBFD824BC8A385665CCA000000AEEBFD	good	-	-	1732036205.000000	1732728605.000000
1732238053.790368	FrOCkp2wGQy2TO8D8e	sha1	E475019DC323E226741D6C40390795F90596462E	3B70D153E976259D60A8CA660FC69BAE6F54166A	3300E258497850FC6287B76F2C000000E25849	good	-	-	1732025588.000000	1732717988.000000
1732238058.199967	FTkjwX2Cc1hlZ2Z8E1	sha1	E475019DC323E226741D6C40390795F90596462E	3B70D153E976259D60A8CA660FC69BAE6F54166A	3300E258497850FC6287B76F2C000000E25849	good	-	-	1732025588.000000	1732717988.000000
1732238058.591393	FR6YyD3BkvbZhb83h	sha1	105FA67A80089DB5279F35CE830B43889EA3C70D	0F80611C823161D52F28E78D4638B42CE1C6D9E2	027C07F9ACAF63AA09FB0FB8FDE539A5	good	-	-	1732179781.000000	1732780981.000000
1732239320.098936	FsMZ0mVByC0KzPug3	sha1	E475019DC323E226741D6C40390795F90596462E	3B70D153E976259D60A8CA660FC69BAE6F54166A	3300B5AA51DDFB16FEE0BFDB7C000000B5AA51	good	-	-	1732025588.000000	1732717988.000000
1732239537.095472	FMP9s54agkYdr4gRF	sha1	B34FFCEAC1CA8DBE13FD8B8738B023F3D896F3AC	FE09714055051044D8A48175B89E1AE94A0688C8	3300C0DA4E721F51BFD16120A2000000C0DA4E	good	-	-	1731780788.000000	1732473188.000000
1732240493.392415	FiBDZS3cYQwUVxPNC3	sha1	E475019DC323E226741D6C40390795F90596462E	3B70D153E976259D60A8CA660FC69BAE6F54166A	3300E258497850FC6287B76F2C000000E25849	good	-	-	1732025588.000000	1732717988.000000
1732240495.883324	FLqjsF302HserBVH34	sha1	E475019DC323E226741D6C40390795F90596462E	3B70D153E976259D60A8CA660FC69BAE6F54166A	3300E258497850FC6287B76F2C000000E25849	good	-	-	1732025588.000000	1732717988.000000
1732241119.945652	FOMoFz14K49cZ0C8e6	sha1	1BC66318D19B621575EEB02B7469CD52D59A2AE2	F67E2FBD80A34AB2705BEBDF9A1FD8EDCA618007	330078B99FA7F72F81B2BA53B800000078B99F	good	-	-	1732021805.000000	1732714205.000000
1732241173.298396	FAfkQ81WHPAsxKRiFh	sha1	1BC66318D19B621575EEB02B7469CD52D59A2AE2	F67E2FBD80A34AB2705BEBDF9A1FD8EDCA618007	33008073F46DF605903462C9A80000008073F4	good	-	-	1731777004.000000	1732469404.000000
1732241173.345182	F1Xwis3hMo8gPVzsyk	sha1	7624DB6BD09C44BD8C92A5BC8159AA8199E6A50A	CE15163BEA02A3A66BDAD92BFDE58C52BE7A50A8	3300B60742D85D54EB9C330F47000000B60742	good	-	-	1732209014.000000	1732901414.000000
1732241481.091385	FmeMjX2QoMgb9fYjp5	sha1	E475019DC323E226741D6C40390795F90596462E	3B70D153E976259D60A8CA660FC69BAE6F54166A	3300E258497850FC6287B76F2C000000E25849	good	-	-	1731780789.000000	1732473189.000000
1732242378.193224	FR2uyR2np95HvxIYRg	sha1	B34FFCEAC1CA8DBE13FD8B8738B023F3D896F3AC	FE09714055051044D8A48175B89E1AE94A0688C8	3300B9B9D5622736E985A54155000000B9B9D5	good	-	-	1731607989.000000	1732300389.000000
1732242920.126145	FU6ZcK3t2PtpHeG2bl	sha1	1BC66318D19B621575EEB02B7469CD52D59A2AE2	F67E2FBD80A34AB2705BEBDF9A1FD8EDCA618007	330077FAB38EEF0A9DAA155F0600000077FAB3	good	-	-	1732036205.000000	1732728605.000000
1732244093.395906	FFflLh4nikHIEPo5O2	sha1	E475019DC323E226741D6C40390795F90596462E	3B70D153E976259D60A8CA660FC69BAE6F54166A	3300E258497850FC6287B76F2C000000E25849	good	-	-	1731953588.000000	1732645988.000000
1732244095.916353	F1VCjR1ppM7yiJqZJ5	sha1	E475019DC323E226741D6C40390795F90596462E	3B70D153E976259D60A8CA660FC69BAE6F54166A	3300E258497850FC6287B76F2C000000E25849	good	-	-	1731953588.000000	1732645988.000000
1732244628.695156	FkVKcl42bchEKLKyaj	sha1	B34FFCEAC1CA8DBE13FD8B8738B023F3D896F3AC	FE09714055051044D8A48175B89E1AE94A0688C8	3300B9B9D5622736E985A54155000000B9B9D5	good	-	-	1731867188.000000	1732559588.000000
1732244630.743485	FQmrY14x1Xm7Aq0Bba	sha1	E475019DC323E226741D6C40390795F90596462E	3B70D153E976259D60A8CA660FC69BAE6F54166A	3300B94CE014607334D1E0D45F000000B94CE0	good	-	-	1732025588.000000	1732717988.000000
1732244720.091145	Fwf5Bi3yKhzVUZaDwb	sha1	E475019DC323E226741D6C40390795F90596462E	3B70D153E976259D60A8CA660FC69BAE6F54166A	3300B5AA51DDFB16FEE0BFDB7C000000B5AA51	good	-	-	1732025588.000000	1732717988.000000
1732244774.102449	FSQ1074biijdCSAD2d	sha1	1BC66318D19B621575EEB02B7469CD52D59A2AE2	F67E2FBD80A34AB2705BEBDF9A1FD8EDCA618007	33008073F46DF605903462C9A80000008073F4	good	-	-	1732036205.000000	1732728605.000000
1732244774.197095	FeJ0sO2AeWu8sCScza	sha1	1BC66318D19B621575EEB02B7469CD52D59A2AE2	F67E2FBD80A34AB2705BEBDF9A1FD8EDCA618007	3300AEEA1242EC0A1C36B4F2E6000000AEEA12	good	-	-	1731762605.000000	1732455005.000000
1732246239.457703	FHNmuS11O9s2TcL4Y4	sha1	105FA67A80089DB5279F35CE830B43889EA3C70D	0F80611C823161D52F28E78D4638B42CE1C6D9E2	07E28383CADBC032728DDDAA3C1F265A	good	-	-	1732211102.000000	1732812302.000000
1732246520.408501	FKMC7YFO5XOyXDtDb	sha1	1BC66318D19B621575EEB02B7469CD52D59A2AE2	F67E2FBD80A34AB2705BEBDF9A1FD8EDCA618007	330078F8C8A2112F9DB8E02E0500000078F8C8	good	-	-	1732050605.000000	1732743005.000000
1732247420.668863	FTewiq1S5TBrH24oZ7	sha1	105FA67A80089DB5279F35CE830B43889EA3C70D	0F80611C823161D52F28E78D4638B42CE1C6D9E2	027C07F9ACAF63AA09FB0FB8FDE539A5	good	-	-	1732179781.000000	1732780981.000000
1732247693.402537	F2mgIt27QDhd24uOG9	sha1	E475019DC323E226741D6C40390795F90596462E	3B70D153E976259D60A8CA660FC69BAE6F54166A	3300E258497850FC6287B76F2C000000E25849	good	-	-	1731953588.000000	1732645988.000000
1732247695.975215	FtINe04Wah35iPN644	sha1	E475019DC323E226741D6C40390795F90596462E	3B70D153E976259D60A8CA660FC69BAE6F54166A	3300E258497850FC6287B76F2C000000E25849	good	-	-	1732025588.000000	1732717988.000000
1732248320.034126	FNzA1u10ZZvvo5oDlj	sha1	E475019DC323E226741D6C40390795F90596462E	3B70D153E976259D60A8CA660FC69BAE6F54166A	3300CF72681A9A7F2CECE32778000000CF7268	good	-	-	1732111988.000000	1732804388.000000
1732248374.831407	FQ77NaS7v4GsR8rBe	sha1	1BC66318D19B621575EEB02B7469CD52D59A2AE2	F67E2FBD80A34AB2705BEBDF9A1FD8EDCA618007	33008073F46DF605903462C9A80000008073F4	good	-	-	1732036205.000000	1732728605.000000
1732248374.915376	FQDLZX2Pq3WQ1PUt7g	sha1	1BC66318D19B621575EEB02B7469CD52D59A2AE2	F67E2FBD80A34AB2705BEBDF9A1FD8EDCA618007	3300AEEA1242EC0A1C36B4F2E6000000AEEA12	good	-	-	1731762605.000000	1732455005.000000
1732248655.723586	FuGPiI1WuKGN3LJKJf	sha1	1BC66318D19B621575EEB02B7469CD52D59A2AE2	F67E2FBD80A34AB2705BEBDF9A1FD8EDCA618007	3300A79020695BD5158FCA65AB000000A79020	good	-	-	1732021805.000000	1732714205.000000
1732248719.551801	FwJwlB4yJAQDpAvvp5	sha1	1BC66318D19B621575EEB02B7469CD52D59A2AE2	F67E2FBD80A34AB2705BEBDF9A1FD8EDCA618007	3300A79020695BD5158FCA65AB000000A79020	good	-	-	1731777004.000000	1732469404.000000
1732249867.054371	FE7swSPtotFFDBcdj	sha1	105FA67A80089DB5279F35CE830B43889EA3C70D	0F80611C823161D52F28E78D4638B42CE1C6D9E2	07E28383CADBC032728DDDAA3C1F265A	good	-	-	1732211102.000000	1732812302.000000
1732250106.120468	FZJrBFOrWi3QGKQda	sha1	105FA67A80089DB5279F35CE830B43889EA3C70D	0F80611C823161D52F28E78D4638B42CE1C6D9E2	027C07F9ACAF63AA09FB0FB8FDE539A5	good	-	-	1732179781.000000	1732780981.000000
1732250120.143653	FaRZxx4QK4nCNyGIHd	sha1	E475019DC323E226741D6C40390795F90596462E	3B70D153E976259D60A8CA660FC69BAE6F54166A	3300B5AA51DDFB16FEE0BFDB7C000000B5AA51	good	-	-	1732212788.000000	1732905188.000000
1732250191.199024	FWhksF3dbXiFVKGj9j	sha1	105FA67A80089DB5279F35CE830B43889EA3C70D	0F80611C823161D52F28E78D4638B42CE1C6D9E2	027C07F9ACAF63AA09FB0FB8FDE539A5	good	-	-	1732179781.000000	1732780981.000000
1732251293.416924	FWVwORuTWP8z38Ob4	sha1	E475019DC323E226741D6C40390795F90596462E	3B70D153E976259D60A8CA660FC69BAE6F54166A	3300E258497850FC6287B76F2C000000E25849	good	-	-	1732025588.000000	1732717988.000000
1732251296.007789	Fa7V6I38tp3RPnuwl3	sha1	E475019DC323E226741D6C40390795F90596462E	3B70D153E976259D60A8CA660FC69BAE6F54166A	3300E258497850FC6287B76F2C000000E25849	good	-	-	1732025588.000000	1732717988.000000
1732251457.447783	FNfJJIh0cvfgqnm2k	sha1	E475019DC323E226741D6C40390795F90596462E	3B70D153E976259D60A8CA660FC69BAE6F54166A	3300E258497850FC6287B76F2C000000E25849	good	-	-	1731953588.000000	1732645988.000000
1732251504.713247	F2tD5Z63BHAs0NELh	sha1	1BC66318D19B621575EEB02B7469CD52D59A2AE2	F67E2FBD80A34AB2705BEBDF9A1FD8EDCA618007	3300A79020695BD5158FCA65AB000000A79020	good	-	-	1732036205.000000	1732728605.000000
1732251505.003397	FGh9RRb6cWEX8O5Ba	sha1	E475019DC323E226741D6C40390795F90596462E	3B70D153E976259D60A8CA660FC69BAE6F54166A	3300CF72681A9A7F2CECE32778000000CF7268	good	-	-	1732111988.000000	1732804388.000000
1732251505.134038	FSsfqM3Z6KdGrvjyYf	sha1	B34FFCEAC1CA8DBE13FD8B8738B023F3D896F3AC	FE09714055051044D8A48175B89E1AE94A0688C8	3300C0DA4E721F51BFD16120A2000000C0DA4E	good	-	-	1732025588.000000	1732717988.000000
1732251516.917537	FqJytD186oBynyQ66a	sha1	1BC66318D19B621575EEB02B7469CD52D59A2AE2	F67E2FBD80A34AB2705BEBDF9A1FD8EDCA618007	3300A72AC624E3DBB304717E38000000A72AC6	good	-	-	1731805805.000000	1732498205.000000
1732251920.142001	FtmJ9LZgOKp0Ff3Ll	sha1	E475019DC323E226741D6C40390795F90596462E	3B70D153E976259D60A8CA660FC69BAE6F54166A	3300B68330098E97D81720B909000000B68330	good	-	-	1732126388.000000	1732818788.000000
1732251975.753782	FoVDZ64rbh61wIMaj1	sha1	1BC66318D19B621575EEB02B7469CD52D59A2AE2	F67E2FBD80A34AB2705BEBDF9A1FD8EDCA618007	33008073F46DF605903462C9A80000008073F4	good	-	-	1731604204.000000	1732296604.000000
1732251975.795966	FP7ggc9GTj6G0R5q6	sha1	1BC66318D19B621575EEB02B7469CD52D59A2AE2	F67E2FBD80A34AB2705BEBDF9A1FD8EDCA618007	3300A6231110C0285A8D1B4917000000A62311	good	-	-	1732021805.000000	1732714205.000000
1732252138.325607	FKJ4xG1wmPPqe5DrRd	sha1	B34FFCEAC1CA8DBE13FD8B8738B023F3D896F3AC	FE09714055051044D8A48175B89E1AE94A0688C8	3300C0DA4E721F51BFD16120A2000000C0DA4E	good	-	-	1732111988.000000	1732804388.000000
1732252453.929788	Fxvn9w2e5htjh0Mpvd	sha1	E475019DC323E226741D6C40390795F90596462E	3B70D153E976259D60A8CA660FC69BAE6F54166A	3300E258497850FC6287B76F2C000000E25849	good	-	-	1732025588.000000	1732717988.000000
1732253178.289365	FyxEpUDQkFyRYVIgg	sha1	B34FFCEAC1CA8DBE13FD8B8738B023F3D896F3AC	FE09714055051044D8A48175B89E1AE94A0688C8	3300B9B9D5622736E985A54155000000B9B9D5	good	-	-	1731867188.000000	1732559588.000000
1732253179.367072	FT6NoW1jhGDYWhVDoh	sha1	7624DB6BD09C44BD8C92A5BC8159AA8199E6A50A	CE15163BEA02A3A66BDAD92BFDE58C52BE7A50A8	33006FF867FACDB2D946A4B0F60000006FF867	good	-	-	1732209014.000000	1732901414.000000
1732253179.471401	FW60ns2rqp501DnEQf	sha1	1BC66318D19B621575EEB02B7469CD52D59A2AE2	F67E2FBD80A34AB2705BEBDF9A1FD8EDCA618007	33008073F46DF605903462C9A80000008073F4	good	-	-	1731777004.000000	1732469404.000000
1732253179.781257	FiaULK2A0QAoNOafI4	sha1	105FA67A80089DB5279F35CE830B43889EA3C70D	0F80611C823161D52F28E78D4638B42CE1C6D9E2	027C07F9ACAF63AA09FB0FB8FDE539A5	good	-	-	1732179781.000000	1732780981.000000
1732253180.312502	F6JQLj3S4I1p7IcSy6	sha1	105FA67A80089DB5279F35CE830B43889EA3C70D	0F80611C823161D52F28E78D4638B42CE1C6D9E2	027C07F9ACAF63AA09FB0FB8FDE539A5	good	-	-	1732179781.000000	1732780981.000000
1732253180.692231	FaVhT22PZyxkzocYG2	sha1	7624DB6BD09C44BD8C92A5BC8159AA8199E6A50A	CE15163BEA02A3A66BDAD92BFDE58C52BE7A50A8	33002C00FAA7F37C1D184C9CAB0000002C00FA	good	-	-	1731777015.000000	1732469415.000000
1732253196.911356	FcAo9O2nzYUHhxsHh4	sha1	B34FFCEAC1CA8DBE13FD8B8738B023F3D896F3AC	FE09714055051044D8A48175B89E1AE94A0688C8	33009AD27FC6BD401DB44383FA0000009AD27F	good	-	-	1731607989.000000	1732300389.000000
1732253197.043652	FZCjGp9Z3oRmLVCv5	sha1	B34FFCEAC1CA8DBE13FD8B8738B023F3D896F3AC	FE09714055051044D8A48175B89E1AE94A0688C8	33009AD27FC6BD401DB44383FA0000009AD27F	good	-	-	1731607989.000000	1732300389.000000
1732253197.097716	FOMmTlbpzhYPxtcif	sha1	B34FFCEAC1CA8DBE13FD8B8738B023F3D896F3AC	FE09714055051044D8A48175B89E1AE94A0688C8	33009AD27FC6BD401DB44383FA0000009AD27F	good	-	-	1731607989.000000	1732300389.000000
1732253720.210047	F8ffj5BUL6HfwL6F4	sha1	1BC66318D19B621575EEB02B7469CD52D59A2AE2	F67E2FBD80A34AB2705BEBDF9A1FD8EDCA618007	330077FAB38EEF0A9DAA155F0600000077FAB3	good	-	-	1732194605.000000	1732887005.000000
1732254893.430224	FtpqqH2EWuDcMJ7lMg	sha1	E475019DC323E226741D6C40390795F90596462E	3B70D153E976259D60A8CA660FC69BAE6F54166A	3300E258497850FC6287B76F2C000000E25849	good	-	-	1732025588.000000	1732717988.000000
1732254896.034640	FIAtql3Xw1S9VMRN8a	sha1	E475019DC323E226741D6C40390795F90596462E	3B70D153E976259D60A8CA660FC69BAE6F54166A	3300E258497850FC6287B76F2C000000E25849	good	-	-	1732025588.000000	1732717988.000000
1732255485.379835	FIw1en1U74xcRkdSGe	sha1	B34FFCEAC1CA8DBE13FD8B8738B023F3D896F3AC	FE09714055051044D8A48175B89E1AE94A0688C8	3300C0DA4E721F51BFD16120A2000000C0DA4E	good	-	-	1732025588.000000	1732717988.000000
1732255505.663339	FXZwem2nmTfic9raa4	sha1	1BC66318D19B621575EEB02B7469CD52D59A2AE2	F67E2FBD80A34AB2705BEBDF9A1FD8EDCA618007	330077FAB38EEF0A9DAA155F0600000077FAB3	good	-	-	1732194605.000000	1732887005.000000
1732255576.388341	FqQXMZ2J1fk9cxE9Cd	sha1	1BC66318D19B621575EEB02B7469CD52D59A2AE2	F67E2FBD80A34AB2705BEBDF9A1FD8EDCA618007	33008073F46DF605903462C9A80000008073F4	good	-	-	1732036205.000000	1732728605.000000
1732255576.432695	Fn4l3k4gmLJjseaWc8	sha1	7624DB6BD09C44BD8C92A5BC8159AA8199E6A50A	CE15163BEA02A3A66BDAD92BFDE58C52BE7A50A8	3300B5FE5CB4C97A29E95DA854000000B5FE5C	good	-	-	1731892215.000000	1732584615.000000
1732256477.155700	FaD87h2cuA7gdCUIR7	sha1	E475019DC323E226741D6C40390795F90596462E	3B70D153E976259D60A8CA660FC69BAE6F54166A	3300E258497850FC6287B76F2C000000E25849	good	-	-	1731953588.000000	1732645988.000000
1732257320.065890	FS2OWW2Pw3gj5boHw5	sha1	E475019DC323E226741D6C40390795F90596462E	3B70D153E976259D60A8CA660FC69BAE6F54166A	3300CF72681A9A7F2CECE32778000000CF7268	good	-	-	1732111988.000000	1732804388.000000
1732257996.502038	FAvaoo4RvRRPP5v5Rb	sha1	E475019DC323E226741D6C40390795F90596462E	3B70D153E976259D60A8CA660FC69BAE6F54166A	3300D3A6D06FB7E1E78412FB6F000000D3A6D0	good	-	-	1732025588.000000	1732717988.000000
1732258493.439441	FbA2n84VEktDKGZZIj	sha1	E475019DC323E226741D6C40390795F90596462E	3B70D153E976259D60A8CA660FC69BAE6F54166A	3300E258497850FC6287B76F2C000000E25849	good	-	-	1731953588.000000	1732645988.000000
1732258496.057579	FVTTGu4UWQvWdLPdWa	sha1	E475019DC323E226741D6C40390795F90596462E	3B70D153E976259D60A8CA660FC69BAE6F54166A	3300E258497850FC6287B76F2C000000E25849	good	-	-	1732025588.000000	1732717988.000000
1732259120.480592	FPLf6a1YYKJDycqGOe	sha1	1BC66318D19B621575EEB02B7469CD52D59A2AE2	F67E2FBD80A34AB2705BEBDF9A1FD8EDCA618007	330078F8C8A2112F9DB8E02E0500000078F8C8	good	-	-	1732050605.000000	1732743005.000000
1732259177.181917	Fado9vL1TaJ3qZsI	sha1	1BC66318D19B621575EEB02B7469CD52D59A2AE2	F67E2FBD80A34AB2705BEBDF9A1FD8EDCA618007	33008073F46DF605903462C9A80000008073F4	good	-	-	1731777004.000000	1732469404.000000
1732259177.264278	FF74GM3AgCwq3QsUIe	sha1	1BC66318D19B621575EEB02B7469CD52D59A2AE2	F67E2FBD80A34AB2705BEBDF9A1FD8EDCA618007	3300AEF9D81C86DFEDFBA2EA1F000000AEF9D8	good	-	-	1732065005.000000	1732757405.000000
1732259186.605135	FDPv6Jya1E2YPLSRf	sha1	B34FFCEAC1CA8DBE13FD8B8738B023F3D896F3AC	FE09714055051044D8A48175B89E1AE94A0688C8	3300C0DA4E721F51BFD16120A2000000C0DA4E	good	-	-	1731780788.000000	1732473188.000000
1732260379.007432	FqXtxq2BMsbkOmDyS	sha1	105FA67A80089DB5279F35CE830B43889EA3C70D	0F80611C823161D52F28E78D4638B42CE1C6D9E2	027C07F9ACAF63AA09FB0FB8FDE539A5	good	-	-	1732179781.000000	1732780981.000000
1732260736.350182	FTAfSj4n830YBrDQHg	sha1	105FA67A80089DB5279F35CE830B43889EA3C70D	0F80611C823161D52F28E78D4638B42CE1C6D9E2	07E28383CADBC032728DDDAA3C1F265A	good	-	-	1732211102.000000	1732812302.000000
1732260920.207460	FMswby12Q1iFcwg0z8	sha1	E475019DC323E226741D6C40390795F90596462E	3B70D153E976259D60A8CA660FC69BAE6F54166A	3300B68330098E97D81720B909000000B68330	good	-	-	1732025588.000000	1732717988.000000
1732261992.763828	FZHWZNRd8VQ9zv4H8	sha1	1BC66318D19B621575EEB02B7469CD52D59A2AE2	F67E2FBD80A34AB2705BEBDF9A1FD8EDCA618007	33008073F46DF605903462C9A80000008073F4	good	-	-	1731777004.000000	1732469404.000000
1732262003.160294	FPflKf3Du9bkjaM3Df	sha1	E475019DC323E226741D6C40390795F90596462E	3B70D153E976259D60A8CA660FC69BAE6F54166A	3300B68330098E97D81720B909000000B68330	good	-	-	1732126388.000000	1732818788.000000
1732262093.446346	FADu4ksrMWEt3mT92	sha1	E475019DC323E226741D6C40390795F90596462E	3B70D153E976259D60A8CA660FC69BAE6F54166A	3300E258497850FC6287B76F2C000000E25849	good	-	-	1732025588.000000	1732717988.000000
1732262096.083475	F9fTIZ1YBezAHabVdg	sha1	E475019DC323E226741D6C40390795F90596462E	3B70D153E976259D60A8CA660FC69BAE6F54166A	3300E258497850FC6287B76F2C000000E25849	good	-	-	1732025588.000000	1732717988.000000
1732262720.068000	FA74SHqFqWt2tVw1e	sha1	1BC66318D19B621575EEB02B7469CD52D59A2AE2	F67E2FBD80A34AB2705BEBDF9A1FD8EDCA618007	330078B99FA7F72F81B2BA53B800000078B99F	good	-	-	1732021805.000000	1732714205.000000
1732262777.950733	FeZvg43HhTEEbWjrmf	sha1	1BC66318D19B621575EEB02B7469CD52D59A2AE2	F67E2FBD80A34AB2705BEBDF9A1FD8EDCA618007	33008073F46DF605903462C9A80000008073F4	good	-	-	1731604204.000000	1732296604.000000
1732262778.036630	FSOqGB112G1j25wOMi	sha1	B34FFCEAC1CA8DBE13FD8B8738B023F3D896F3AC	FE09714055051044D8A48175B89E1AE94A0688C8	3300F549EC88CFEFF6BBB51C08000000F549EC	good	-	-	1731780788.000000	1732473188.000000
1732262899.307666	Ft1qyr28ixA7pLjhq1	sha1	1BC66318D19B621575EEB02B7469CD52D59A2AE2	F67E2FBD80A34AB2705BEBDF9A1FD8EDCA618007	3300A79020695BD5158FCA65AB000000A79020	good	-	-	1732021805.000000	1732714205.000000
1732263978.415349	FgsXwX2XgV2iqrWBM5	sha1	B34FFCEAC1CA8DBE13FD8B8738B023F3D896F3AC	FE09714055051044D8A48175B89E1AE94A0688C8	3300B9B9D5622736E985A54155000000B9B9D5	good	-	-	1731867188.000000	1732559588.000000
1732264520.067742	FCKmaw4zhXXf2aOuId	sha1	1BC66318D19B621575EEB02B7469CD52D59A2AE2	F67E2FBD80A34AB2705BEBDF9A1FD8EDCA618007	330078B99FA7F72F81B2BA53B800000078B99F	good	-	-	1732021805.000000	1732714205.000000
1732264739.489616	FfzjkDbaD4quoMxva	sha1	48B6A9E21293B3C020B12ACE4E73649A3C67DC9B	DD51D0A23173A973AE8FB4017E5D8C57CB9FF0F7	0C34C0B2A945152AF38D0281A8A02B41	good	-	-	1732235942.000000	1732837142.000000
1732264878.897735	FQEuNG1uZJmVExsXQ1	sha1	E475019DC323E226741D6C40390795F90596462E	3B70D153E976259D60A8CA660FC69BAE6F54166A	3300B94CE014607334D1E0D45F000000B94CE0	good	-	-	1732025588.000000	1732717988.000000
1732265585.808040	Flt9aN3ZEUBHML8Yqi	sha1	105FA67A80089DB5279F35CE830B43889EA3C70D	0F80611C823161D52F28E78D4638B42CE1C6D9E2	027C07F9ACAF63AA09FB0FB8FDE539A5	good	-	-	1732179781.000000	1732780981.000000
1732265693.451843	F1zNXe2W4wydLH6Vkh	sha1	E475019DC323E226741D6C40390795F90596462E	3B70D153E976259D60A8CA660FC69BAE6F54166A	3300E258497850FC6287B76F2C000000E25849	good	-	-	1732025588.000000	1732717988.000000
1732265696.118095	F3nN9q4XCyBGsM1Ck4	sha1	E475019DC323E226741D6C40390795F90596462E	3B70D153E976259D60A8CA660FC69BAE6F54166A	3300E258497850FC6287B76F2C000000E25849	good	-	-	1731953588.000000	1732645988.000000
1732266252.253341	FOIGmOeqPilzuhds7	sha1	B34FFCEAC1CA8DBE13FD8B8738B023F3D896F3AC	FE09714055051044D8A48175B89E1AE94A0688C8	3300B9B9D5622736E985A54155000000B9B9D5	good	-	-	1731867188.000000	1732559588.000000
1732266255.095426	F1cu5C1UdiK1FSa68f	sha1	E475019DC323E226741D6C40390795F90596462E	3B70D153E976259D60A8CA660FC69BAE6F54166A	3300B94CE014607334D1E0D45F000000B94CE0	good	-	-	1731694389.000000	1732386789.000000
1732266320.067485	FEm0WI71OIY17f1J5	sha1	1BC66318D19B621575EEB02B7469CD52D59A2AE2	F67E2FBD80A34AB2705BEBDF9A1FD8EDCA618007	330078B99FA7F72F81B2BA53B800000078B99F	good	-	-	1732021805.000000	1732714205.000000
1732266378.669770	FQ2sel3Q9XsvptwPAf	sha1	1BC66318D19B621575EEB02B7469CD52D59A2AE2	F67E2FBD80A34AB2705BEBDF9A1FD8EDCA618007	33008073F46DF605903462C9A80000008073F4	good	-	-	1731777004.000000	1732469404.000000
1732266378.724531	FWYqfb2P6rKfIwCON5	sha1	1BC66318D19B621575EEB02B7469CD52D59A2AE2	F67E2FBD80A34AB2705BEBDF9A1FD8EDCA618007	3300A620CFF208960F683C5F85000000A620CF	good	-	-	1732021805.000000	1732714205.000000
1732266854.122797	FwkRuJ3Rl6aRBETOr1	sha1	E475019DC323E226741D6C40390795F90596462E	3B70D153E976259D60A8CA660FC69BAE6F54166A	3300E258497850FC6287B76F2C000000E25849	good	-	-	1732025588.000000	1732717988.000000
1732266859.386954	FU62l737Y09JxbBMh2	sha1	E475019DC323E226741D6C40390795F90596462E	3B70D153E976259D60A8CA660FC69BAE6F54166A	3300E258497850FC6287B76F2C000000E25849	good	-	-	1731780789.000000	1732473189.000000
1732266859.807070	FMC5Tx16fyeERog3ij	sha1	105FA67A80089DB5279F35CE830B43889EA3C70D	0F80611C823161D52F28E78D4638B42CE1C6D9E2	027C07F9ACAF63AA09FB0FB8FDE539A5	good	-	-	1732179781.000000	1732780981.000000
1732268120.217829	F31kAa3tTfkVjJIAgi	sha1	E475019DC323E226741D6C40390795F90596462E	3B70D153E976259D60A8CA660FC69BAE6F54166A	3300B5AA51DDFB16FEE0BFDB7C000000B5AA51	good	-	-	1732212788.000000	1732905188.000000
1732269293.463593	Fm3GqN3ZIZib96Lg3b	sha1	E475019DC323E226741D6C40390795F90596462E	3B70D153E976259D60A8CA660FC69BAE6F54166A	3300E258497850FC6287B76F2C000000E25849	good	-	-	1732025588.000000	1732717988.000000
1732269296.156019	FyQUWu19gkKNpidZfa	sha1	E475019DC323E226741D6C40390795F90596462E	3B70D153E976259D60A8CA660FC69BAE6F54166A	3300E258497850FC6287B76F2C000000E25849	good	-	-	1732025588.000000	1732717988.000000
1732269442.879217	FMz1xSAN3kBnmZZ1c	sha1	1BC66318D19B621575EEB02B7469CD52D59A2AE2	F67E2FBD80A34AB2705BEBDF9A1FD8EDCA618007	3300A79020695BD5158FCA65AB000000A79020	good	-	-	1732036205.000000	1732728605.000000
1732269443.399930	F2Ffcq2vH92Rcl6Ko4	sha1	E475019DC323E226741D6C40390795F90596462E	3B70D153E976259D60A8CA660FC69BAE6F54166A	3300B5AA51DDFB16FEE0BFDB7C000000B5AA51	good	-	-	1732212788.000000	1732905188.000000
1732269443.448571	FRNMUw4owW3y7jvi1d	sha1	B34FFCEAC1CA8DBE13FD8B8738B023F3D896F3AC	FE09714055051044D8A48175B89E1AE94A0688C8	3300C0DA4E721F51BFD16120A2000000C0DA4E	good	-	-	1731780788.000000	1732473188.000000
1732269920.230965	FvyKMd26oW4fNfUCC2	sha1	E475019DC323E226741D6C40390795F90596462E	3B70D153E976259D60A8CA660FC69BAE6F54166A	3300B68330098E97D81720B909000000B68330	good	-	-	1732126388.000000	1732818788.000000
1732269979.459404	FYqlFP1fCJT4bltDi3	sha1	1BC66318D19B621575EEB02B7469CD52D59A2AE2	F67E2FBD80A34AB2705BEBDF9A1FD8EDCA618007	33008073F46DF605903462C9A80000008073F4	good	-	-	1732036205.000000	1732728605.000000
1732269979.539759	F3wpPk3rdHye5De9X6	sha1	1BC66318D19B621575EEB02B7469CD52D59A2AE2	F67E2FBD80A34AB2705BEBDF9A1FD8EDCA618007	3300AEE3286D1DCC98455AEFFE000000AEE328	good	-	-	1732079405.000000	1732771805.000000
1732271720.095241	F1nbJG22kILew3mMBi	sha1	1BC66318D19B621575EEB02B7469CD52D59A2AE2	F67E2FBD80A34AB2705BEBDF9A1FD8EDCA618007	330078B99FA7F72F81B2BA53B800000078B99F	good	-	-	1732021805.000000	1732714205.000000
1732272893.464477	FGyjgw2UmuRzSGuGu7	sha1	E475019DC323E226741D6C40390795F90596462E	3B70D153E976259D60A8CA660FC69BAE6F54166A	3300E258497850FC6287B76F2C000000E25849	good	-	-	1731607989.000000	1732300389.000000
1732272896.179561	FUNUPe4KiM1VKm0BI7	sha1	E475019DC323E226741D6C40390795F90596462E	3B70D153E976259D60A8CA660FC69BAE6F54166A	3300E258497850FC6287B76F2C000000E25849	good	-	-	1732025588.000000	1732717988.000000
1732272952.965318	FRF9hP3Tt5CBhjlDhd	sha1	E475019DC323E226741D6C40390795F90596462E	3B70D153E976259D60A8CA660FC69BAE6F54166A	3300E258497850FC6287B76F2C000000E25849	good	-	-	1731780789.000000	1732473189.000000
1732272978.853186	FtFLeY1KYXmt3HP5nc	sha1	1BC66318D19B621575EEB02B7469CD52D59A2AE2	F67E2FBD80A34AB2705BEBDF9A1FD8EDCA618007	330078B99FA7F72F81B2BA53B800000078B99F	good	-	-	1732021805.000000	1732714205.000000
1732273520.262071	F16ZLa29ZuWKeDttu3	sha1	7624DB6BD09C44BD8C92A5BC8159AA8199E6A50A	CE15163BEA02A3A66BDAD92BFDE58C52BE7A50A8	33007EB6C96B42CB16DCB339AA0000007EB6C9	good	-	-	1732194614.000000	1732887014.000000
1732273580.294179	FUDnqx3PWnGlbCHvse	sha1	1BC66318D19B621575EEB02B7469CD52D59A2AE2	F67E2FBD80A34AB2705BEBDF9A1FD8EDCA618007	33008073F46DF605903462C9A80000008073F4	good	-	-	1732036205.000000	1732728605.000000
1732273580.342258	FX9MSNXTGTlhWyeo4	sha1	7624DB6BD09C44BD8C92A5BC8159AA8199E6A50A	CE15163BEA02A3A66BDAD92BFDE58C52BE7A50A8	3300B60742D85D54EB9C330F47000000B60742	good	-	-	1732065015.000000	1732757415.000000
1732274703.945085	F0zVEH2F0heC7vtWJe	sha1	105FA67A80089DB5279F35CE830B43889EA3C70D	0F80611C823161D52F28E78D4638B42CE1C6D9E2	027C07F9ACAF63AA09FB0FB8FDE539A5	good	-	-	1732266181.000000	1732867381.000000
1732274703.963677	FpINVa36FacfIAn9Xf	sha1	B34FFCEAC1CA8DBE13FD8B8738B023F3D896F3AC	FE09714055051044D8A48175B89E1AE94A0688C8	3300B9B9D5622736E985A54155000000B9B9D5	good	-	-	1731867188.000000	1732559588.000000
1732275320.258569	F8YWqp4SyGt0jiKAyj	sha1	E475019DC323E226741D6C40390795F90596462E	3B70D153E976259D60A8CA660FC69BAE6F54166A	3300B5AA51DDFB16FEE0BFDB7C000000B5AA51	good	-	-	1732212788.000000	1732905188.000000
1732276493.477294	FD1fTr3JvRU6ZtpVt4	sha1	E475019DC323E226741D6C40390795F90596462E	3B70D153E976259D60A8CA660FC69BAE6F54166A	3300E258497850FC6287B76F2C000000E25849	good	-	-	1731780789.000000	1732473189.000000
1732276496.209630	FKljLe1xJ3YX9l6zI4	sha1	E475019DC323E226741D6C40390795F90596462E	3B70D153E976259D60A8CA660FC69BAE6F54166A	3300E258497850FC6287B76F2C000000E25849	good	-	-	1731780789.000000	1732473189.000000
1732277120.476626	FeT36KIZBjoa8dUSj	sha1	7624DB6BD09C44BD8C92A5BC8159AA8199E6A50A	CE15163BEA02A3A66BDAD92BFDE58C52BE7A50A8	330087DB126275CBEC6FD431F900000087DB12	good	-	-	1732108215.000000	1732800615.000000
1732277181.032917	FNNRml11ixUKxrnd8	sha1	1BC66318D19B621575EEB02B7469CD52D59A2AE2	F67E2FBD80A34AB2705BEBDF9A1FD8EDCA618007	33008073F46DF605903462C9A80000008073F4	good	-	-	1731604204.000000	1732296604.000000
1732277181.125434	F3zyfO2sDp949ymOle	sha1	1BC66318D19B621575EEB02B7469CD52D59A2AE2	F67E2FBD80A34AB2705BEBDF9A1FD8EDCA618007	3300A61606C149A8008FDD9F73000000A61606	good	-	-	1732079405.000000	1732771805.000000
1732277340.788507	F6pgl73cHUoRNJXk41	sha1	B34FFCEAC1CA8DBE13FD8B8738B023F3D896F3AC	FE09714055051044D8A48175B89E1AE94A0688C8	3300C0DA4E721F51BFD16120A2000000C0DA4E	good	-	-	1731780788.000000	1732473188.000000
1732278378.663625	F90KW21aKASXNjNJ7b	sha1	E475019DC323E226741D6C40390795F90596462E	3B70D153E976259D60A8CA660FC69BAE6F54166A	3300B94CE014607334D1E0D45F000000B94CE0	good	-	-	1731694389.000000	1732386789.000000
1732278920.291728	F5fq8l235oKx8jYwMb	sha1	E475019DC323E226741D6C40390795F90596462E	3B70D153E976259D60A8CA660FC69BAE6F54166A	3300B68330098E97D81720B909000000B68330	good	-	-	1732126388.000000	1732818788.000000
1732279735.441337	FDd0Iy1OyPXMZTg94i	sha1	1BC66318D19B621575EEB02B7469CD52D59A2AE2	F67E2FBD80A34AB2705BEBDF9A1FD8EDCA618007	330077FAB38EEF0A9DAA155F0600000077FAB3	good	-	-	1732036205.000000	1732728605.000000
1732280093.486669	FNCqan3AegauRaV8Vc	sha1	E475019DC323E226741D6C40390795F90596462E	3B70D153E976259D60A8CA660FC69BAE6F54166A	3300E258497850FC6287B76F2C000000E25849	good	-	-	1732025588.000000	1732717988.000000
1732280096.248929	FLTumZ2hoPLEqlrY72	sha1	E475019DC323E226741D6C40390795F90596462E	3B70D153E976259D60A8CA660FC69BAE6F54166A	3300E258497850FC6287B76F2C000000E25849	good	-	-	1731607989.000000	1732300389.000000
1732280720.142751	F2x7bs4LUvE7wOQ7fg	sha1	1BC66318D19B621575EEB02B7469CD52D59A2AE2	F67E2FBD80A34AB2705BEBDF9A1FD8EDCA618007	330078B99FA7F72F81B2BA53B800000078B99F	good	-	-	1732021805.000000	1732714205.000000
1732280781.842603	FfF6Gm2g6DGyyTYfZ7	sha1	1BC66318D19B621575EEB02B7469CD52D59A2AE2	F67E2FBD80A34AB2705BEBDF9A1FD8EDCA618007	33008073F46DF605903462C9A80000008073F4	good	-	-	1732036205.000000	1732728605.000000
1732280781.892353	Fdj4uq2nPPkbUONBS6	sha1	7624DB6BD09C44BD8C92A5BC8159AA8199E6A50A	CE15163BEA02A3A66BDAD92BFDE58C52BE7A50A8	3300B604537878956FE6506CDA000000B60453	good	-	-	1732151414.000000	1732843814.000000
1732281254.302845	Fzb3Pv4ow3vrMeiKLj	sha1	E475019DC323E226741D6C40390795F90596462E	3B70D153E976259D60A8CA660FC69BAE6F54166A	3300E258497850FC6287B76F2C000000E25849	good	-	-	1732025588.000000	1732717988.000000
1732282520.165156	F4ZBZb2dT3qV67LtRd	sha1	1BC66318D19B621575EEB02B7469CD52D59A2AE2	F67E2FBD80A34AB2705BEBDF9A1FD8EDCA618007	330078B99FA7F72F81B2BA53B800000078B99F	good	-	-	1732021805.000000	1732714205.000000
1732283693.494688	FyLoy83ihPw7EyWOP5	sha1	E475019DC323E226741D6C40390795F90596462E	3B70D153E976259D60A8CA660FC69BAE6F54166A	3300E258497850FC6287B76F2C000000E25849	good	-	-	1731953588.000000	1732645988.000000
1732283696.296762	FpTdJl2OT8C50KubQb	sha1	E475019DC323E226741D6C40390795F90596462E	3B70D153E976259D60A8CA660FC69BAE6F54166A	3300E258497850FC6287B76F2C000000E25849	good	-	-	1732025588.000000	1732717988.000000
1732283925.252734	FwawlZ2q2GkCd9ydnh	sha1	7624DB6BD09C44BD8C92A5BC8159AA8199E6A50A	CE15163BEA02A3A66BDAD92BFDE58C52BE7A50A8	33006FF867FACDB2D946A4B0F60000006FF867	good	-	-	1731604215.000000	1732296615.000000
1732283925.459968	FM4mqu3B1L2VoiKRR5	sha1	7624DB6BD09C44BD8C92A5BC8159AA8199E6A50A	CE15163BEA02A3A66BDAD92BFDE58C52BE7A50A8	33006FF867FACDB2D946A4B0F60000006FF867	good	-	-	1731604215.000000	1732296615.000000
1732283925.679608	FjzsVd31C2o86rgBhc	sha1	7624DB6BD09C44BD8C92A5BC8159AA8199E6A50A	CE15163BEA02A3A66BDAD92BFDE58C52BE7A50A8	33006FF867FACDB2D946A4B0F60000006FF867	good	-	-	1731604215.000000	1732296615.000000
1732283925.719187	FlM5NV380GTAH9tjUe	sha1	7624DB6BD09C44BD8C92A5BC8159AA8199E6A50A	CE15163BEA02A3A66BDAD92BFDE58C52BE7A50A8	33006FF867FACDB2D946A4B0F60000006FF867	good	-	-	1731604215.000000	1732296615.000000
1732283925.873238	FvquBTP6UphP0MSNi	sha1	7624DB6BD09C44BD8C92A5BC8159AA8199E6A50A	CE15163BEA02A3A66BDAD92BFDE58C52BE7A50A8	33006FF867FACDB2D946A4B0F60000006FF867	good	-	-	1731604215.000000	1732296615.000000
1732283925.967889	FfWJR04HAjuQXcUnS	sha1	5060343D3B34B7408B5B64FD1D09C5346FF833F2	C35EAC4076C0064DE32B9499306073349829C651	33000017BD223B21D42E09095D0000000017BD	good	-	-	1731604241.000000	1732296641.000000
1732283926.402383	FYHZYC4KymY7DYKEec	sha1	7624DB6BD09C44BD8C92A5BC8159AA8199E6A50A	CE15163BEA02A3A66BDAD92BFDE58C52BE7A50A8	33006FF867FACDB2D946A4B0F60000006FF867	good	-	-	1731604215.000000	1732296615.000000
1732283927.538380	FuudiX1cvJlz1gV0a3	sha1	7624DB6BD09C44BD8C92A5BC8159AA8199E6A50A	CE15163BEA02A3A66BDAD92BFDE58C52BE7A50A8	33006FF867FACDB2D946A4B0F60000006FF867	good	-	-	1731604215.000000	1732296615.000000
1732283928.171807	Fz77ibXnRjljozWXg	sha1	7624DB6BD09C44BD8C92A5BC8159AA8199E6A50A	CE15163BEA02A3A66BDAD92BFDE58C52BE7A50A8	33006FF867FACDB2D946A4B0F60000006FF867	good	-	-	1731604215.000000	1732296615.000000
1732283928.301365	FOwbYE4L8G39ZtHYRc	sha1	65913E56FAD307FB1BF50A2005B2CB514DA72B2F	72E096A151EA300C58B5F519AB9A7CCD9755102E	3300000E8DA79F1FA5BB784E77000000000E8D	good	-	-	1732111988.000000	1732804388.000000
1732283931.998161	FiosAtyh5yulQdFw7	sha1	E475019DC323E226741D6C40390795F90596462E	3B70D153E976259D60A8CA660FC69BAE6F54166A	3300E258497850FC6287B76F2C000000E25849	good	-	-	1731607989.000000	1732300389.000000
1732283932.231330	FGSCGTc5CpyMhr8V1	sha1	B34FFCEAC1CA8DBE13FD8B8738B023F3D896F3AC	FE09714055051044D8A48175B89E1AE94A0688C8	3300B9B9D5622736E985A54155000000B9B9D5	good	-	-	1731867188.000000	1732559588.000000
1732283933.824346	F7nIX2AE9yDdDr5j4	sha1	D59B1737698FEF4B16C817B7FE1508CD425E20F2	35F1E7113268E6B2C8DA71E670F3E83CB80E071B	33000022B8A789E2EA3068C06F0000000022B8	good	-	-	1732111988.000000	1732804388.000000
1732283933.836407	FISA371QmW7kU9pVs7	sha1	D59B1737698FEF4B16C817B7FE1508CD425E20F2	35F1E7113268E6B2C8DA71E670F3E83CB80E071B	33000022B8A789E2EA3068C06F0000000022B8	good	-	-	1731867188.000000	1732559588.000000
1732283933.897388	FX9j1F1bV10I1HHU36	sha1	D59B1737698FEF4B16C817B7FE1508CD425E20F2	35F1E7113268E6B2C8DA71E670F3E83CB80E071B	33000022B8A789E2EA3068C06F0000000022B8	good	-	-	1732111988.000000	1732804388.000000
1732283933.897764	FLdcJq4vzSCTn5XgC3	sha1	D59B1737698FEF4B16C817B7FE1508CD425E20F2	35F1E7113268E6B2C8DA71E670F3E83CB80E071B	33000022B8A789E2EA3068C06F0000000022B8	good	-	-	1732025588.000000	1732717988.000000
1732283933.901642	F0SjaR3AhvJfSkYdT8	sha1	D59B1737698FEF4B16C817B7FE1508CD425E20F2	35F1E7113268E6B2C8DA71E670F3E83CB80E071B	33000022B8A789E2EA3068C06F0000000022B8	good	-	-	1731607989.000000	1732300389.000000
1732283933.916345	F9Klx5dTjURhTHs5k	sha1	D59B1737698FEF4B16C817B7FE1508CD425E20F2	35F1E7113268E6B2C8DA71E670F3E83CB80E071B	33000022B8A789E2EA3068C06F0000000022B8	good	-	-	1732111988.000000	1732804388.000000
1732283936.177707	FsYqxB1UQZ9pV7dS2f	sha1	7624DB6BD09C44BD8C92A5BC8159AA8199E6A50A	CE15163BEA02A3A66BDAD92BFDE58C52BE7A50A8	33009A9BEFCFDB2EFBDF70244D0000009A9BEF	good	-	-	1731863415.000000	1732555815.000000
1732283937.036455	FHODbk4pYpzi3M1qW6	sha1	D59B1737698FEF4B16C817B7FE1508CD425E20F2	35F1E7113268E6B2C8DA71E670F3E83CB80E071B	33000021C179C171FECC5A96D40000000021C1	good	-	-	1732111988.000000	1732804388.000000
1732283937.104413	FB4yDj3eNazQY0pJxl	sha1	D59B1737698FEF4B16C817B7FE1508CD425E20F2	35F1E7113268E6B2C8DA71E670F3E83CB80E071B	33000021C179C171FECC5A96D40000000021C1	good	-	-	1732111988.000000	1732804388.000000
1732284320.292961	FGO2GzlQBAFPY5DSb	sha1	E475019DC323E226741D6C40390795F90596462E	3B70D153E976259D60A8CA660FC69BAE6F54166A	3300B5AA51DDFB16FEE0BFDB7C000000B5AA51	good	-	-	1732212788.000000	1732905188.000000
1732284382.577658	FDacqc2VcmuwfmjSD7	sha1	1BC66318D19B621575EEB02B7469CD52D59A2AE2	F67E2FBD80A34AB2705BEBDF9A1FD8EDCA618007	33008073F46DF605903462C9A80000008073F4	good	-	-	1732036205.000000	1732728605.000000
1732284382.621064	FVAw3N23jXK1sKdcu2	sha1	7624DB6BD09C44BD8C92A5BC8159AA8199E6A50A	CE15163BEA02A3A66BDAD92BFDE58C52BE7A50A8	3300B611A79986750F719DD0A2000000B611A7	good	-	-	1732050615.000000	1732743015.000000
1732284453.938086	FZhgwf2PWuM6Zxk907	sha1	1BC66318D19B621575EEB02B7469CD52D59A2AE2	F67E2FBD80A34AB2705BEBDF9A1FD8EDCA618007	3300A79020695BD5158FCA65AB000000A79020	good	-	-	1732036205.000000	1732728605.000000
1732284827.624007	Fn40rv1F2YNxqaryVl	sha1	B34FFCEAC1CA8DBE13FD8B8738B023F3D896F3AC	FE09714055051044D8A48175B89E1AE94A0688C8	3300C0DA4E721F51BFD16120A2000000C0DA4E	good	-	-	1732111988.000000	1732804388.000000
1732284827.711685	FVmnQ52cAQYcvLcIkl	sha1	7624DB6BD09C44BD8C92A5BC8159AA8199E6A50A	CE15163BEA02A3A66BDAD92BFDE58C52BE7A50A8	33007EB6C96B42CB16DCB339AA0000007EB6C9	good	-	-	1732194614.000000	1732887014.000000
1732285578.704154	Fxp51a1ZxiFrtD0jte	sha1	B34FFCEAC1CA8DBE13FD8B8738B023F3D896F3AC	FE09714055051044D8A48175B89E1AE94A0688C8	3300B9B9D5622736E985A54155000000B9B9D5	good	-	-	1732025588.000000	1732717988.000000
1732286120.228403	FmeSrz2196r8ddCOPk	sha1	E475019DC323E226741D6C40390795F90596462E	3B70D153E976259D60A8CA660FC69BAE6F54166A	3300CF72681A9A7F2CECE32778000000CF7268	good	-	-	1732111988.000000	1732804388.000000
1732287296.323327	FG7cma1SUfPnuxsvq5	sha1	E475019DC323E226741D6C40390795F90596462E	3B70D153E976259D60A8CA660FC69BAE6F54166A	3300E258497850FC6287B76F2C000000E25849	good	-	-	1732025588.000000	1732717988.000000
1732287526.243338	F68bhh1KIDiOfaGJ4h	sha1	E475019DC323E226741D6C40390795F90596462E	3B70D153E976259D60A8CA660FC69BAE6F54166A	3300E258497850FC6287B76F2C000000E25849	good	-	-	1732212788.000000	1732905188.000000
1732287889.714899	Flj5X02YyIXJad3n4k	sha1	B34FFCEAC1CA8DBE13FD8B8738B023F3D896F3AC	FE09714055051044D8A48175B89E1AE94A0688C8	3300B9B9D5622736E985A54155000000B9B9D5	good	-	-	1732025588.000000	1732717988.000000
1732287891.608510	FAfj9EydimFnX9DDa	sha1	E475019DC323E226741D6C40390795F90596462E	3B70D153E976259D60A8CA660FC69BAE6F54166A	3300B94CE014607334D1E0D45F000000B94CE0	good	-	-	1732025588.000000	1732717988.000000
1732287920.217286	F8PcyB4xszz2DMayGg	sha1	E475019DC323E226741D6C40390795F90596462E	3B70D153E976259D60A8CA660FC69BAE6F54166A	3300CF72681A9A7F2CECE32778000000CF7268	good	-	-	1732111988.000000	1732804388.000000
1732287983.358890	FkBkNf3PBkOqya2LY1	sha1	1BC66318D19B621575EEB02B7469CD52D59A2AE2	F67E2FBD80A34AB2705BEBDF9A1FD8EDCA618007	33008073F46DF605903462C9A80000008073F4	good	-	-	1732036205.000000	1732728605.000000
1732287983.409552	FxfyTG3RIHBdHQ9Ou9	sha1	7624DB6BD09C44BD8C92A5BC8159AA8199E6A50A	CE15163BEA02A3A66BDAD92BFDE58C52BE7A50A8	3300B604537878956FE6506CDA000000B60453	good	-	-	1732036215.000000	1732728615.000000
1732288470.019656	F6KW9n2lZWphxBHf34	sha1	E475019DC323E226741D6C40390795F90596462E	3B70D153E976259D60A8CA660FC69BAE6F54166A	3300E258497850FC6287B76F2C000000E25849	good	-	-	1732212788.000000	1732905188.000000
1732289720.356893	F26aM9dZekrcBZbwh	sha1	7624DB6BD09C44BD8C92A5BC8159AA8199E6A50A	CE15163BEA02A3A66BDAD92BFDE58C52BE7A50A8	330087E44B434F0DE55FA2D8FC00000087E44B	good	-	-	1732137014.000000	1732829414.000000
1732289941.293105	Fai5gE2rCpPFBhtGHe	sha1	B34FFCEAC1CA8DBE13FD8B8738B023F3D896F3AC	FE09714055051044D8A48175B89E1AE94A0688C8	3300C0DA4E721F51BFD16120A2000000C0DA4E	good	-	-	1731780788.000000	1732473188.000000
1732290893.520196	F0VnXy33O0dXr8R9Wb	sha1	E475019DC323E226741D6C40390795F90596462E	3B70D153E976259D60A8CA660FC69BAE6F54166A	3300E258497850FC6287B76F2C000000E25849	good	-	-	1731953588.000000	1732645988.000000
1732290896.357947	FyQKpE4EYTXWwglKs	sha1	E475019DC323E226741D6C40390795F90596462E	3B70D153E976259D60A8CA660FC69BAE6F54166A	3300E258497850FC6287B76F2C000000E25849	good	-	-	1732025588.000000	1732717988.000000
1732291146.417575	FSsfRX1Tr3N2sUrp6c	sha1	105FA67A80089DB5279F35CE830B43889EA3C70D	0F80611C823161D52F28E78D4638B42CE1C6D9E2	07E28383CADBC032728DDDAA3C1F265A	good	-	-	1732211102.000000	1732812302.000000
1732291520.248880	F42dNF2amZTriiejK5	sha1	E475019DC323E226741D6C40390795F90596462E	3B70D153E976259D60A8CA660FC69BAE6F54166A	3300CF72681A9A7F2CECE32778000000CF7268	good	-	-	1732111988.000000	1732804388.000000
1732291584.181895	F2kjB33tkXWGifU6S1	sha1	1BC66318D19B621575EEB02B7469CD52D59A2AE2	F67E2FBD80A34AB2705BEBDF9A1FD8EDCA618007	33008073F46DF605903462C9A80000008073F4	good	-	-	1731777004.000000	1732469404.000000
1732291584.261559	F9HbPv2M23aJ350Gte	sha1	1BC66318D19B621575EEB02B7469CD52D59A2AE2	F67E2FBD80A34AB2705BEBDF9A1FD8EDCA618007	3300AEEA1242EC0A1C36B4F2E6000000AEEA12	good	-	-	1731762605.000000	1732455005.000000
1732292455.564992	F4JJZ814oCDSSpFGad	sha1	E475019DC323E226741D6C40390795F90596462E	3B70D153E976259D60A8CA660FC69BAE6F54166A	3300CF72681A9A7F2CECE32778000000CF7268	good	-	-	1732111988.000000	1732804388.000000
1732292469.082188	FsNUIG1PidUAx1pjF2	sha1	1BC66318D19B621575EEB02B7469CD52D59A2AE2	F67E2FBD80A34AB2705BEBDF9A1FD8EDCA618007	3300A72AC624E3DBB304717E38000000A72AC6	good	-	-	1731805805.000000	1732498205.000000
1732293320.270602	FsXZR03PYcXknv8R1b	sha1	E475019DC323E226741D6C40390795F90596462E	3B70D153E976259D60A8CA660FC69BAE6F54166A	3300CF72681A9A7F2CECE32778000000CF7268	good	-	-	1732111988.000000	1732804388.000000
1732294015.362070	Fs9EEI1xZU4rHxQfQ9	sha1	E475019DC323E226741D6C40390795F90596462E	3B70D153E976259D60A8CA660FC69BAE6F54166A	3300D3A6D06FB7E1E78412FB6F000000D3A6D0	good	-	-	1732025588.000000	1732717988.000000
1732294375.888735	Fh6NBbDLWb8lkcWW6	sha1	105FA67A80089DB5279F35CE830B43889EA3C70D	0F80611C823161D52F28E78D4638B42CE1C6D9E2	07E28383CADBC032728DDDAA3C1F265A	good	-	-	1732211102.000000	1732812302.000000
1732294466.021151	FllLv2pbcOr1azcOa	sha1	105FA67A80089DB5279F35CE830B43889EA3C70D	0F80611C823161D52F28E78D4638B42CE1C6D9E2	07E28383CADBC032728DDDAA3C1F265A	good	-	-	1732211102.000000	1732812302.000000
1732294481.044091	FPCHeZ1kK2fbdpyENc	sha1	E475019DC323E226741D6C40390795F90596462E	3B70D153E976259D60A8CA660FC69BAE6F54166A	3300CF72681A9A7F2CECE32778000000CF7268	good	-	-	1732111988.000000	1732804388.000000
1732294481.381167	FjUbJc19QHL5UK2Gyj	sha1	E475019DC323E226741D6C40390795F90596462E	3B70D153E976259D60A8CA660FC69BAE6F54166A	330033AA11477CE3B3656C5FB300000033AA11	good	-	-	1732025588.000000	1732717988.000000
1732294481.411440	F1KRwt3RlYf50sYLBe	sha1	7624DB6BD09C44BD8C92A5BC8159AA8199E6A50A	CE15163BEA02A3A66BDAD92BFDE58C52BE7A50A8	33003435152F23E2477DC0CD90000000343515	good	-	-	1731863415.000000	1732555815.000000
1732294492.928392	FH6c7M3ZtjNiyKbBld	sha1	E475019DC323E226741D6C40390795F90596462E	3B70D153E976259D60A8CA660FC69BAE6F54166A	3300E258497850FC6287B76F2C000000E25849	good	-	-	1732025588.000000	1732717988.000000
1732294494.304965	F2wex647yaMK7P5yzh	sha1	E475019DC323E226741D6C40390795F90596462E	3B70D153E976259D60A8CA660FC69BAE6F54166A	3300E258497850FC6287B76F2C000000E25849	good	-	-	1731953588.000000	1732645988.000000
1732294495.998241	FsGeLY3zBjTzF8VOii	sha1	105FA67A80089DB5279F35CE830B43889EA3C70D	0F80611C823161D52F28E78D4638B42CE1C6D9E2	0F70B86D7631877AB4D86E5057BE3D17	good	-	-	1732254662.000000	1732855862.000000
1732294496.382372	FibCDsH5R6uOecZx4	sha1	E475019DC323E226741D6C40390795F90596462E	3B70D153E976259D60A8CA660FC69BAE6F54166A	3300E258497850FC6287B76F2C000000E25849	good	-	-	1732025588.000000	1732717988.000000
1732294496.540709	Fs63jc1qtdiuKwf169	sha1	105FA67A80089DB5279F35CE830B43889EA3C70D	0F80611C823161D52F28E78D4638B42CE1C6D9E2	07E28383CADBC032728DDDAA3C1F265A	good	-	-	1732211102.000000	1732812302.000000
1732294496.540733	Fsb4bA419HcrPJOWw6	sha1	105FA67A80089DB5279F35CE830B43889EA3C70D	0F80611C823161D52F28E78D4638B42CE1C6D9E2	07E28383CADBC032728DDDAA3C1F265A	good	-	-	1732211102.000000	1732812302.000000
1732294496.551138	F4CnhhrrC08t0xB54	sha1	105FA67A80089DB5279F35CE830B43889EA3C70D	0F80611C823161D52F28E78D4638B42CE1C6D9E2	07E28383CADBC032728DDDAA3C1F265A	good	-	-	1732211102.000000	1732812302.000000
1732294520.663700	FjAuwV2kRMtFTeICI	sha1	7624DB6BD09C44BD8C92A5BC8159AA8199E6A50A	CE15163BEA02A3A66BDAD92BFDE58C52BE7A50A8	33007EB6C96B42CB16DCB339AA0000007EB6C9	good	-	-	1732194614.000000	1732887014.000000
1732294520.682129	Fol4ea4ygvH35Fadzb	sha1	39D28B71FE1D19B65FB3F1288F23BC04595C4395	4E2254201895E6E36EE60FFAFAB912ED06178F39	0A43A9509B01352F899579EC7208BA50	good	-	-	1732215773.000000	1732820573.000000
1732294581.217450	F2z8fq3hy9aQvst9p6	sha1	105FA67A80089DB5279F35CE830B43889EA3C70D	0F80611C823161D52F28E78D4638B42CE1C6D9E2	07E28383CADBC032728DDDAA3C1F265A	good	-	-	1732211102.000000	1732812302.000000
1732294581.537588	FakpSa4twPMpA04Qhf	sha1	E475019DC323E226741D6C40390795F90596462E	3B70D153E976259D60A8CA660FC69BAE6F54166A	3300B94CE014607334D1E0D45F000000B94CE0	good	-	-	1731694389.000000	1732386789.000000
1732294657.498101	F5WuGg30cGfQ0fTsG8	sha1	E475019DC323E226741D6C40390795F90596462E	3B70D153E976259D60A8CA660FC69BAE6F54166A	3300E258497850FC6287B76F2C000000E25849	good	-	-	1732025588.000000	1732717988.000000
1732294795.885381	FS8w1A3JaLVVlqfoO	sha1	105FA67A80089DB5279F35CE830B43889EA3C70D	0F80611C823161D52F28E78D4638B42CE1C6D9E2	07E28383CADBC032728DDDAA3C1F265A	good	-	-	1732211102.000000	1732812302.000000
1732295094.601486	FYv9iv4g0QihvelTx1	sha1	E475019DC323E226741D6C40390795F90596462E	3B70D153E976259D60A8CA660FC69BAE6F54166A	3300E258497850FC6287B76F2C000000E25849	good	-	-	1732025588.000000	1732717988.000000
1732295120.388187	F6NHsZpszefFLWbY9	sha1	7624DB6BD09C44BD8C92A5BC8159AA8199E6A50A	CE15163BEA02A3A66BDAD92BFDE58C52BE7A50A8	330087E44B434F0DE55FA2D8FC00000087E44B	good	-	-	1732137014.000000	1732829414.000000
1732295184.894458	FK0jLQ3BRxdUfwRry7	sha1	1BC66318D19B621575EEB02B7469CD52D59A2AE2	F67E2FBD80A34AB2705BEBDF9A1FD8EDCA618007	33008073F46DF605903462C9A80000008073F4	good	-	-	1732036205.000000	1732728605.000000
1732295184.975224	F776i41CEXcxvOtj45	sha1	1BC66318D19B621575EEB02B7469CD52D59A2AE2	F67E2FBD80A34AB2705BEBDF9A1FD8EDCA618007	3300AEEBFD824BC8A385665CCA000000AEEBFD	good	-	-	1732036205.000000	1732728605.000000
1732295660.498225	FukloF2aDLpGDWa1id	sha1	E475019DC323E226741D6C40390795F90596462E	3B70D153E976259D60A8CA660FC69BAE6F54166A	3300E258497850FC6287B76F2C000000E25849	good	-	-	1731953588.000000	1732645988.000000
1732295660.576660	FWfCkh2z1fcsE7tAul	sha1	105FA67A80089DB5279F35CE830B43889EA3C70D	0F80611C823161D52F28E78D4638B42CE1C6D9E2	07E28383CADBC032728DDDAA3C1F265A	good	-	-	1732211102.000000	1732812302.000000
1732295660.917948	FNSNMZToa9RyinQ53	sha1	105FA67A80089DB5279F35CE830B43889EA3C70D	0F80611C823161D52F28E78D4638B42CE1C6D9E2	027C07F9ACAF63AA09FB0FB8FDE539A5	good	-	-	1732266181.000000	1732867381.000000
1732295725.797808	FLqqrA4BQu1Ct225x2	sha1	B9BED5F1A61E40B24196B0C29E7E1A9D8BFCB520	9077923567C4FFA8CCA9E67BD980797BCC93F938	D474A41D8738170713ABAF8AAE0E51DD	good	-	-	1732016127.000000	1732617326.000000
1732295727.864657	Fa2cdx1n2Mek2EAfN4	sha1	105FA67A80089DB5279F35CE830B43889EA3C70D	0F80611C823161D52F28E78D4638B42CE1C6D9E2	027C07F9ACAF63AA09FB0FB8FDE539A5	good	-	-	1732266181.000000	1732867381.000000
1732295727.878589	FNeZDny4Nx2CWW4Eh	sha1	105FA67A80089DB5279F35CE830B43889EA3C70D	0F80611C823161D52F28E78D4638B42CE1C6D9E2	027C07F9ACAF63AA09FB0FB8FDE539A5	good	-	-	1732266181.000000	1732867381.000000
1732295787.210724	Fbzl8Q3nKuRMolgSpf	sha1	E475019DC323E226741D6C40390795F90596462E	3B70D153E976259D60A8CA660FC69BAE6F54166A	3300E258497850FC6287B76F2C000000E25849	good	-	-	1732025588.000000	1732717988.000000
1732296379.322274	FMUy0o1JHp1uGdnoTa	sha1	105FA67A80089DB5279F35CE830B43889EA3C70D	0F80611C823161D52F28E78D4638B42CE1C6D9E2	07E28383CADBC032728DDDAA3C1F265A	good	-	-	1732211102.000000	1732812302.000000
1732296379.627163	FDYMLF4DoMYbk2N7dg	sha1	B34FFCEAC1CA8DBE13FD8B8738B023F3D896F3AC	FE09714055051044D8A48175B89E1AE94A0688C8	3300B9B9D5622736E985A54155000000B9B9D5	good	-	-	1731780788.000000	1732473188.000000
1732296381.424110	Fh8Dxl4F4klQjJsxPb	sha1	B34FFCEAC1CA8DBE13FD8B8738B023F3D896F3AC	FE09714055051044D8A48175B89E1AE94A0688C8	3300B9B9D5622736E985A54155000000B9B9D5	good	-	-	1731780788.000000	1732473188.000000
1732296633.442536	FjPSOT1C1xfucLTO3e	sha1	1BC66318D19B621575EEB02B7469CD52D59A2AE2	F67E2FBD80A34AB2705BEBDF9A1FD8EDCA618007	33008073F46DF605903462C9A80000008073F4	good	-	-	1732036205.000000	1732728605.000000
1732296653.783806	FdI8X2eqVCyQ8LUNd	sha1	7624DB6BD09C44BD8C92A5BC8159AA8199E6A50A	CE15163BEA02A3A66BDAD92BFDE58C52BE7A50A8	330087E44B434F0DE55FA2D8FC00000087E44B	good	-	-	1732137014.000000	1732829414.000000
1732296920.650629	FNzxCk3jLsCQllr2R7	sha1	1BC66318D19B621575EEB02B7469CD52D59A2AE2	F67E2FBD80A34AB2705BEBDF9A1FD8EDCA618007	330078F8C8A2112F9DB8E02E0500000078F8C8	good	-	-	1732137005.000000	1732829405.000000
1732296987.094060	FdhI4Z36BVbDCjQL4d	sha1	48B6A9E21293B3C020B12ACE4E73649A3C67DC9B	DD51D0A23173A973AE8FB4017E5D8C57CB9FF0F7	0C34C0B2A945152AF38D0281A8A02B41	good	-	-	1732235942.000000	1732837142.000000
1732298093.535162	F3we7s4f0wA8FbxVBj	sha1	E475019DC323E226741D6C40390795F90596462E	3B70D153E976259D60A8CA660FC69BAE6F54166A	3300E258497850FC6287B76F2C000000E25849	good	-	-	1732025588.000000	1732717988.000000
1732298096.411250	Fsydfb4j3md63ADwH3	sha1	E475019DC323E226741D6C40390795F90596462E	3B70D153E976259D60A8CA660FC69BAE6F54166A	3300E258497850FC6287B76F2C000000E25849	good	-	-	1732025588.000000	1732717988.000000
1732298255.563057	Fmzoqo2AIm7yQGNgR8	sha1	E475019DC323E226741D6C40390795F90596462E	3B70D153E976259D60A8CA660FC69BAE6F54166A	3300F9319CBF4D35056AE61EDC000000F9319C	good	-	-	1732025588.000000	1732717988.000000
1732298255.911601	FNBdJk3sPY9Tf2Ed2i	sha1	105FA67A80089DB5279F35CE830B43889EA3C70D	0F80611C823161D52F28E78D4638B42CE1C6D9E2	027C07F9ACAF63AA09FB0FB8FDE539A5	good	-	-	1732266181.000000	1732867381.000000
1732298257.939706	FZ0wu13pBxT1HV6aVj	sha1	E475019DC323E226741D6C40390795F90596462E	3B70D153E976259D60A8CA660FC69BAE6F54166A	3300F9319CBF4D35056AE61EDC000000F9319C	good	-	-	1732025588.000000	1732717988.000000
1732298257.948973	F9MnVGwAWJAZhDql	sha1	E475019DC323E226741D6C40390795F90596462E	3B70D153E976259D60A8CA660FC69BAE6F54166A	3300F9319CBF4D35056AE61EDC000000F9319C	good	-	-	1732025588.000000	1732717988.000000
1732298681.092984	FzwLqP1A166brpBEK8	sha1	105FA67A80089DB5279F35CE830B43889EA3C70D	0F80611C823161D52F28E78D4638B42CE1C6D9E2	07E28383CADBC032728DDDAA3C1F265A	good	-	-	1732211102.000000	1732812302.000000
1732298681.392726	FCeSBOGwDJz9F31cj	sha1	E475019DC323E226741D6C40390795F90596462E	3B70D153E976259D60A8CA660FC69BAE6F54166A	3300B94CE014607334D1E0D45F000000B94CE0	good	-	-	1732025588.000000	1732717988.000000
1732298682.799554	FChl96dV5fbXfdI0a	sha1	B34FFCEAC1CA8DBE13FD8B8738B023F3D896F3AC	FE09714055051044D8A48175B89E1AE94A0688C8	3300C0DA4E721F51BFD16120A2000000C0DA4E	good	-	-	1731780788.000000	1732473188.000000
1732298683.272263	FaC4qVqB1OaGfx793	sha1	1BC66318D19B621575EEB02B7469CD52D59A2AE2	F67E2FBD80A34AB2705BEBDF9A1FD8EDCA618007	33008073F46DF605903462C9A80000008073F4	good	-	-	1732036205.000000	1732728605.000000
1732298683.279084	FCrQtKhKlEP8Zeq6j	sha1	1BC66318D19B621575EEB02B7469CD52D59A2AE2	F67E2FBD80A34AB2705BEBDF9A1FD8EDCA618007	33008073F46DF605903462C9A80000008073F4	good	-	-	1731777004.000000	1732469404.000000
1732298683.279224	Fa7lPw4SISG3jy6Xl6	sha1	1BC66318D19B621575EEB02B7469CD52D59A2AE2	F67E2FBD80A34AB2705BEBDF9A1FD8EDCA618007	33008073F46DF605903462C9A80000008073F4	good	-	-	1732036205.000000	1732728605.000000
1732298683.279275	FYvZJXu9hE5nOhfq6	sha1	1BC66318D19B621575EEB02B7469CD52D59A2AE2	F67E2FBD80A34AB2705BEBDF9A1FD8EDCA618007	33008073F46DF605903462C9A80000008073F4	good	-	-	1732036205.000000	1732728605.000000
1732298683.351002	F6IWuJ3vvNwJTg9kqd	sha1	1BC66318D19B621575EEB02B7469CD52D59A2AE2	F67E2FBD80A34AB2705BEBDF9A1FD8EDCA618007	33008073F46DF605903462C9A80000008073F4	good	-	-	1732036205.000000	1732728605.000000
1732298688.343385	F0SQxP28z0zMRMWClg	sha1	1BC66318D19B621575EEB02B7469CD52D59A2AE2	F67E2FBD80A34AB2705BEBDF9A1FD8EDCA618007	330078F8C8A2112F9DB8E02E0500000078F8C8	good	-	-	1732050605.000000	1732743005.000000
1732298695.332511	FCebv33BN4SxBLz3Y2	sha1	E475019DC323E226741D6C40390795F90596462E	3B70D153E976259D60A8CA660FC69BAE6F54166A	330033AA11477CE3B3656C5FB300000033AA11	good	-	-	1731780789.000000	1732473189.000000
1732298695.358764	FlB5pX1xXlX1F9Sq96	sha1	7624DB6BD09C44BD8C92A5BC8159AA8199E6A50A	CE15163BEA02A3A66BDAD92BFDE58C52BE7A50A8	33003435152F23E2477DC0CD90000000343515	good	-	-	1731863415.000000	1732555815.000000
1732298785.666200	FP10xl1zD13CbslWq2	sha1	1BC66318D19B621575EEB02B7469CD52D59A2AE2	F67E2FBD80A34AB2705BEBDF9A1FD8EDCA618007	33008073F46DF605903462C9A80000008073F4	good	-	-	1732036205.000000	1732728605.000000
1732298785.705219	F6TVQ810pRBtu8LsHe	sha1	7624DB6BD09C44BD8C92A5BC8159AA8199E6A50A	CE15163BEA02A3A66BDAD92BFDE58C52BE7A50A8	3300B604537878956FE6506CDA000000B60453	good	-	-	1732036215.000000	1732728615.000000
#close	2026-09-23-12-52-22
