#separator \x09
#set_separator	,
#empty_field	(empty)
#unset_field	-
#path	ocsp
#open	2026-09-23-18-35-56
#fields	ts	id	hashAlgorithm	issuerNameHash	issuerKeyHash	serialNumber	certStatus	revoketime	revokereason	thisUpdate	nextUpdate
#types	time	string	string	string	string	string	string	time	string	time	time
1387315339.286697	F0n3As4mpADNfR5Ttc	sha1	B9E9B287028503F8ECA5FB42E13E0F49C72426E2	7FD365A7C2DDECBBF03009F34339FA02AF333133	5B7759C61784E15EC727C0329529286B	good	-	-	1387055465.000000	1387660265.000000
1387315339.301171	FLUbLi4bXM3BdpuSxh	sha1	B9E9B287028503F8ECA5FB42E13E0F49C72426E2	7FD365A7C2DDECBBF03009F34339FA02AF333133	5B7759C61784E15EC727C0329529286B	good	-	-	1387055465.000000	1387660265.000000
1387315339.517684	FR9OID4Nhb5lujbkDl	sha1	45A7D4D407751A5FBDED1E191D4A8DEC52D24155	FC8A50BA9EB9255A7B55854F9500638FE9586B43	1E22C737A3915E3FAB65C4B5A41CAE46	good	-	-	1387053972.000000	1387658772.000000
1387315339.872670	FoiR7J397E5jyffaCd	sha1	0C81293874B29629107ED83562526404530DE083	0D445C165344C1827E1D20AB25F40163D8BE79A5	1066106C05AEB7E41148702551C94987	good	-	-	1387180717.000000	1387785517.000000
1387315339.884134	Fl6Hog2ZcUuLs1Y9pa	sha1	0C81293874B29629107ED83562526404530DE083	0D445C165344C1827E1D20AB25F40163D8BE79A5	1066106C05AEB7E41148702551C94987	good	-	-	1387180717.000000	1387785517.000000
1387315339.888889	F7dau747gTWJGdDBt3	sha1	0C81293874B29629107ED83562526404530DE083	0D445C165344C1827E1D20AB25F40163D8BE79A5	1066106C05AEB7E41148702551C94987	good	-	-	1387180717.000000	1387785517.000000
1387315339.898413	FvUUKk1hCRNtIMPTKe	sha1	0C81293874B29629107ED83562526404530DE083	0D445C165344C1827E1D20AB25F40163D8BE79A5	1066106C05AEB7E41148702551C94987	good	-	-	1387180717.000000	1387785517.000000
1387315339.899177	FQvsPE1f6TtBS6Nygh	sha1	0C81293874B29629107ED83562526404530DE083	0D445C165344C1827E1D20AB25F40163D8BE79A5	1066106C05AEB7E41148702551C94987	good	-	-	1387180717.000000	1387785517.000000
1387315339.988362	FtHEJ44IizQKauncH6	sha1	45A7D4D407751A5FBDED1E191D4A8DEC52D24155	FC8A50BA9EB9255A7B55854F9500638FE9586B43	1E22C737A3915E3FAB65C4B5A41CAE46	good	-	-	1387053972.000000	1387658772.000000
1387315340.470064	F2UNwIUtrtQxauqj3	sha1	0C81293874B29629107ED83562526404530DE083	0D445C165344C1827E1D20AB25F40163D8BE79A5	1066106C05AEB7E41148702551C94987	good	-	-	1387180717.000000	1387785517.000000
1387315340.471305	F19piy3iVJni6ywkTb	sha1	0C81293874B29629107ED83562526404530DE083	0D445C165344C1827E1D20AB25F40163D8BE79A5	1066106C05AEB7E41148702551C94987	good	-	-	1387180717.000000	1387785517.000000
1387315340.503611	FcEWxvVvpoWz5Qwa	sha1	0C81293874B29629107ED83562526404530DE083	0D445C165344C1827E1D20AB25F40163D8BE79A5	1066106C05AEB7E41148702551C94987	good	-	-	1387180717.000000	1387785517.000000
1387315340.504661	FMeTtt189DVVfvDgkb	sha1	0C81293874B29629107ED83562526404530DE083	0D445C165344C1827E1D20AB25F40163D8BE79A5	1066106C05AEB7E41148702551C94987	good	-	-	1387180717.000000	1387785517.000000
1387315342.341425	FfjHdETFO7An6RL25	sha1	0C81293874B29629107ED83562526404530DE083	0D445C165344C1827E1D20AB25F40163D8BE79A5	1066106C05AEB7E41148702551C94987	good	-	-	1387180717.000000	1387785517.000000
1387315378.401436	FDpkVc3ImnMkWHCjc7	sha1	ECBE640BED896BA5721B556667CA535648F5EC13	0B58E58BC64C1537A440A930A921BE47365A56FF	11A3B4D0EC8DB77F9DA0CD5D2D512F42	good	-	-	1387263665.000000	1387609265.000000
1387315378.606916	FVU35X1SkgxluPTOZ3	sha1	48B60D38238DF8456E4EE5843EA394111802979F	884451FF502A695E2D88F421BAD90CF2CECBEA7C	AAA00DA4359BFEF571D824ABB42025A9	good	-	-	1387305143.000000	1387650743.000000
1387315383.900930	FJPJeh2JW0dwgGG1H6	sha1	ED48ADDDCB7B00E20E842AA9B409F1AC3034CF96	50EA7389DB29FB108F9EE50120D4DE79994883F7	0D34F3BE569B9F9DD312DDBCFED60479	good	-	-	1387308791.000000	1387914491.000000
1387315727.280869	F08SKqVlNfLEjkET6	sha1	0C81293874B29629107ED83562526404530DE083	0D445C165344C1827E1D20AB25F40163D8BE79A5	1066106C05AEB7E41148702551C94987	good	-	-	1387180717.000000	1387785517.000000
1387315727.305746	F9bI2l3b6GifxDQodc	sha1	0C81293874B29629107ED83562526404530DE083	0D445C165344C1827E1D20AB25F40163D8BE79A5	1066106C05AEB7E41148702551C94987	good	-	-	1387180717.000000	1387785517.000000
1387315727.316011	FFy6Rp3fXhu4wfwGqa	sha1	0C81293874B29629107ED83562526404530DE083	0D445C165344C1827E1D20AB25F40163D8BE79A5	1066106C05AEB7E41148702551C94987	good	-	-	1387180717.000000	1387785517.000000
1387315727.351847	FtTXXS2v36T6CUPiL9	sha1	0C81293874B29629107ED83562526404530DE083	0D445C165344C1827E1D20AB25F40163D8BE79A5	1066106C05AEB7E41148702551C94987	good	-	-	1387180717.000000	1387785517.000000
1387315727.352974	FZPPrF3asFcqlOhZD8	sha1	0C81293874B29629107ED83562526404530DE083	0D445C165344C1827E1D20AB25F40163D8BE79A5	1066106C05AEB7E41148702551C94987	good	-	-	1387180717.000000	1387785517.000000
1387315727.369489	FfZPVe2bbTJKLcDZp7	sha1	0C81293874B29629107ED83562526404530DE083	0D445C165344C1827E1D20AB25F40163D8BE79A5	1066106C05AEB7E41148702551C94987	good	-	-	1387180717.000000	1387785517.000000
#close	2026-09-23-18-36-00
