#separator \x09
#set_separator	,
#empty_field	(empty)
#unset_field	-
#path	ocsp
#open	2026-09-23-19-08-18
#fields	ts	id	hashAlgorithm	issuerNameHash	issuerKeyHash	serialNumber	certStatus	revoketime	revokereason	thisUpdate	nextUpdate
#types	time	string	string	string	string	string	string	time	string	time	time
1657725481.098686	FG3Qr83cgr9kUpaGj	sha1	33F5AAC61D66E7055D03173A4D1F3E187138850D	59A4660652A07B95923CA394072796745BF93DD0	046C82F3979B7A7370746AFAA62CCF34	good	-	-	1657710542.000000	1658312642.000000
1657725481.128578	FjAPQz1bNO2lg9uhOg	sha1	33F5AAC61D66E7055D03173A4D1F3E187138850D	59A4660652A07B95923CA394072796745BF93DD0	0C558573752B47CC591B9605E08E803C	good	-	-	1657669860.000000	1658271960.000000
1657725485.686772	FURFr71xQsxukJu0vd	sha1	33F5AAC61D66E7055D03173A4D1F3E187138850D	59A4660652A07B95923CA394072796745BF93DD0	046C82F3979B7A7370746AFAA62CCF34	good	-	-	1657710542.000000	1658312642.000000
1657725485.854661	FhPPU92DHlEkInr0f	sha1	33F5AAC61D66E7055D03173A4D1F3E187138850D	59A4660652A07B95923CA394072796745BF93DD0	046C82F3979B7A7370746AFAA62CCF34	good	-	-	1657710542.000000	1658312642.000000
1657725485.856405	Ff3v6l3DebNrTcrXgk	sha1	33F5AAC61D66E7055D03173A4D1F3E187138850D	59A4660652A07B95923CA394072796745BF93DD0	046C82F3979B7A7370746AFAA62CCF34	good	-	-	1657710542.000000	1658312642.000000
1657725486.481171	F2SI6S1HjIHQCQlfR3	sha1	33F5AAC61D66E7055D03173A4D1F3E187138850D	59A4660652A07B95923CA394072796745BF93DD0	0999C22AD47251014AE5C805430D7F33	good	-	-	1657654021.000000	1658256121.000000
1657725486.528054	F5qNSG26qvPuKrI2N7	sha1	33F5AAC61D66E7055D03173A4D1F3E187138850D	59A4660652A07B95923CA394072796745BF93DD0	0999C22AD47251014AE5C805430D7F33	good	-	-	1657654021.000000	1658256121.000000
1657725486.531042	FW1WVq1od2xL1zjXF5	sha1	33F5AAC61D66E7055D03173A4D1F3E187138850D	59A4660652A07B95923CA394072796745BF93DD0	0999C22AD47251014AE5C805430D7F33	good	-	-	1657654021.000000	1658256121.000000
1657725486.532411	FDwxPh37BYki2wQNV	sha1	33F5AAC61D66E7055D03173A4D1F3E187138850D	59A4660652A07B95923CA394072796745BF93DD0	0999C22AD47251014AE5C805430D7F33	good	-	-	1657654021.000000	1658256121.000000
1657725487.366936	FN1juY2yxJQWilHKwd	sha1	33F5AAC61D66E7055D03173A4D1F3E187138850D	59A4660652A07B95923CA394072796745BF93DD0	0999C22AD47251014AE5C805430D7F33	good	-	-	1657654021.000000	1658256121.000000
1657725488.193819	Fog8Sp1Vy4e3l8jf39	sha1	33F5AAC61D66E7055D03173A4D1F3E187138850D	59A4660652A07B95923CA394072796745BF93DD0	0B888E5CB85EFEFACF06AF9D81781E19	good	-	-	1657665181.000000	1658267281.000000
1657725490.812498	FTBFlEGVsOJVsPud	sha1	33F5AAC61D66E7055D03173A4D1F3E187138850D	59A4660652A07B95923CA394072796745BF93DD0	046C82F3979B7A7370746AFAA62CCF34	good	-	-	1657710542.000000	1658312642.000000
1657725490.815749	FCLhJdkA9AQnDgMi1	sha1	33F5AAC61D66E7055D03173A4D1F3E187138850D	59A4660652A07B95923CA394072796745BF93DD0	046C82F3979B7A7370746AFAA62CCF34	good	-	-	1657710542.000000	1658312642.000000
1657725608.605605	FNmVuE1Sk25yIssCNc	sha1	33F5AAC61D66E7055D03173A4D1F3E187138850D	59A4660652A07B95923CA394072796745BF93DD0	0B888E5CB85EFEFACF06AF9D81781E19	good	-	-	1657665181.000000	1658267281.000000
1657725610.736636	FKavhh1gdnn1NnVWk1	sha1	33F5AAC61D66E7055D03173A4D1F3E187138850D	59A4660652A07B95923CA394072796745BF93DD0	046C82F3979B7A7370746AFAA62CCF34	good	-	-	1657710542.000000	1658312642.000000
1657725610.933388	FBfaO61ALCnutiUSM3	sha1	33F5AAC61D66E7055D03173A4D1F3E187138850D	59A4660652A07B95923CA394072796745BF93DD0	046C82F3979B7A7370746AFAA62CCF34	good	-	-	1657710542.000000	1658312642.000000
1657725670.616959	FO3q1lO9pRlNsvrCl	sha1	33F5AAC61D66E7055D03173A4D1F3E187138850D	59A4660652A07B95923CA394072796745BF93DD0	0B888E5CB85EFEFACF06AF9D81781E19	good	-	-	1657665181.000000	1658267281.000000
1657725729.212137	FEzHTz1R6fpRrzogX	sha1	33F5AAC61D66E7055D03173A4D1F3E187138850D	59A4660652A07B95923CA394072796745BF93DD0	0C558573752B47CC591B9605E08E803C	good	-	-	1657669860.000000	1658271960.000000
1657725747.814280	Fi2MPX3qkUdhUXmaJ4	sha1	33F5AAC61D66E7055D03173A4D1F3E187138850D	59A4660652A07B95923CA394072796745BF93DD0	046C82F3979B7A7370746AFAA62CCF34	good	-	-	1657710542.000000	1658312642.000000
1657725759.067583	FsCKxee5sqkoyXDN8	sha1	33F5AAC61D66E7055D03173A4D1F3E187138850D	59A4660652A07B95923CA394072796745BF93DD0	046C82F3979B7A7370746AFAA62CCF34	good	-	-	1657710542.000000	1658312642.000000
1657725849.330515	FCJwSL1n4pqzi96FKg	sha1	33F5AAC61D66E7055D03173A4D1F3E187138850D	59A4660652A07B95923CA394072796745BF93DD0	0C558573752B47CC591B9605E08E803C	good	-	-	1657669860.000000	1658271960.000000
1657725851.030563	FyuxbolchVLDCMQPe	sha1	33F5AAC61D66E7055D03173A4D1F3E187138850D	59A4660652A07B95923CA394072796745BF93DD0	0999C22AD47251014AE5C805430D7F33	good	-	-	1657654021.000000	1658256121.000000
1657725851.448814	FGABEN2gm1LZm1GSd	sha1	33F5AAC61D66E7055D03173A4D1F3E187138850D	59A4660652A07B95923CA394072796745BF93DD0	0999C22AD47251014AE5C805430D7F33	good	-	-	1657654021.000000	1658256121.000000
1657725852.622252	Fii5kX0dzBXirOfQ9	sha1	33F5AAC61D66E7055D03173A4D1F3E187138850D	59A4660652A07B95923CA394072796745BF93DD0	046C82F3979B7A7370746AFAA62CCF34	good	-	-	1657710542.000000	1658312642.000000
1657725972.155718	Fy3wDH35gbo8G89tQ3	sha1	33F5AAC61D66E7055D03173A4D1F3E187138850D	59A4660652A07B95923CA394072796745BF93DD0	046C82F3979B7A7370746AFAA62CCF34	good	-	-	1657710542.000000	1658312642.000000
1657725976.473067	F0GAPqqdAY8IKK3Le	sha1	33F5AAC61D66E7055D03173A4D1F3E187138850D	59A4660652A07B95923CA394072796745BF93DD0	046C82F3979B7A7370746AFAA62CCF34	good	-	-	1657710542.000000	1658312642.000000
1657726093.999805	FPNNq242mYJnfQe9zc	sha1	33F5AAC61D66E7055D03173A4D1F3E187138850D	59A4660652A07B95923CA394072796745BF93DD0	0999C22AD47251014AE5C805430D7F33	good	-	-	1657654021.000000	1658256121.000000
1657726094.505971	FcF4htXUosZHw9Roe	sha1	33F5AAC61D66E7055D03173A4D1F3E187138850D	59A4660652A07B95923CA394072796745BF93DD0	0999C22AD47251014AE5C805430D7F33	good	-	-	1657654021.000000	1658256121.000000
1657726095.252932	FF3NDK3qZLQpFEUfhc	sha1	33F5AAC61D66E7055D03173A4D1F3E187138850D	59A4660652A07B95923CA394072796745BF93DD0	0C558573752B47CC591B9605E08E803C	good	-	-	1657669860.000000	1658271960.000000
1657726095.799593	FYbKa44Y8aFdU9gt6b	sha1	33F5AAC61D66E7055D03173A4D1F3E187138850D	59A4660652A07B95923CA394072796745BF93DD0	0B888E5CB85EFEFACF06AF9D81781E19	good	-	-	1657665181.000000	1658267281.000000
1657726096.012371	FWM5NM1GmVCyROzjSa	sha1	33F5AAC61D66E7055D03173A4D1F3E187138850D	59A4660652A07B95923CA394072796745BF93DD0	0B888E5CB85EFEFACF06AF9D81781E19	good	-	-	1657665181.000000	1658267281.000000
1657726212.738541	FbpzU02aGLcKOgfo97	sha1	33F5AAC61D66E7055D03173A4D1F3E187138850D	59A4660652A07B95923CA394072796745BF93DD0	0C558573752B47CC591B9605E08E803C	good	-	-	1657669860.000000	1658271960.000000
1657726212.778434	FwKKkB4BcFFk8gsSD4	sha1	33F5AAC61D66E7055D03173A4D1F3E187138850D	59A4660652A07B95923CA394072796745BF93DD0	0C558573752B47CC591B9605E08E803C	good	-	-	1657669860.000000	1658271960.000000
1657726212.795555	FnBjT34XMCWl3NQYL6	sha1	33F5AAC61D66E7055D03173A4D1F3E187138850D	59A4660652A07B95923CA394072796745BF93DD0	0C558573752B47CC591B9605E08E803C	good	-	-	1657669860.000000	1658271960.000000
1657726212.804173	FkJ32124zMUDQ7jyEa	sha1	33F5AAC61D66E7055D03173A4D1F3E187138850D	59A4660652A07B95923CA394072796745BF93DD0	0C558573752B47CC591B9605E08E803C	good	-	-	1657669860.000000	1658271960.000000
1657726212.811391	FuVZsj2N6kAYmBar3d	sha1	33F5AAC61D66E7055D03173A4D1F3E187138850D	59A4660652A07B95923CA394072796745BF93DD0	0C558573752B47CC591B9605E08E803C	good	-	-	1657669860.000000	1658271960.000000
1657726212.822165	FX1kwh3JYg8tm0a4ye	sha1	33F5AAC61D66E7055D03173A4D1F3E187138850D	59A4660652A07B95923CA394072796745BF93DD0	0C558573752B47CC591B9605E08E803C	good	-	-	1657669860.000000	1658271960.000000
1657726212.850889	FAlM7tuHA1GT9PlN6	sha1	33F5AAC61D66E7055D03173A4D1F3E187138850D	59A4660652A07B95923CA394072796745BF93DD0	0C558573752B47CC591B9605E08E803C	good	-	-	1657669860.000000	1658271960.000000
1657726214.783363	FPkRCp1qrtrcRTuxL	sha1	33F5AAC61D66E7055D03173A4D1F3E187138850D	59A4660652A07B95923CA394072796745BF93DD0	0999C22AD47251014AE5C805430D7F33	good	-	-	1657654021.000000	1658256121.000000
1657726215.076711	FWaRrX8UYzOhIXPVg	sha1	33F5AAC61D66E7055D03173A4D1F3E187138850D	59A4660652A07B95923CA394072796745BF93DD0	0999C22AD47251014AE5C805430D7F33	good	-	-	1657654021.000000	1658256121.000000
1657726215.081247	FK0Ao33YIrANqY2yya	sha1	33F5AAC61D66E7055D03173A4D1F3E187138850D	59A4660652A07B95923CA394072796745BF93DD0	0999C22AD47251014AE5C805430D7F33	good	-	-	1657654021.000000	1658256121.000000
1657726336.857423	FMsMUVuMQtTWeZqx6	sha1	33F5AAC61D66E7055D03173A4D1F3E187138850D	59A4660652A07B95923CA394072796745BF93DD0	0999C22AD47251014AE5C805430D7F33	good	-	-	1657654021.000000	1658256121.000000
1657726337.438171	Ff3TZC2we7H0suXxt4	sha1	33F5AAC61D66E7055D03173A4D1F3E187138850D	59A4660652A07B95923CA394072796745BF93DD0	0999C22AD47251014AE5C805430D7F33	good	-	-	1657654021.000000	1658256121.000000
1657726338.148336	FY8P9f2KbITntNMz3c	sha1	33F5AAC61D66E7055D03173A4D1F3E187138850D	59A4660652A07B95923CA394072796745BF93DD0	0B888E5CB85EFEFACF06AF9D81781E19	good	-	-	1657665181.000000	1658267281.000000
1657726338.254336	F4EiaK2zmlQGGP3a58	sha1	33F5AAC61D66E7055D03173A4D1F3E187138850D	59A4660652A07B95923CA394072796745BF93DD0	0B888E5CB85EFEFACF06AF9D81781E19	good	-	-	1657665181.000000	1658267281.000000
1657726338.267464	FV26Tr1bABqFBdBJM	sha1	33F5AAC61D66E7055D03173A4D1F3E187138850D	59A4660652A07B95923CA394072796745BF93DD0	0B888E5CB85EFEFACF06AF9D81781E19	good	-	-	1657665181.000000	1658267281.000000
1657726340.323621	FKLTEuBgeCHroMOLj	sha1	33F5AAC61D66E7055D03173A4D1F3E187138850D	59A4660652A07B95923CA394072796745BF93DD0	046C82F3979B7A7370746AFAA62CCF34	good	-	-	1657710542.000000	1658312642.000000
1657726455.566319	FwgeWw15JR9dnXjAsh	sha1	33F5AAC61D66E7055D03173A4D1F3E187138850D	59A4660652A07B95923CA394072796745BF93DD0	0C558573752B47CC591B9605E08E803C	good	-	-	1657669860.000000	1658271960.000000
1657726455.640907	FMyCyA1bC7datusIj6	sha1	33F5AAC61D66E7055D03173A4D1F3E187138850D	59A4660652A07B95923CA394072796745BF93DD0	0C558573752B47CC591B9605E08E803C	good	-	-	1657669860.000000	1658271960.000000
1657726455.645018	FvQS3sV0jta2I4yVi	sha1	33F5AAC61D66E7055D03173A4D1F3E187138850D	59A4660652A07B95923CA394072796745BF93DD0	0C558573752B47CC591B9605E08E803C	good	-	-	1657669860.000000	1658271960.000000
1657726455.674301	FucvhE4H9vXCVTbJ7i	sha1	33F5AAC61D66E7055D03173A4D1F3E187138850D	59A4660652A07B95923CA394072796745BF93DD0	0C558573752B47CC591B9605E08E803C	good	-	-	1657669860.000000	1658271960.000000
1657726455.684019	FXeQyQ3KjomVaqRxof	sha1	33F5AAC61D66E7055D03173A4D1F3E187138850D	59A4660652A07B95923CA394072796745BF93DD0	0C558573752B47CC591B9605E08E803C	good	-	-	1657669860.000000	1658271960.000000
1657726455.699300	FGMGrE4LaRPPnhH0vk	sha1	33F5AAC61D66E7055D03173A4D1F3E187138850D	59A4660652A07B95923CA394072796745BF93DD0	0C558573752B47CC591B9605E08E803C	good	-	-	1657669860.000000	1658271960.000000
1657726455.735931	FiXpgn1xO3BlYJ66ib	sha1	33F5AAC61D66E7055D03173A4D1F3E187138850D	59A4660652A07B95923CA394072796745BF93DD0	0C558573752B47CC591B9605E08E803C	good	-	-	1657669860.000000	1658271960.000000
1657726457.032070	FrHPi82QiLT1Vrq1Jg	sha1	33F5AAC61D66E7055D03173A4D1F3E187138850D	59A4660652A07B95923CA394072796745BF93DD0	0999C22AD47251014AE5C805430D7F33	good	-	-	1657654021.000000	1658256121.000000
1657726457.159042	FUs4A22I9yif6XQ6h	sha1	33F5AAC61D66E7055D03173A4D1F3E187138850D	59A4660652A07B95923CA394072796745BF93DD0	0999C22AD47251014AE5C805430D7F33	good	-	-	1657654021.000000	1658256121.000000
1657726457.189190	FBOphL3mNZCG8kjJzi	sha1	33F5AAC61D66E7055D03173A4D1F3E187138850D	59A4660652A07B95923CA394072796745BF93DD0	0999C22AD47251014AE5C805430D7F33	good	-	-	1657654021.000000	1658256121.000000
1657726458.104012	F3uo8y3DGI8Q91KvQ1	sha1	33F5AAC61D66E7055D03173A4D1F3E187138850D	59A4660652A07B95923CA394072796745BF93DD0	0999C22AD47251014AE5C805430D7F33	good	-	-	1657654021.000000	1658256121.000000
1657726461.598262	FlYJDy2v6Jwew4yAy9	sha1	33F5AAC61D66E7055D03173A4D1F3E187138850D	59A4660652A07B95923CA394072796745BF93DD0	046C82F3979B7A7370746AFAA62CCF34	good	-	-	1657710542.000000	1658312642.000000
1657726461.786161	Fb9z2ACFBBXnKAwmh	sha1	33F5AAC61D66E7055D03173A4D1F3E187138850D	59A4660652A07B95923CA394072796745BF93DD0	046C82F3979B7A7370746AFAA62CCF34	good	-	-	1657710542.000000	1658312642.000000
1657726576.243243	F8IppO1jGNMko86Td8	sha1	33F5AAC61D66E7055D03173A4D1F3E187138850D	59A4660652A07B95923CA394072796745BF93DD0	0C558573752B47CC591B9605E08E803C	good	-	-	1657669860.000000	1658271960.000000
1657726576.282123	FWfxqG2G29CbntvmT4	sha1	33F5AAC61D66E7055D03173A4D1F3E187138850D	59A4660652A07B95923CA394072796745BF93DD0	0C558573752B47CC591B9605E08E803C	good	-	-	1657669860.000000	1658271960.000000
1657726576.311723	FL8zkz1LxeBa7Upm7f	sha1	33F5AAC61D66E7055D03173A4D1F3E187138850D	59A4660652A07B95923CA394072796745BF93DD0	0C558573752B47CC591B9605E08E803C	good	-	-	1657669860.000000	1658271960.000000
1657726576.319631	FXbCSd4XEZUW1Z8lw8	sha1	33F5AAC61D66E7055D03173A4D1F3E187138850D	59A4660652A07B95923CA394072796745BF93DD0	0C558573752B47CC591B9605E08E803C	good	-	-	1657669860.000000	1658271960.000000
1657726576.327476	FgjVGf16VySnZLlAof	sha1	33F5AAC61D66E7055D03173A4D1F3E187138850D	59A4660652A07B95923CA394072796745BF93DD0	0C558573752B47CC591B9605E08E803C	good	-	-	1657669860.000000	1658271960.000000
1657726576.332607	FzfZtH2u36EDZEOt4l	sha1	33F5AAC61D66E7055D03173A4D1F3E187138850D	59A4660652A07B95923CA394072796745BF93DD0	0C558573752B47CC591B9605E08E803C	good	-	-	1657669860.000000	1658271960.000000
1657726576.350221	FQ0b9j25Vzal8MEdTa	sha1	33F5AAC61D66E7055D03173A4D1F3E187138850D	59A4660652A07B95923CA394072796745BF93DD0	0C558573752B47CC591B9605E08E803C	good	-	-	1657669860.000000	1658271960.000000
1657726576.354586	F6jmaH1zyRdqSY5oVa	sha1	33F5AAC61D66E7055D03173A4D1F3E187138850D	59A4660652A07B95923CA394072796745BF93DD0	0C558573752B47CC591B9605E08E803C	good	-	-	1657669860.000000	1658271960.000000
1657726576.358349	FEJdSE2jQAMZuKlrya	sha1	33F5AAC61D66E7055D03173A4D1F3E187138850D	59A4660652A07B95923CA394072796745BF93DD0	0C558573752B47CC591B9605E08E803C	good	-	-	1657669860.000000	1658271960.000000
1657726577.902758	FmPg2jSz2fKXnvDs9	sha1	33F5AAC61D66E7055D03173A4D1F3E187138850D	59A4660652A07B95923CA394072796745BF93DD0	0999C22AD47251014AE5C805430D7F33	good	-	-	1657654021.000000	1658256121.000000
1657726578.876905	Fbp598vzM7t0pZZ47	sha1	33F5AAC61D66E7055D03173A4D1F3E187138850D	59A4660652A07B95923CA394072796745BF93DD0	0999C22AD47251014AE5C805430D7F33	good	-	-	1657654021.000000	1658256121.000000
1657726579.461472	FwJUgA4yfwhwgY7ee7	sha1	33F5AAC61D66E7055D03173A4D1F3E187138850D	59A4660652A07B95923CA394072796745BF93DD0	0C558573752B47CC591B9605E08E803C	good	-	-	1657669860.000000	1658271960.000000
1657726581.587292	Fh96HE3hw2wQcE5HH3	sha1	33F5AAC61D66E7055D03173A4D1F3E187138850D	59A4660652A07B95923CA394072796745BF93DD0	046C82F3979B7A7370746AFAA62CCF34	good	-	-	1657710542.000000	1658312642.000000
1657726642.592753	FVVyTe3MkQhqMp1MD	sha1	33F5AAC61D66E7055D03173A4D1F3E187138850D	59A4660652A07B95923CA394072796745BF93DD0	0B888E5CB85EFEFACF06AF9D81781E19	good	-	-	1657665181.000000	1658267281.000000
1657726643.845673	FE5NpVbuPiWNcXM0c	sha1	33F5AAC61D66E7055D03173A4D1F3E187138850D	59A4660652A07B95923CA394072796745BF93DD0	0999C22AD47251014AE5C805430D7F33	good	-	-	1657654021.000000	1658256121.000000
1657726645.362834	FLPQlY3dJKpmupPjek	sha1	33F5AAC61D66E7055D03173A4D1F3E187138850D	59A4660652A07B95923CA394072796745BF93DD0	046C82F3979B7A7370746AFAA62CCF34	good	-	-	1657710542.000000	1658312642.000000
1657726820.547701	F7Zadh4HgvW4qK5dJb	sha1	33F5AAC61D66E7055D03173A4D1F3E187138850D	59A4660652A07B95923CA394072796745BF93DD0	0C558573752B47CC591B9605E08E803C	good	-	-	1657669860.000000	1658271960.000000
1657726820.601826	FfdEtp1GyTp5sWFvVi	sha1	33F5AAC61D66E7055D03173A4D1F3E187138850D	59A4660652A07B95923CA394072796745BF93DD0	0C558573752B47CC591B9605E08E803C	good	-	-	1657669860.000000	1658271960.000000
1657726821.941228	FQjLWn4uSTdDyJMHUj	sha1	33F5AAC61D66E7055D03173A4D1F3E187138850D	59A4660652A07B95923CA394072796745BF93DD0	0999C22AD47251014AE5C805430D7F33	good	-	-	1657654021.000000	1658256121.000000
1657726821.950143	Fzditv27sRuDg9mcf6	sha1	33F5AAC61D66E7055D03173A4D1F3E187138850D	59A4660652A07B95923CA394072796745BF93DD0	0999C22AD47251014AE5C805430D7F33	good	-	-	1657654021.000000	1658256121.000000
1657726823.231000	FXcEQj15tv1W4vZGc1	sha1	33F5AAC61D66E7055D03173A4D1F3E187138850D	59A4660652A07B95923CA394072796745BF93DD0	0B888E5CB85EFEFACF06AF9D81781E19	good	-	-	1657665181.000000	1658267281.000000
1657726824.064773	FNHWwu3RFEa6IN5lj7	sha1	33F5AAC61D66E7055D03173A4D1F3E187138850D	59A4660652A07B95923CA394072796745BF93DD0	0C558573752B47CC591B9605E08E803C	good	-	-	1657669860.000000	1658271960.000000
1657727009.618529	FNhjS5228lbMVS93dg	sha1	33F5AAC61D66E7055D03173A4D1F3E187138850D	59A4660652A07B95923CA394072796745BF93DD0	0999C22AD47251014AE5C805430D7F33	good	-	-	1657654021.000000	1658256121.000000
1657727009.679801	FphiLM3W9XAvXpLpRa	sha1	33F5AAC61D66E7055D03173A4D1F3E187138850D	59A4660652A07B95923CA394072796745BF93DD0	0999C22AD47251014AE5C805430D7F33	good	-	-	1657654021.000000	1658256121.000000
1657727067.485194	FR1TzA1BEqHrHZtNCf	sha1	33F5AAC61D66E7055D03173A4D1F3E187138850D	59A4660652A07B95923CA394072796745BF93DD0	0C558573752B47CC591B9605E08E803C	good	-	-	1657669860.000000	1658271960.000000
1657727067.525704	FGUb7k14Toatvt4Abg	sha1	33F5AAC61D66E7055D03173A4D1F3E187138850D	59A4660652A07B95923CA394072796745BF93DD0	0C558573752B47CC591B9605E08E803C	good	-	-	1657669860.000000	1658271960.000000
1657727067.548324	F95ZSB4UVUZ53azw37	sha1	33F5AAC61D66E7055D03173A4D1F3E187138850D	59A4660652A07B95923CA394072796745BF93DD0	0C558573752B47CC591B9605E08E803C	good	-	-	1657669860.000000	1658271960.000000
1657727067.571437	FUDAHN2d6PQpvGbcC4	sha1	33F5AAC61D66E7055D03173A4D1F3E187138850D	59A4660652A07B95923CA394072796745BF93DD0	0C558573752B47CC591B9605E08E803C	good	-	-	1657669860.000000	1658271960.000000
1657727067.607596	F31pKF1q2pN9f27Em2	sha1	33F5AAC61D66E7055D03173A4D1F3E187138850D	59A4660652A07B95923CA394072796745BF93DD0	0C558573752B47CC591B9605E08E803C	good	-	-	1657669860.000000	1658271960.000000
1657727188.608881	FlSoDM1jG8ZolRdWHf	sha1	33F5AAC61D66E7055D03173A4D1F3E187138850D	59A4660652A07B95923CA394072796745BF93DD0	0C558573752B47CC591B9605E08E803C	good	-	-	1657669860.000000	1658271960.000000
1657727188.670404	F3hnFR1C0cIqNUb361	sha1	33F5AAC61D66E7055D03173A4D1F3E187138850D	59A4660652A07B95923CA394072796745BF93DD0	0C558573752B47CC591B9605E08E803C	good	-	-	1657669860.000000	1658271960.000000
1657727188.688288	FvOoRU1h8FYNWp78Fk	sha1	33F5AAC61D66E7055D03173A4D1F3E187138850D	59A4660652A07B95923CA394072796745BF93DD0	0C558573752B47CC591B9605E08E803C	good	-	-	1657669860.000000	1658271960.000000
1657727188.700658	FWpwgX2AcvLQWU35x1	sha1	33F5AAC61D66E7055D03173A4D1F3E187138850D	59A4660652A07B95923CA394072796745BF93DD0	0C558573752B47CC591B9605E08E803C	good	-	-	1657669860.000000	1658271960.000000
1657727188.716050	FVDo6H2RbTHQrVuJt4	sha1	33F5AAC61D66E7055D03173A4D1F3E187138850D	59A4660652A07B95923CA394072796745BF93DD0	0C558573752B47CC591B9605E08E803C	good	-	-	1657669860.000000	1658271960.000000
1657727188.720530	FcY38l2ZGrs5rxu1Xj	sha1	33F5AAC61D66E7055D03173A4D1F3E187138850D	59A4660652A07B95923CA394072796745BF93DD0	0C558573752B47CC591B9605E08E803C	good	-	-	1657669860.000000	1658271960.000000
1657727188.731881	FzKDSj1ObDlwiiEah6	sha1	33F5AAC61D66E7055D03173A4D1F3E187138850D	59A4660652A07B95923CA394072796745BF93DD0	0C558573752B47CC591B9605E08E803C	good	-	-	1657669860.000000	1658271960.000000
1657727188.746533	Fkcs9uSMSM7RRwmc8	sha1	33F5AAC61D66E7055D03173A4D1F3E187138850D	59A4660652A07B95923CA394072796745BF93DD0	0C558573752B47CC591B9605E08E803C	good	-	-	1657669860.000000	1658271960.000000
1657727190.528175	FVaqrt2d8BFLXamVSi	sha1	33F5AAC61D66E7055D03173A4D1F3E187138850D	59A4660652A07B95923CA394072796745BF93DD0	0999C22AD47251014AE5C805430D7F33	good	-	-	1657654021.000000	1658256121.000000
1657727191.679941	FdXZtE0V0sid1Dvt4	sha1	33F5AAC61D66E7055D03173A4D1F3E187138850D	59A4660652A07B95923CA394072796745BF93DD0	0999C22AD47251014AE5C805430D7F33	good	-	-	1657654021.000000	1658256121.000000
1657727196.668800	FRmm7s4KGoL5wiiDf2	sha1	33F5AAC61D66E7055D03173A4D1F3E187138850D	59A4660652A07B95923CA394072796745BF93DD0	046C82F3979B7A7370746AFAA62CCF34	good	-	-	1657710542.000000	1658312642.000000
1657727256.087747	FuyWI21Agdrk2MPhEg	sha1	33F5AAC61D66E7055D03173A4D1F3E187138850D	59A4660652A07B95923CA394072796745BF93DD0	0B888E5CB85EFEFACF06AF9D81781E19	good	-	-	1657665181.000000	1658267281.000000
1657727256.117267	FTO5bh4uTgVccJmGT	sha1	33F5AAC61D66E7055D03173A4D1F3E187138850D	59A4660652A07B95923CA394072796745BF93DD0	0B888E5CB85EFEFACF06AF9D81781E19	good	-	-	1657665181.000000	1658267281.000000
1657727257.344280	FrpfP74dtXzzzUmzs8	sha1	33F5AAC61D66E7055D03173A4D1F3E187138850D	59A4660652A07B95923CA394072796745BF93DD0	0999C22AD47251014AE5C805430D7F33	good	-	-	1657654021.000000	1658256121.000000
1657727312.650633	FAr9yf2DhJccIIaK3b	sha1	33F5AAC61D66E7055D03173A4D1F3E187138850D	59A4660652A07B95923CA394072796745BF93DD0	0C558573752B47CC591B9605E08E803C	good	-	-	1657669860.000000	1658271960.000000
1657727312.659249	F48GDM17zHrTblW2ck	sha1	33F5AAC61D66E7055D03173A4D1F3E187138850D	59A4660652A07B95923CA394072796745BF93DD0	0C558573752B47CC591B9605E08E803C	good	-	-	1657669860.000000	1658271960.000000
1657727312.665379	FfsOWV2IdhyAmBmZ16	sha1	33F5AAC61D66E7055D03173A4D1F3E187138850D	59A4660652A07B95923CA394072796745BF93DD0	0C558573752B47CC591B9605E08E803C	good	-	-	1657669860.000000	1658271960.000000
1657727312.674286	FYQiy6oBzsPSCo9e1	sha1	33F5AAC61D66E7055D03173A4D1F3E187138850D	59A4660652A07B95923CA394072796745BF93DD0	0C558573752B47CC591B9605E08E803C	good	-	-	1657669860.000000	1658271960.000000
1657727312.677853	F8lIMy3eyb7LdlRvff	sha1	33F5AAC61D66E7055D03173A4D1F3E187138850D	59A4660652A07B95923CA394072796745BF93DD0	0C558573752B47CC591B9605E08E803C	good	-	-	1657669860.000000	1658271960.000000
1657727312.687649	F47gEn1AUVHRZop4jb	sha1	33F5AAC61D66E7055D03173A4D1F3E187138850D	59A4660652A07B95923CA394072796745BF93DD0	0C558573752B47CC591B9605E08E803C	good	-	-	1657669860.000000	1658271960.000000
1657727312.696614	FuRgI22kAb4ZDe2U24	sha1	33F5AAC61D66E7055D03173A4D1F3E187138850D	59A4660652A07B95923CA394072796745BF93DD0	0C558573752B47CC591B9605E08E803C	good	-	-	1657669860.000000	1658271960.000000
1657727312.701869	FqSFvU3Dym7LosT4H5	sha1	33F5AAC61D66E7055D03173A4D1F3E187138850D	59A4660652A07B95923CA394072796745BF93DD0	0C558573752B47CC591B9605E08E803C	good	-	-	1657669860.000000	1658271960.000000
1657727314.825299	FJi4mJ3mRhM5zkgYI4	sha1	33F5AAC61D66E7055D03173A4D1F3E187138850D	59A4660652A07B95923CA394072796745BF93DD0	0C558573752B47CC591B9605E08E803C	good	-	-	1657669860.000000	1658271960.000000
1657727316.048618	FnGaks1aLkEZ6Fzxk	sha1	33F5AAC61D66E7055D03173A4D1F3E187138850D	59A4660652A07B95923CA394072796745BF93DD0	046C82F3979B7A7370746AFAA62CCF34	good	-	-	1657710542.000000	1658312642.000000
1657727435.459933	FzJWoy4V0KOI8zSx9i	sha1	33F5AAC61D66E7055D03173A4D1F3E187138850D	59A4660652A07B95923CA394072796745BF93DD0	0999C22AD47251014AE5C805430D7F33	good	-	-	1657654021.000000	1658256121.000000
1657727555.763724	FcPBtm3anEEzfBj7vc	sha1	33F5AAC61D66E7055D03173A4D1F3E187138850D	59A4660652A07B95923CA394072796745BF93DD0	0999C22AD47251014AE5C805430D7F33	good	-	-	1657654021.000000	1658256121.000000
1657727556.343602	FGGnTe332zMvBywCf4	sha1	33F5AAC61D66E7055D03173A4D1F3E187138850D	59A4660652A07B95923CA394072796745BF93DD0	0B888E5CB85EFEFACF06AF9D81781E19	good	-	-	1657665181.000000	1658267281.000000
1657727556.465259	FAkkGK32MVQmZhc2k6	sha1	33F5AAC61D66E7055D03173A4D1F3E187138850D	59A4660652A07B95923CA394072796745BF93DD0	0B888E5CB85EFEFACF06AF9D81781E19	good	-	-	1657665181.000000	1658267281.000000
1657727558.002964	FPiALr2et9AUgekKx8	sha1	33F5AAC61D66E7055D03173A4D1F3E187138850D	59A4660652A07B95923CA394072796745BF93DD0	046C82F3979B7A7370746AFAA62CCF34	good	-	-	1657710542.000000	1658312642.000000
1657727674.528751	FIUNow3hoPDA18wpyb	sha1	33F5AAC61D66E7055D03173A4D1F3E187138850D	59A4660652A07B95923CA394072796745BF93DD0	0C558573752B47CC591B9605E08E803C	good	-	-	1657669860.000000	1658271960.000000
1657727674.591631	F6yTL33Ej8SGiiMsd8	sha1	33F5AAC61D66E7055D03173A4D1F3E187138850D	59A4660652A07B95923CA394072796745BF93DD0	0C558573752B47CC591B9605E08E803C	good	-	-	1657669860.000000	1658271960.000000
1657727674.613256	FOCYKG2968IMpnoRUb	sha1	33F5AAC61D66E7055D03173A4D1F3E187138850D	59A4660652A07B95923CA394072796745BF93DD0	0C558573752B47CC591B9605E08E803C	good	-	-	1657669860.000000	1658271960.000000
1657727674.628484	F9kvum1hbp7SlgkSC1	sha1	33F5AAC61D66E7055D03173A4D1F3E187138850D	59A4660652A07B95923CA394072796745BF93DD0	0C558573752B47CC591B9605E08E803C	good	-	-	1657669860.000000	1658271960.000000
1657727674.635121	FLraKQ2bTby9t2UGe7	sha1	33F5AAC61D66E7055D03173A4D1F3E187138850D	59A4660652A07B95923CA394072796745BF93DD0	0C558573752B47CC591B9605E08E803C	good	-	-	1657669860.000000	1658271960.000000
1657727674.641989	FCoXm81wVGV9JfiNB5	sha1	33F5AAC61D66E7055D03173A4D1F3E187138850D	59A4660652A07B95923CA394072796745BF93DD0	0C558573752B47CC591B9605E08E803C	good	-	-	1657669860.000000	1658271960.000000
1657727674.655017	FlGWqLL7khNf09vne	sha1	33F5AAC61D66E7055D03173A4D1F3E187138850D	59A4660652A07B95923CA394072796745BF93DD0	0C558573752B47CC591B9605E08E803C	good	-	-	1657669860.000000	1658271960.000000
1657727674.660765	FbHqk542PAl8qAbsOa	sha1	33F5AAC61D66E7055D03173A4D1F3E187138850D	59A4660652A07B95923CA394072796745BF93DD0	0C558573752B47CC591B9605E08E803C	good	-	-	1657669860.000000	1658271960.000000
1657727674.671255	FTQboz1kcx6ds0aAK	sha1	33F5AAC61D66E7055D03173A4D1F3E187138850D	59A4660652A07B95923CA394072796745BF93DD0	0C558573752B47CC591B9605E08E803C	good	-	-	1657669860.000000	1658271960.000000
1657727676.038645	FcBCy52Car4oSX9VGi	sha1	33F5AAC61D66E7055D03173A4D1F3E187138850D	59A4660652A07B95923CA394072796745BF93DD0	0999C22AD47251014AE5C805430D7F33	good	-	-	1657654021.000000	1658256121.000000
1657727676.612543	FIG2dlLfvihfSTVk2	sha1	33F5AAC61D66E7055D03173A4D1F3E187138850D	59A4660652A07B95923CA394072796745BF93DD0	0999C22AD47251014AE5C805430D7F33	good	-	-	1657654021.000000	1658256121.000000
1657727677.392412	F8SKln42Pdnh6c1Wr1	sha1	33F5AAC61D66E7055D03173A4D1F3E187138850D	59A4660652A07B95923CA394072796745BF93DD0	0C558573752B47CC591B9605E08E803C	good	-	-	1657669860.000000	1658271960.000000
1657727677.541039	FNYD684nIjF78V6mR6	sha1	33F5AAC61D66E7055D03173A4D1F3E187138850D	59A4660652A07B95923CA394072796745BF93DD0	0B888E5CB85EFEFACF06AF9D81781E19	good	-	-	1657665181.000000	1658267281.000000
1657727679.090710	FrfJYd2Y38auCIvXZ3	sha1	33F5AAC61D66E7055D03173A4D1F3E187138850D	59A4660652A07B95923CA394072796745BF93DD0	046C82F3979B7A7370746AFAA62CCF34	good	-	-	1657710542.000000	1658312642.000000
1657727795.001281	FjVjE21WMS06NEO9Gh	sha1	33F5AAC61D66E7055D03173A4D1F3E187138850D	59A4660652A07B95923CA394072796745BF93DD0	0C558573752B47CC591B9605E08E803C	good	-	-	1657669860.000000	1658271960.000000
1657727795.052170	FHt6Hx767yCot9Wsf	sha1	33F5AAC61D66E7055D03173A4D1F3E187138850D	59A4660652A07B95923CA394072796745BF93DD0	0C558573752B47CC591B9605E08E803C	good	-	-	1657669860.000000	1658271960.000000
1657727795.065030	FTWsK93kcAnQEbBXy2	sha1	33F5AAC61D66E7055D03173A4D1F3E187138850D	59A4660652A07B95923CA394072796745BF93DD0	0C558573752B47CC591B9605E08E803C	good	-	-	1657669860.000000	1658271960.000000
1657727795.072709	FlNG7g3HlpJlAtFZQl	sha1	33F5AAC61D66E7055D03173A4D1F3E187138850D	59A4660652A07B95923CA394072796745BF93DD0	0C558573752B47CC591B9605E08E803C	good	-	-	1657669860.000000	1658271960.000000
1657727795.080041	FNSAgk3XfBOU0Snq7	sha1	33F5AAC61D66E7055D03173A4D1F3E187138850D	59A4660652A07B95923CA394072796745BF93DD0	0C558573752B47CC591B9605E08E803C	good	-	-	1657669860.000000	1658271960.000000
1657727795.088877	F1kOOi4zFuhM0CGX95	sha1	33F5AAC61D66E7055D03173A4D1F3E187138850D	59A4660652A07B95923CA394072796745BF93DD0	0C558573752B47CC591B9605E08E803C	good	-	-	1657669860.000000	1658271960.000000
1657727795.102602	FTE5eaQ6LWmf0yTEe	sha1	33F5AAC61D66E7055D03173A4D1F3E187138850D	59A4660652A07B95923CA394072796745BF93DD0	0C558573752B47CC591B9605E08E803C	good	-	-	1657669860.000000	1658271960.000000
1657727795.110405	FKs3TK1I3XdATjpJ63	sha1	33F5AAC61D66E7055D03173A4D1F3E187138850D	59A4660652A07B95923CA394072796745BF93DD0	0C558573752B47CC591B9605E08E803C	good	-	-	1657669860.000000	1658271960.000000
1657727795.115930	FtVrlx3Z2NZpcshhv5	sha1	33F5AAC61D66E7055D03173A4D1F3E187138850D	59A4660652A07B95923CA394072796745BF93DD0	0C558573752B47CC591B9605E08E803C	good	-	-	1657669860.000000	1658271960.000000
1657727796.365824	FkOKxJqODG6z1N216	sha1	33F5AAC61D66E7055D03173A4D1F3E187138850D	59A4660652A07B95923CA394072796745BF93DD0	0999C22AD47251014AE5C805430D7F33	good	-	-	1657654021.000000	1658256121.000000
1657727796.514714	FXzgn41faE4vtmqaja	sha1	33F5AAC61D66E7055D03173A4D1F3E187138850D	59A4660652A07B95923CA394072796745BF93DD0	0999C22AD47251014AE5C805430D7F33	good	-	-	1657654021.000000	1658256121.000000
1657727796.517451	F4pdKE1MwarnLei7T7	sha1	33F5AAC61D66E7055D03173A4D1F3E187138850D	59A4660652A07B95923CA394072796745BF93DD0	0999C22AD47251014AE5C805430D7F33	good	-	-	1657654021.000000	1658256121.000000
1657727796.520219	FT4GY41c3Hrbqw9HK	sha1	33F5AAC61D66E7055D03173A4D1F3E187138850D	59A4660652A07B95923CA394072796745BF93DD0	0999C22AD47251014AE5C805430D7F33	good	-	-	1657654021.000000	1658256121.000000
1657727797.020839	F2AR0L3axQpEXnCIl1	sha1	33F5AAC61D66E7055D03173A4D1F3E187138850D	59A4660652A07B95923CA394072796745BF93DD0	0999C22AD47251014AE5C805430D7F33	good	-	-	1657654021.000000	1658256121.000000
1657727797.716468	FjO9ZB3IJ8kxZmFDG8	sha1	33F5AAC61D66E7055D03173A4D1F3E187138850D	59A4660652A07B95923CA394072796745BF93DD0	0C558573752B47CC591B9605E08E803C	good	-	-	1657669860.000000	1658271960.000000
1657727799.136869	FjG7Rt2kHtyLhXaAth	sha1	33F5AAC61D66E7055D03173A4D1F3E187138850D	59A4660652A07B95923CA394072796745BF93DD0	046C82F3979B7A7370746AFAA62CCF34	good	-	-	1657710542.000000	1658312642.000000
1657727799.692412	FRswgd4P93K18M52Of	sha1	33F5AAC61D66E7055D03173A4D1F3E187138850D	59A4660652A07B95923CA394072796745BF93DD0	046C82F3979B7A7370746AFAA62CCF34	good	-	-	1657710542.000000	1658312642.000000
1657727883.476063	FbP6lCcVzSZyuJN7d	sha1	33F5AAC61D66E7055D03173A4D1F3E187138850D	59A4660652A07B95923CA394072796745BF93DD0	046C82F3979B7A7370746AFAA62CCF34	good	-	-	1657710542.000000	1658312642.000000
1657727916.227483	Ft91c43xkwuMpKPgy8	sha1	33F5AAC61D66E7055D03173A4D1F3E187138850D	59A4660652A07B95923CA394072796745BF93DD0	0C558573752B47CC591B9605E08E803C	good	-	-	1657669860.000000	1658271960.000000
1657727916.290748	FlFDGe3Yh4t0zmQGn7	sha1	33F5AAC61D66E7055D03173A4D1F3E187138850D	59A4660652A07B95923CA394072796745BF93DD0	0C558573752B47CC591B9605E08E803C	good	-	-	1657669860.000000	1658271960.000000
1657727916.300753	FCOQXn15Apxyermwrb	sha1	33F5AAC61D66E7055D03173A4D1F3E187138850D	59A4660652A07B95923CA394072796745BF93DD0	0C558573752B47CC591B9605E08E803C	good	-	-	1657669860.000000	1658271960.000000
1657727916.318363	FljhmozF7l5e7FN63	sha1	33F5AAC61D66E7055D03173A4D1F3E187138850D	59A4660652A07B95923CA394072796745BF93DD0	0C558573752B47CC591B9605E08E803C	good	-	-	1657669860.000000	1658271960.000000
1657727916.329390	FJPJ4e3HpgcJcqPJJg	sha1	33F5AAC61D66E7055D03173A4D1F3E187138850D	59A4660652A07B95923CA394072796745BF93DD0	0C558573752B47CC591B9605E08E803C	good	-	-	1657669860.000000	1658271960.000000
1657727916.332138	FZBQ4u1W9Xj8GGFLCh	sha1	33F5AAC61D66E7055D03173A4D1F3E187138850D	59A4660652A07B95923CA394072796745BF93DD0	0C558573752B47CC591B9605E08E803C	good	-	-	1657669860.000000	1658271960.000000
1657727919.528801	FtRqQ21VN9FHARzu3f	sha1	33F5AAC61D66E7055D03173A4D1F3E187138850D	59A4660652A07B95923CA394072796745BF93DD0	0C558573752B47CC591B9605E08E803C	good	-	-	1657669860.000000	1658271960.000000
1657727921.791272	FQ8Iry3u9mUlhghSC4	sha1	33F5AAC61D66E7055D03173A4D1F3E187138850D	59A4660652A07B95923CA394072796745BF93DD0	046C82F3979B7A7370746AFAA62CCF34	good	-	-	1657710542.000000	1658312642.000000
1657727931.939597	Fr1w9Q2MeFHxNk6W3f	sha1	33F5AAC61D66E7055D03173A4D1F3E187138850D	59A4660652A07B95923CA394072796745BF93DD0	0999C22AD47251014AE5C805430D7F33	good	-	-	1657654021.000000	1658256121.000000
1657728037.902402	FMRgehkcihSLWMLug	sha1	33F5AAC61D66E7055D03173A4D1F3E187138850D	59A4660652A07B95923CA394072796745BF93DD0	0999C22AD47251014AE5C805430D7F33	good	-	-	1657654021.000000	1658256121.000000
1657728038.289050	F7TK2f1bI4S6CijdRj	sha1	33F5AAC61D66E7055D03173A4D1F3E187138850D	59A4660652A07B95923CA394072796745BF93DD0	0999C22AD47251014AE5C805430D7F33	good	-	-	1657654021.000000	1658256121.000000
1657728038.869926	F3iejb4ovT8UQvpOb2	sha1	33F5AAC61D66E7055D03173A4D1F3E187138850D	59A4660652A07B95923CA394072796745BF93DD0	0999C22AD47251014AE5C805430D7F33	good	-	-	1657654021.000000	1658256121.000000
1657728039.015572	F2bant3pqYC0iBPgp9	sha1	33F5AAC61D66E7055D03173A4D1F3E187138850D	59A4660652A07B95923CA394072796745BF93DD0	0B888E5CB85EFEFACF06AF9D81781E19	good	-	-	1657665181.000000	1658267281.000000
1657728039.227452	F7GK6W3urq8Dofq3Uc	sha1	33F5AAC61D66E7055D03173A4D1F3E187138850D	59A4660652A07B95923CA394072796745BF93DD0	0B888E5CB85EFEFACF06AF9D81781E19	good	-	-	1657665181.000000	1658267281.000000
1657728157.171559	FDyOzL16qCS8bS9Ad8	sha1	33F5AAC61D66E7055D03173A4D1F3E187138850D	59A4660652A07B95923CA394072796745BF93DD0	0C558573752B47CC591B9605E08E803C	good	-	-	1657669860.000000	1658271960.000000
1657728157.254072	FKaOzDeEmfCKYnvEi	sha1	33F5AAC61D66E7055D03173A4D1F3E187138850D	59A4660652A07B95923CA394072796745BF93DD0	0C558573752B47CC591B9605E08E803C	good	-	-	1657669860.000000	1658271960.000000
1657728157.285188	FjVPVe4nMsC4pMFx56	sha1	33F5AAC61D66E7055D03173A4D1F3E187138850D	59A4660652A07B95923CA394072796745BF93DD0	0C558573752B47CC591B9605E08E803C	good	-	-	1657669860.000000	1658271960.000000
1657728157.315063	FOqfsv405qdLocJ2hg	sha1	33F5AAC61D66E7055D03173A4D1F3E187138850D	59A4660652A07B95923CA394072796745BF93DD0	0C558573752B47CC591B9605E08E803C	good	-	-	1657669860.000000	1658271960.000000
1657728157.319678	FueMo02um6pRgzRL2b	sha1	33F5AAC61D66E7055D03173A4D1F3E187138850D	59A4660652A07B95923CA394072796745BF93DD0	0C558573752B47CC591B9605E08E803C	good	-	-	1657669860.000000	1658271960.000000
1657728157.335669	FRJ9js1vznXG5TiMDc	sha1	33F5AAC61D66E7055D03173A4D1F3E187138850D	59A4660652A07B95923CA394072796745BF93DD0	0C558573752B47CC591B9605E08E803C	good	-	-	1657669860.000000	1658271960.000000
1657728157.344807	F8oWfuuqaXP5EXKO5	sha1	33F5AAC61D66E7055D03173A4D1F3E187138850D	59A4660652A07B95923CA394072796745BF93DD0	0C558573752B47CC591B9605E08E803C	good	-	-	1657669860.000000	1658271960.000000
1657728157.348673	FvgFUC3xHVCPVVLIsd	sha1	33F5AAC61D66E7055D03173A4D1F3E187138850D	59A4660652A07B95923CA394072796745BF93DD0	0C558573752B47CC591B9605E08E803C	good	-	-	1657669860.000000	1658271960.000000
1657728159.496879	FF5R9e2k92Pkdzedx	sha1	33F5AAC61D66E7055D03173A4D1F3E187138850D	59A4660652A07B95923CA394072796745BF93DD0	0999C22AD47251014AE5C805430D7F33	good	-	-	1657654021.000000	1658256121.000000
1657728281.088042	Fqr6kjvtECfHuoATc	sha1	33F5AAC61D66E7055D03173A4D1F3E187138850D	59A4660652A07B95923CA394072796745BF93DD0	0B888E5CB85EFEFACF06AF9D81781E19	good	-	-	1657665181.000000	1658267281.000000
1657728398.375992	FeSoEd4QYjqcHQCgr2	sha1	33F5AAC61D66E7055D03173A4D1F3E187138850D	59A4660652A07B95923CA394072796745BF93DD0	0C558573752B47CC591B9605E08E803C	good	-	-	1657669860.000000	1658271960.000000
1657728398.442996	FdrNDLuXFvLpMxIK8	sha1	33F5AAC61D66E7055D03173A4D1F3E187138850D	59A4660652A07B95923CA394072796745BF93DD0	0C558573752B47CC591B9605E08E803C	good	-	-	1657669860.000000	1658271960.000000
1657728398.459631	FN6SSu2OWVZEuHlzwd	sha1	33F5AAC61D66E7055D03173A4D1F3E187138850D	59A4660652A07B95923CA394072796745BF93DD0	0C558573752B47CC591B9605E08E803C	good	-	-	1657669860.000000	1658271960.000000
1657728398.466253	F59GxeHReW2j3AtU9	sha1	33F5AAC61D66E7055D03173A4D1F3E187138850D	59A4660652A07B95923CA394072796745BF93DD0	0C558573752B47CC591B9605E08E803C	good	-	-	1657669860.000000	1658271960.000000
1657728398.480245	F0Aq0F2QXkxPZ6v3I6	sha1	33F5AAC61D66E7055D03173A4D1F3E187138850D	59A4660652A07B95923CA394072796745BF93DD0	0C558573752B47CC591B9605E08E803C	good	-	-	1657669860.000000	1658271960.000000
1657728398.492761	FYQbWw42pJtzhnkPo4	sha1	33F5AAC61D66E7055D03173A4D1F3E187138850D	59A4660652A07B95923CA394072796745BF93DD0	0C558573752B47CC591B9605E08E803C	good	-	-	1657669860.000000	1658271960.000000
1657728398.514759	FWtcea4hSdvu2cMcFb	sha1	33F5AAC61D66E7055D03173A4D1F3E187138850D	59A4660652A07B95923CA394072796745BF93DD0	0C558573752B47CC591B9605E08E803C	good	-	-	1657669860.000000	1658271960.000000
1657728398.525271	FdODiT3oAhOvGSz2di	sha1	33F5AAC61D66E7055D03173A4D1F3E187138850D	59A4660652A07B95923CA394072796745BF93DD0	0C558573752B47CC591B9605E08E803C	good	-	-	1657669860.000000	1658271960.000000
1657728398.528602	FDNraVZ7kOVljq5s2	sha1	33F5AAC61D66E7055D03173A4D1F3E187138850D	59A4660652A07B95923CA394072796745BF93DD0	0C558573752B47CC591B9605E08E803C	good	-	-	1657669860.000000	1658271960.000000
1657728400.265666	FKY3xc3imPLGdbogwe	sha1	33F5AAC61D66E7055D03173A4D1F3E187138850D	59A4660652A07B95923CA394072796745BF93DD0	0999C22AD47251014AE5C805430D7F33	good	-	-	1657654021.000000	1658256121.000000
1657728400.849550	FUzJa94byGuHhZkiO3	sha1	33F5AAC61D66E7055D03173A4D1F3E187138850D	59A4660652A07B95923CA394072796745BF93DD0	0999C22AD47251014AE5C805430D7F33	good	-	-	1657654021.000000	1658256121.000000
1657728402.188228	FhG5F5VGSNPbQt4U	sha1	33F5AAC61D66E7055D03173A4D1F3E187138850D	59A4660652A07B95923CA394072796745BF93DD0	0C558573752B47CC591B9605E08E803C	good	-	-	1657669860.000000	1658271960.000000
1657728403.186956	FDxbTc3olqXnaUhcmd	sha1	33F5AAC61D66E7055D03173A4D1F3E187138850D	59A4660652A07B95923CA394072796745BF93DD0	046C82F3979B7A7370746AFAA62CCF34	good	-	-	1657710542.000000	1658312642.000000
1657728518.868927	FMaczp3o8pHAsb6gd	sha1	33F5AAC61D66E7055D03173A4D1F3E187138850D	59A4660652A07B95923CA394072796745BF93DD0	0C558573752B47CC591B9605E08E803C	good	-	-	1657669860.000000	1658271960.000000
1657728518.914118	F1Uxpz3YL6ROQZnc11	sha1	33F5AAC61D66E7055D03173A4D1F3E187138850D	59A4660652A07B95923CA394072796745BF93DD0	0C558573752B47CC591B9605E08E803C	good	-	-	1657669860.000000	1658271960.000000
1657728518.926296	FQrddA3x4wt7O8rZC8	sha1	33F5AAC61D66E7055D03173A4D1F3E187138850D	59A4660652A07B95923CA394072796745BF93DD0	0C558573752B47CC591B9605E08E803C	good	-	-	1657669860.000000	1658271960.000000
1657728518.940074	FtgCT62u6YTXaiJce1	sha1	33F5AAC61D66E7055D03173A4D1F3E187138850D	59A4660652A07B95923CA394072796745BF93DD0	0C558573752B47CC591B9605E08E803C	good	-	-	1657669860.000000	1658271960.000000
1657728518.949544	FL6Y9a3HUTw9t5OGzh	sha1	33F5AAC61D66E7055D03173A4D1F3E187138850D	59A4660652A07B95923CA394072796745BF93DD0	0C558573752B47CC591B9605E08E803C	good	-	-	1657669860.000000	1658271960.000000
1657728518.958199	FbcTRi1mOswhCZRWne	sha1	33F5AAC61D66E7055D03173A4D1F3E187138850D	59A4660652A07B95923CA394072796745BF93DD0	0C558573752B47CC591B9605E08E803C	good	-	-	1657669860.000000	1658271960.000000
1657728518.997063	FCDtw93WiLsr7CuJGc	sha1	33F5AAC61D66E7055D03173A4D1F3E187138850D	59A4660652A07B95923CA394072796745BF93DD0	0C558573752B47CC591B9605E08E803C	good	-	-	1657669860.000000	1658271960.000000
1657728519.000847	F8k8WQ2kGH5wWv6T4	sha1	33F5AAC61D66E7055D03173A4D1F3E187138850D	59A4660652A07B95923CA394072796745BF93DD0	0C558573752B47CC591B9605E08E803C	good	-	-	1657669860.000000	1658271960.000000
1657728519.010030	FyxmmL29WkEnkKqTz7	sha1	33F5AAC61D66E7055D03173A4D1F3E187138850D	59A4660652A07B95923CA394072796745BF93DD0	0C558573752B47CC591B9605E08E803C	good	-	-	1657669860.000000	1658271960.000000
1657728521.305356	FiM7LA3ll6Nvry4Y4	sha1	33F5AAC61D66E7055D03173A4D1F3E187138850D	59A4660652A07B95923CA394072796745BF93DD0	0999C22AD47251014AE5C805430D7F33	good	-	-	1657654021.000000	1658256121.000000
1657728522.791721	FdeMrY2zOCjtUkeFLa	sha1	33F5AAC61D66E7055D03173A4D1F3E187138850D	59A4660652A07B95923CA394072796745BF93DD0	0C558573752B47CC591B9605E08E803C	good	-	-	1657669860.000000	1658271960.000000
1657728525.683310	FWqWIm44FdhqmbMws2	sha1	33F5AAC61D66E7055D03173A4D1F3E187138850D	59A4660652A07B95923CA394072796745BF93DD0	046C82F3979B7A7370746AFAA62CCF34	good	-	-	1657710542.000000	1658312642.000000
1657728547.095999	Fe1ozN3jVP8wO2pW9k	sha1	33F5AAC61D66E7055D03173A4D1F3E187138850D	59A4660652A07B95923CA394072796745BF93DD0	0999C22AD47251014AE5C805430D7F33	good	-	-	1657654021.000000	1658256121.000000
1657728583.731738	F1sGDL2FcF9ToJmI9a	sha1	33F5AAC61D66E7055D03173A4D1F3E187138850D	59A4660652A07B95923CA394072796745BF93DD0	0999C22AD47251014AE5C805430D7F33	good	-	-	1657654021.000000	1658256121.000000
1657728583.862299	FsCjYcMAjTCzfpS75	sha1	33F5AAC61D66E7055D03173A4D1F3E187138850D	59A4660652A07B95923CA394072796745BF93DD0	0999C22AD47251014AE5C805430D7F33	good	-	-	1657654021.000000	1658256121.000000
1657728584.689451	FUsyRS3I6YDCrrDEh1	sha1	33F5AAC61D66E7055D03173A4D1F3E187138850D	59A4660652A07B95923CA394072796745BF93DD0	0B888E5CB85EFEFACF06AF9D81781E19	good	-	-	1657665181.000000	1658267281.000000
1657728644.160118	FyV4ki2yJlQE9bvn	sha1	33F5AAC61D66E7055D03173A4D1F3E187138850D	59A4660652A07B95923CA394072796745BF93DD0	0999C22AD47251014AE5C805430D7F33	good	-	-	1657654021.000000	1658256121.000000
1657728648.917607	FYJPga1zDHTc1pgbHd	sha1	33F5AAC61D66E7055D03173A4D1F3E187138850D	59A4660652A07B95923CA394072796745BF93DD0	046C82F3979B7A7370746AFAA62CCF34	good	-	-	1657710542.000000	1658312642.000000
1657728763.229714	FXKzrO2Upc3y3aydA4	sha1	33F5AAC61D66E7055D03173A4D1F3E187138850D	59A4660652A07B95923CA394072796745BF93DD0	0C558573752B47CC591B9605E08E803C	good	-	-	1657669860.000000	1658271960.000000
1657728763.334826	F1OoI13fTfpIxic68h	sha1	33F5AAC61D66E7055D03173A4D1F3E187138850D	59A4660652A07B95923CA394072796745BF93DD0	0C558573752B47CC591B9605E08E803C	good	-	-	1657669860.000000	1658271960.000000
1657728763.349433	F3a7ic1jd6RAcKV0bj	sha1	33F5AAC61D66E7055D03173A4D1F3E187138850D	59A4660652A07B95923CA394072796745BF93DD0	0C558573752B47CC591B9605E08E803C	good	-	-	1657669860.000000	1658271960.000000
1657728763.363574	FaqpBp2W3p0l8WOX8g	sha1	33F5AAC61D66E7055D03173A4D1F3E187138850D	59A4660652A07B95923CA394072796745BF93DD0	0C558573752B47CC591B9605E08E803C	good	-	-	1657669860.000000	1658271960.000000
1657728763.372084	FoW4Rt3GUCmLYTOlW4	sha1	33F5AAC61D66E7055D03173A4D1F3E187138850D	59A4660652A07B95923CA394072796745BF93DD0	0C558573752B47CC591B9605E08E803C	good	-	-	1657669860.000000	1658271960.000000
1657728763.376774	FhmXy33NaxnEY7KL99	sha1	33F5AAC61D66E7055D03173A4D1F3E187138850D	59A4660652A07B95923CA394072796745BF93DD0	0C558573752B47CC591B9605E08E803C	good	-	-	1657669860.000000	1658271960.000000
1657728763.380222	F1ZH6m2cGgnwQyPdJ8	sha1	33F5AAC61D66E7055D03173A4D1F3E187138850D	59A4660652A07B95923CA394072796745BF93DD0	0C558573752B47CC591B9605E08E803C	good	-	-	1657669860.000000	1658271960.000000
1657728763.383196	FaShsE22xlC7mUOs98	sha1	33F5AAC61D66E7055D03173A4D1F3E187138850D	59A4660652A07B95923CA394072796745BF93DD0	0C558573752B47CC591B9605E08E803C	good	-	-	1657669860.000000	1658271960.000000
1657728763.389603	Fmjh8x3ql7hjvZ3POk	sha1	33F5AAC61D66E7055D03173A4D1F3E187138850D	59A4660652A07B95923CA394072796745BF93DD0	0C558573752B47CC591B9605E08E803C	good	-	-	1657669860.000000	1658271960.000000
1657728764.671224	Fs2j6vXfvxMFMQIni	sha1	33F5AAC61D66E7055D03173A4D1F3E187138850D	59A4660652A07B95923CA394072796745BF93DD0	0999C22AD47251014AE5C805430D7F33	good	-	-	1657654021.000000	1658256121.000000
1657728765.890995	F42aDp4ZkCUAtSeXXc	sha1	33F5AAC61D66E7055D03173A4D1F3E187138850D	59A4660652A07B95923CA394072796745BF93DD0	0C558573752B47CC591B9605E08E803C	good	-	-	1657669860.000000	1658271960.000000
1657728767.691829	F9JFyzHYZ8fp356y7	sha1	33F5AAC61D66E7055D03173A4D1F3E187138850D	59A4660652A07B95923CA394072796745BF93DD0	046C82F3979B7A7370746AFAA62CCF34	good	-	-	1657710542.000000	1658312642.000000
1657728827.268149	FKxFBoHDUE848h6sh	sha1	33F5AAC61D66E7055D03173A4D1F3E187138850D	59A4660652A07B95923CA394072796745BF93DD0	0999C22AD47251014AE5C805430D7F33	good	-	-	1657654021.000000	1658256121.000000
1657728827.272302	FX0sF42ThLAtRJjaVa	sha1	33F5AAC61D66E7055D03173A4D1F3E187138850D	59A4660652A07B95923CA394072796745BF93DD0	0999C22AD47251014AE5C805430D7F33	good	-	-	1657654021.000000	1658256121.000000
1657728827.277650	FXzhoH3X10bpgzuHUb	sha1	33F5AAC61D66E7055D03173A4D1F3E187138850D	59A4660652A07B95923CA394072796745BF93DD0	0999C22AD47251014AE5C805430D7F33	good	-	-	1657654021.000000	1658256121.000000
1657728827.340163	FQV5qC4VRSUjoo8ydd	sha1	33F5AAC61D66E7055D03173A4D1F3E187138850D	59A4660652A07B95923CA394072796745BF93DD0	0999C22AD47251014AE5C805430D7F33	good	-	-	1657654021.000000	1658256121.000000
1657728827.484287	FxdFdS47dER6ieXSa	sha1	33F5AAC61D66E7055D03173A4D1F3E187138850D	59A4660652A07B95923CA394072796745BF93DD0	0B888E5CB85EFEFACF06AF9D81781E19	good	-	-	1657665181.000000	1658267281.000000
1657728828.776170	FPUJCk2M59iqb2JCtc	sha1	33F5AAC61D66E7055D03173A4D1F3E187138850D	59A4660652A07B95923CA394072796745BF93DD0	0999C22AD47251014AE5C805430D7F33	good	-	-	1657654021.000000	1658256121.000000
1657728886.605893	FsKYNZ2rka5BnGZabg	sha1	33F5AAC61D66E7055D03173A4D1F3E187138850D	59A4660652A07B95923CA394072796745BF93DD0	0C558573752B47CC591B9605E08E803C	good	-	-	1657669860.000000	1658271960.000000
1657728886.635140	FsWt2m4S0MCeXQw8ic	sha1	33F5AAC61D66E7055D03173A4D1F3E187138850D	59A4660652A07B95923CA394072796745BF93DD0	0C558573752B47CC591B9605E08E803C	good	-	-	1657669860.000000	1658271960.000000
1657728886.647990	FNijIEq6fhiErvYg	sha1	33F5AAC61D66E7055D03173A4D1F3E187138850D	59A4660652A07B95923CA394072796745BF93DD0	0C558573752B47CC591B9605E08E803C	good	-	-	1657669860.000000	1658271960.000000
1657728886.657023	FDq2Mu2yqZYYzMeC63	sha1	33F5AAC61D66E7055D03173A4D1F3E187138850D	59A4660652A07B95923CA394072796745BF93DD0	0C558573752B47CC591B9605E08E803C	good	-	-	1657669860.000000	1658271960.000000
1657728886.657320	FsNrih3ftqfuVjhVVg	sha1	33F5AAC61D66E7055D03173A4D1F3E187138850D	59A4660652A07B95923CA394072796745BF93DD0	0C558573752B47CC591B9605E08E803C	good	-	-	1657669860.000000	1658271960.000000
1657728886.666019	F0652D1FeSfq3NwtG2	sha1	33F5AAC61D66E7055D03173A4D1F3E187138850D	59A4660652A07B95923CA394072796745BF93DD0	0C558573752B47CC591B9605E08E803C	good	-	-	1657669860.000000	1658271960.000000
1657728886.674051	FP8rCG4ibzniyEKxt3	sha1	33F5AAC61D66E7055D03173A4D1F3E187138850D	59A4660652A07B95923CA394072796745BF93DD0	0C558573752B47CC591B9605E08E803C	good	-	-	1657669860.000000	1658271960.000000
1657728886.681784	FG68Xp1zWy6gO4Cpef	sha1	33F5AAC61D66E7055D03173A4D1F3E187138850D	59A4660652A07B95923CA394072796745BF93DD0	0C558573752B47CC591B9605E08E803C	good	-	-	1657669860.000000	1658271960.000000
1657728889.736954	FY753u1c1U0nI1DFVf	sha1	33F5AAC61D66E7055D03173A4D1F3E187138850D	59A4660652A07B95923CA394072796745BF93DD0	046C82F3979B7A7370746AFAA62CCF34	good	-	-	1657710542.000000	1658312642.000000
1657728890.253060	FqmkZw15nwthU4Ewj8	sha1	33F5AAC61D66E7055D03173A4D1F3E187138850D	59A4660652A07B95923CA394072796745BF93DD0	0C558573752B47CC591B9605E08E803C	good	-	-	1657669860.000000	1658271960.000000
1657728891.907762	F2BbQG1MK4uDTVCsQ2	sha1	33F5AAC61D66E7055D03173A4D1F3E187138850D	59A4660652A07B95923CA394072796745BF93DD0	046C82F3979B7A7370746AFAA62CCF34	good	-	-	1657710542.000000	1658312642.000000
1657728950.304722	FgmQAp3HONmEPrIcwl	sha1	33F5AAC61D66E7055D03173A4D1F3E187138850D	59A4660652A07B95923CA394072796745BF93DD0	046C82F3979B7A7370746AFAA62CCF34	good	-	-	1657710542.000000	1658312642.000000
1657728951.325748	FYPc424HUKAoJVQkGl	sha1	33F5AAC61D66E7055D03173A4D1F3E187138850D	59A4660652A07B95923CA394072796745BF93DD0	0999C22AD47251014AE5C805430D7F33	good	-	-	1657654021.000000	1658256121.000000
1657728951.371508	FQUZosxn7xi0Mxmyg	sha1	33F5AAC61D66E7055D03173A4D1F3E187138850D	59A4660652A07B95923CA394072796745BF93DD0	0999C22AD47251014AE5C805430D7F33	good	-	-	1657654021.000000	1658256121.000000
1657728951.399758	FmoiNo21fu4AVo3jjf	sha1	33F5AAC61D66E7055D03173A4D1F3E187138850D	59A4660652A07B95923CA394072796745BF93DD0	0999C22AD47251014AE5C805430D7F33	good	-	-	1657654021.000000	1658256121.000000
1657728952.595833	FAAWBn2oBs4gJviz19	sha1	33F5AAC61D66E7055D03173A4D1F3E187138850D	59A4660652A07B95923CA394072796745BF93DD0	0B888E5CB85EFEFACF06AF9D81781E19	good	-	-	1657665181.000000	1658267281.000000
1657728952.599600	FCLMX4Kdi6Voa4Dyc	sha1	33F5AAC61D66E7055D03173A4D1F3E187138850D	59A4660652A07B95923CA394072796745BF93DD0	0B888E5CB85EFEFACF06AF9D81781E19	good	-	-	1657665181.000000	1658267281.000000
1657728952.638776	F7NWQt41M3w2RgOMxk	sha1	33F5AAC61D66E7055D03173A4D1F3E187138850D	59A4660652A07B95923CA394072796745BF93DD0	0B888E5CB85EFEFACF06AF9D81781E19	good	-	-	1657665181.000000	1658267281.000000
1657729013.688640	Fr4MXy4Gim5RBxtoH7	sha1	33F5AAC61D66E7055D03173A4D1F3E187138850D	59A4660652A07B95923CA394072796745BF93DD0	046C82F3979B7A7370746AFAA62CCF34	good	-	-	1657710542.000000	1658312642.000000
1657729073.834345	FoWkUG2MY2gY5IThQ7	sha1	33F5AAC61D66E7055D03173A4D1F3E187138850D	59A4660652A07B95923CA394072796745BF93DD0	0999C22AD47251014AE5C805430D7F33	good	-	-	1657654021.000000	1658256121.000000
1657729074.896690	FsorvX1c68zQrZE03c	sha1	33F5AAC61D66E7055D03173A4D1F3E187138850D	59A4660652A07B95923CA394072796745BF93DD0	046C82F3979B7A7370746AFAA62CCF34	good	-	-	1657710542.000000	1658312642.000000
1657729132.269469	F7aCTf2wv8HUpHhEXl	sha1	33F5AAC61D66E7055D03173A4D1F3E187138850D	59A4660652A07B95923CA394072796745BF93DD0	0999C22AD47251014AE5C805430D7F33	good	-	-	1657654021.000000	1658256121.000000
1657729132.279370	Fp6UtO12T2aEAzm3ik	sha1	33F5AAC61D66E7055D03173A4D1F3E187138850D	59A4660652A07B95923CA394072796745BF93DD0	0999C22AD47251014AE5C805430D7F33	good	-	-	1657654021.000000	1658256121.000000
1657729132.847016	FhL018lmzcs3BdlAf	sha1	33F5AAC61D66E7055D03173A4D1F3E187138850D	59A4660652A07B95923CA394072796745BF93DD0	0999C22AD47251014AE5C805430D7F33	good	-	-	1657654021.000000	1658256121.000000
1657729133.711020	FofCFR37ZyuDVEJtB2	sha1	33F5AAC61D66E7055D03173A4D1F3E187138850D	59A4660652A07B95923CA394072796745BF93DD0	0B888E5CB85EFEFACF06AF9D81781E19	good	-	-	1657665181.000000	1658267281.000000
1657729133.723008	FhJo4pH1346ulxKFl	sha1	33F5AAC61D66E7055D03173A4D1F3E187138850D	59A4660652A07B95923CA394072796745BF93DD0	0B888E5CB85EFEFACF06AF9D81781E19	good	-	-	1657665181.000000	1658267281.000000
1657729135.349091	F4Yn5e31SDrVSVEzPi	sha1	33F5AAC61D66E7055D03173A4D1F3E187138850D	59A4660652A07B95923CA394072796745BF93DD0	046C82F3979B7A7370746AFAA62CCF34	good	-	-	1657710542.000000	1658312642.000000
1657729251.118042	FlE9mX36qHIWncjJX3	sha1	33F5AAC61D66E7055D03173A4D1F3E187138850D	59A4660652A07B95923CA394072796745BF93DD0	0C558573752B47CC591B9605E08E803C	good	-	-	1657669860.000000	1658271960.000000
1657729251.177276	FMi9eg1Okp2Wh1ARI3	sha1	33F5AAC61D66E7055D03173A4D1F3E187138850D	59A4660652A07B95923CA394072796745BF93DD0	0C558573752B47CC591B9605E08E803C	good	-	-	1657669860.000000	1658271960.000000
1657729251.205727	FjWCuN3mRMMxIVaUTi	sha1	33F5AAC61D66E7055D03173A4D1F3E187138850D	59A4660652A07B95923CA394072796745BF93DD0	0C558573752B47CC591B9605E08E803C	good	-	-	1657669860.000000	1658271960.000000
1657729251.219223	FR7tW243YQfJWXVa91	sha1	33F5AAC61D66E7055D03173A4D1F3E187138850D	59A4660652A07B95923CA394072796745BF93DD0	0C558573752B47CC591B9605E08E803C	good	-	-	1657669860.000000	1658271960.000000
1657729251.234040	FBdqxt2aIrRYGa68Ib	sha1	33F5AAC61D66E7055D03173A4D1F3E187138850D	59A4660652A07B95923CA394072796745BF93DD0	0C558573752B47CC591B9605E08E803C	good	-	-	1657669860.000000	1658271960.000000
1657729251.237923	Fl7wst4oLT5nAqMLXj	sha1	33F5AAC61D66E7055D03173A4D1F3E187138850D	59A4660652A07B95923CA394072796745BF93DD0	0C558573752B47CC591B9605E08E803C	good	-	-	1657669860.000000	1658271960.000000
1657729251.269471	FPQWKh20CR74DNiNv	sha1	33F5AAC61D66E7055D03173A4D1F3E187138850D	59A4660652A07B95923CA394072796745BF93DD0	0C558573752B47CC591B9605E08E803C	good	-	-	1657669860.000000	1658271960.000000
1657729252.650971	Ffj13r4BtEHo6vOcNe	sha1	33F5AAC61D66E7055D03173A4D1F3E187138850D	59A4660652A07B95923CA394072796745BF93DD0	0999C22AD47251014AE5C805430D7F33	good	-	-	1657654021.000000	1658256121.000000
1657729253.214715	FU8Hjn2NDW76SE5Skk	sha1	33F5AAC61D66E7055D03173A4D1F3E187138850D	59A4660652A07B95923CA394072796745BF93DD0	0999C22AD47251014AE5C805430D7F33	good	-	-	1657654021.000000	1658256121.000000
1657729254.529246	FTUr3TN0d3cOuMadl	sha1	33F5AAC61D66E7055D03173A4D1F3E187138850D	59A4660652A07B95923CA394072796745BF93DD0	0C558573752B47CC591B9605E08E803C	good	-	-	1657669860.000000	1658271960.000000
1657729255.861779	Fqn7ef4joDqrxRrzo5	sha1	33F5AAC61D66E7055D03173A4D1F3E187138850D	59A4660652A07B95923CA394072796745BF93DD0	046C82F3979B7A7370746AFAA62CCF34	good	-	-	1657710542.000000	1658312642.000000
1657729371.712419	FUkslqPmB02O6Ku9b	sha1	33F5AAC61D66E7055D03173A4D1F3E187138850D	59A4660652A07B95923CA394072796745BF93DD0	0C558573752B47CC591B9605E08E803C	good	-	-	1657669860.000000	1658271960.000000
1657729371.733285	F4ffqA3LMvkyoflIc3	sha1	33F5AAC61D66E7055D03173A4D1F3E187138850D	59A4660652A07B95923CA394072796745BF93DD0	0C558573752B47CC591B9605E08E803C	good	-	-	1657669860.000000	1658271960.000000
1657729371.748817	FtpYM1SCINWJIBPpf	sha1	33F5AAC61D66E7055D03173A4D1F3E187138850D	59A4660652A07B95923CA394072796745BF93DD0	0C558573752B47CC591B9605E08E803C	good	-	-	1657669860.000000	1658271960.000000
1657729372.618328	FsxZIU37HEUHPHOdi6	sha1	33F5AAC61D66E7055D03173A4D1F3E187138850D	59A4660652A07B95923CA394072796745BF93DD0	0999C22AD47251014AE5C805430D7F33	good	-	-	1657654021.000000	1658256121.000000
1657729495.082606	FLwOh3EWB1OPOYtVb	sha1	33F5AAC61D66E7055D03173A4D1F3E187138850D	59A4660652A07B95923CA394072796745BF93DD0	0B888E5CB85EFEFACF06AF9D81781E19	good	-	-	1657665181.000000	1658267281.000000
1657729495.222226	FuwnXpX4XcuyNBYBc	sha1	33F5AAC61D66E7055D03173A4D1F3E187138850D	59A4660652A07B95923CA394072796745BF93DD0	0B888E5CB85EFEFACF06AF9D81781E19	good	-	-	1657665181.000000	1658267281.000000
1657729496.512617	FI2Mmv3FCKgpn2XSnk	sha1	33F5AAC61D66E7055D03173A4D1F3E187138850D	59A4660652A07B95923CA394072796745BF93DD0	046C82F3979B7A7370746AFAA62CCF34	good	-	-	1657710542.000000	1658312642.000000
1657729496.713526	FhMyGg2t7KD0kekGna	sha1	33F5AAC61D66E7055D03173A4D1F3E187138850D	59A4660652A07B95923CA394072796745BF93DD0	046C82F3979B7A7370746AFAA62CCF34	good	-	-	1657710542.000000	1658312642.000000
1657729556.649071	FqHDHJ1qDlKzJgklId	sha1	33F5AAC61D66E7055D03173A4D1F3E187138850D	59A4660652A07B95923CA394072796745BF93DD0	0999C22AD47251014AE5C805430D7F33	good	-	-	1657654021.000000	1658256121.000000
1657729556.654194	FECPPg2H5M9BGTkHph	sha1	33F5AAC61D66E7055D03173A4D1F3E187138850D	59A4660652A07B95923CA394072796745BF93DD0	0999C22AD47251014AE5C805430D7F33	good	-	-	1657654021.000000	1658256121.000000
1657729556.914480	Fbt05s4eqWzM6dgsCd	sha1	33F5AAC61D66E7055D03173A4D1F3E187138850D	59A4660652A07B95923CA394072796745BF93DD0	046C82F3979B7A7370746AFAA62CCF34	good	-	-	1657710542.000000	1658312642.000000
1657729736.263863	Feqb6t1sJJ0P8u9uQi	sha1	33F5AAC61D66E7055D03173A4D1F3E187138850D	59A4660652A07B95923CA394072796745BF93DD0	0C558573752B47CC591B9605E08E803C	good	-	-	1657669860.000000	1658271960.000000
1657729736.342598	FCnSRF1GdkddyNCmId	sha1	33F5AAC61D66E7055D03173A4D1F3E187138850D	59A4660652A07B95923CA394072796745BF93DD0	0C558573752B47CC591B9605E08E803C	good	-	-	1657669860.000000	1658271960.000000
1657729736.357024	FFDw4j1m0s8cmxf1Xh	sha1	33F5AAC61D66E7055D03173A4D1F3E187138850D	59A4660652A07B95923CA394072796745BF93DD0	0C558573752B47CC591B9605E08E803C	good	-	-	1657669860.000000	1658271960.000000
1657729736.368735	F2dpHu30kpiDEV9nW9	sha1	33F5AAC61D66E7055D03173A4D1F3E187138850D	59A4660652A07B95923CA394072796745BF93DD0	0C558573752B47CC591B9605E08E803C	good	-	-	1657669860.000000	1658271960.000000
1657729737.339635	FI9wqC1j149Ogi5OP9	sha1	33F5AAC61D66E7055D03173A4D1F3E187138850D	59A4660652A07B95923CA394072796745BF93DD0	0999C22AD47251014AE5C805430D7F33	good	-	-	1657654021.000000	1658256121.000000
1657729737.345373	FugaHF3ya7G9rgnUuh	sha1	33F5AAC61D66E7055D03173A4D1F3E187138850D	59A4660652A07B95923CA394072796745BF93DD0	0999C22AD47251014AE5C805430D7F33	good	-	-	1657654021.000000	1658256121.000000
1657729737.749648	FFPmAx3dwjLM8Q5bsc	sha1	33F5AAC61D66E7055D03173A4D1F3E187138850D	59A4660652A07B95923CA394072796745BF93DD0	0999C22AD47251014AE5C805430D7F33	good	-	-	1657654021.000000	1658256121.000000
1657729738.275662	FmXxW62CFClbbZKUpg	sha1	33F5AAC61D66E7055D03173A4D1F3E187138850D	59A4660652A07B95923CA394072796745BF93DD0	0B888E5CB85EFEFACF06AF9D81781E19	good	-	-	1657665181.000000	1658267281.000000
1657729738.495176	FtVhID2RYoNCBRVfB6	sha1	33F5AAC61D66E7055D03173A4D1F3E187138850D	59A4660652A07B95923CA394072796745BF93DD0	0C558573752B47CC591B9605E08E803C	good	-	-	1657669860.000000	1658271960.000000
1657729739.787623	Fkwg631CGnvBFfoZS2	sha1	33F5AAC61D66E7055D03173A4D1F3E187138850D	59A4660652A07B95923CA394072796745BF93DD0	046C82F3979B7A7370746AFAA62CCF34	good	-	-	1657710542.000000	1658312642.000000
1657729856.732757	FnFLp8k5Cc60fOVA5	sha1	33F5AAC61D66E7055D03173A4D1F3E187138850D	59A4660652A07B95923CA394072796745BF93DD0	0C558573752B47CC591B9605E08E803C	good	-	-	1657669860.000000	1658271960.000000
1657729856.798486	FPaweY3mlc00U5dh1g	sha1	33F5AAC61D66E7055D03173A4D1F3E187138850D	59A4660652A07B95923CA394072796745BF93DD0	0C558573752B47CC591B9605E08E803C	good	-	-	1657669860.000000	1658271960.000000
1657729856.818920	F4hgCa34LZ7FXiWnLl	sha1	33F5AAC61D66E7055D03173A4D1F3E187138850D	59A4660652A07B95923CA394072796745BF93DD0	0C558573752B47CC591B9605E08E803C	good	-	-	1657669860.000000	1658271960.000000
1657729858.207922	FeJ4S2acnTuKt9yY6	sha1	33F5AAC61D66E7055D03173A4D1F3E187138850D	59A4660652A07B95923CA394072796745BF93DD0	0999C22AD47251014AE5C805430D7F33	good	-	-	1657654021.000000	1658256121.000000
1657729858.211654	FrqOmg39uItaJOCyF	sha1	33F5AAC61D66E7055D03173A4D1F3E187138850D	59A4660652A07B95923CA394072796745BF93DD0	0999C22AD47251014AE5C805430D7F33	good	-	-	1657654021.000000	1658256121.000000
1657729858.786402	FUwps3Jv5RICeFr3g	sha1	33F5AAC61D66E7055D03173A4D1F3E187138850D	59A4660652A07B95923CA394072796745BF93DD0	0999C22AD47251014AE5C805430D7F33	good	-	-	1657654021.000000	1658256121.000000
1657729859.607067	FtcPSJMSHDpWqQBph	sha1	33F5AAC61D66E7055D03173A4D1F3E187138850D	59A4660652A07B95923CA394072796745BF93DD0	0B888E5CB85EFEFACF06AF9D81781E19	good	-	-	1657665181.000000	1658267281.000000
1657729859.725443	Ftti6D2LBBtGCu03cb	sha1	33F5AAC61D66E7055D03173A4D1F3E187138850D	59A4660652A07B95923CA394072796745BF93DD0	0B888E5CB85EFEFACF06AF9D81781E19	good	-	-	1657665181.000000	1658267281.000000
1657729861.278892	FDrrnm1fUudarg5lRc	sha1	33F5AAC61D66E7055D03173A4D1F3E187138850D	59A4660652A07B95923CA394072796745BF93DD0	046C82F3979B7A7370746AFAA62CCF34	good	-	-	1657710542.000000	1658312642.000000
1657729977.120515	FxOdWbA9JfXHbWDu2	sha1	33F5AAC61D66E7055D03173A4D1F3E187138850D	59A4660652A07B95923CA394072796745BF93DD0	0C558573752B47CC591B9605E08E803C	good	-	-	1657669860.000000	1658271960.000000
1657729977.210813	FwjRvN326Mbs0JRub9	sha1	33F5AAC61D66E7055D03173A4D1F3E187138850D	59A4660652A07B95923CA394072796745BF93DD0	0C558573752B47CC591B9605E08E803C	good	-	-	1657669860.000000	1658271960.000000
1657729977.227578	FsGFG020HnVfCaoEhf	sha1	33F5AAC61D66E7055D03173A4D1F3E187138850D	59A4660652A07B95923CA394072796745BF93DD0	0C558573752B47CC591B9605E08E803C	good	-	-	1657669860.000000	1658271960.000000
1657729977.233280	FiYdvy3N8hqtJkuqz	sha1	33F5AAC61D66E7055D03173A4D1F3E187138850D	59A4660652A07B95923CA394072796745BF93DD0	0C558573752B47CC591B9605E08E803C	good	-	-	1657669860.000000	1658271960.000000
1657729977.242120	FSe8ht2ui2rAyJB1O	sha1	33F5AAC61D66E7055D03173A4D1F3E187138850D	59A4660652A07B95923CA394072796745BF93DD0	0C558573752B47CC591B9605E08E803C	good	-	-	1657669860.000000	1658271960.000000
1657729977.246894	FdbIFlJcMAhIyT4Qh	sha1	33F5AAC61D66E7055D03173A4D1F3E187138850D	59A4660652A07B95923CA394072796745BF93DD0	0C558573752B47CC591B9605E08E803C	good	-	-	1657669860.000000	1658271960.000000
1657729977.252895	Fdbveu35NxfMWovRwb	sha1	33F5AAC61D66E7055D03173A4D1F3E187138850D	59A4660652A07B95923CA394072796745BF93DD0	0C558573752B47CC591B9605E08E803C	good	-	-	1657669860.000000	1658271960.000000
1657729977.261017	FxKETw1N2Aot4tX245	sha1	33F5AAC61D66E7055D03173A4D1F3E187138850D	59A4660652A07B95923CA394072796745BF93DD0	0C558573752B47CC591B9605E08E803C	good	-	-	1657669860.000000	1658271960.000000
1657729977.267026	FwxoZy4yxhRCpq0MOd	sha1	33F5AAC61D66E7055D03173A4D1F3E187138850D	59A4660652A07B95923CA394072796745BF93DD0	0C558573752B47CC591B9605E08E803C	good	-	-	1657669860.000000	1658271960.000000
1657729978.975946	F90JgzuiduALKnyM3	sha1	33F5AAC61D66E7055D03173A4D1F3E187138850D	59A4660652A07B95923CA394072796745BF93DD0	0999C22AD47251014AE5C805430D7F33	good	-	-	1657654021.000000	1658256121.000000
1657729980.205218	FSrYQS2O6ycAZ1Z2Hi	sha1	33F5AAC61D66E7055D03173A4D1F3E187138850D	59A4660652A07B95923CA394072796745BF93DD0	0999C22AD47251014AE5C805430D7F33	good	-	-	1657654021.000000	1658256121.000000
1657729980.209850	FxRzWo16CThu4VoaAj	sha1	33F5AAC61D66E7055D03173A4D1F3E187138850D	59A4660652A07B95923CA394072796745BF93DD0	0999C22AD47251014AE5C805430D7F33	good	-	-	1657654021.000000	1658256121.000000
1657729996.334610	F7W1CzJToLZXjHfUl	sha1	33F5AAC61D66E7055D03173A4D1F3E187138850D	59A4660652A07B95923CA394072796745BF93DD0	046C82F3979B7A7370746AFAA62CCF34	good	-	-	1657710542.000000	1658312642.000000
1657730220.697577	FWZxpJ2STnAAlhGKe3	sha1	33F5AAC61D66E7055D03173A4D1F3E187138850D	59A4660652A07B95923CA394072796745BF93DD0	0C558573752B47CC591B9605E08E803C	good	-	-	1657669860.000000	1658271960.000000
1657730220.779290	FMAtYx47UvMakGEaEh	sha1	33F5AAC61D66E7055D03173A4D1F3E187138850D	59A4660652A07B95923CA394072796745BF93DD0	0C558573752B47CC591B9605E08E803C	good	-	-	1657669860.000000	1658271960.000000
1657730220.789757	Fv5R5s3fNBvwCs4Yge	sha1	33F5AAC61D66E7055D03173A4D1F3E187138850D	59A4660652A07B95923CA394072796745BF93DD0	0C558573752B47CC591B9605E08E803C	good	-	-	1657669860.000000	1658271960.000000
1657730220.809029	FwsWoW3mAoBmSkeDP7	sha1	33F5AAC61D66E7055D03173A4D1F3E187138850D	59A4660652A07B95923CA394072796745BF93DD0	0C558573752B47CC591B9605E08E803C	good	-	-	1657669860.000000	1658271960.000000
1657730220.812397	FvGewk28ECeUj7R1q2	sha1	33F5AAC61D66E7055D03173A4D1F3E187138850D	59A4660652A07B95923CA394072796745BF93DD0	0C558573752B47CC591B9605E08E803C	good	-	-	1657669860.000000	1658271960.000000
1657730220.818525	FbLLi02Je3QpL9Nd4f	sha1	33F5AAC61D66E7055D03173A4D1F3E187138850D	59A4660652A07B95923CA394072796745BF93DD0	0C558573752B47CC591B9605E08E803C	good	-	-	1657669860.000000	1658271960.000000
1657730220.826934	FxNxnK3xGudhtYl2k9	sha1	33F5AAC61D66E7055D03173A4D1F3E187138850D	59A4660652A07B95923CA394072796745BF93DD0	0C558573752B47CC591B9605E08E803C	good	-	-	1657669860.000000	1658271960.000000
1657730223.774588	FxK1D04GRD1aSbELDa	sha1	33F5AAC61D66E7055D03173A4D1F3E187138850D	59A4660652A07B95923CA394072796745BF93DD0	0B888E5CB85EFEFACF06AF9D81781E19	good	-	-	1657665181.000000	1658267281.000000
1657730223.778971	FKdVvD3ZY6ksjpnPo3	sha1	33F5AAC61D66E7055D03173A4D1F3E187138850D	59A4660652A07B95923CA394072796745BF93DD0	0B888E5CB85EFEFACF06AF9D81781E19	good	-	-	1657665181.000000	1658267281.000000
1657730223.896962	FrbPOClAd9OsdAyQj	sha1	33F5AAC61D66E7055D03173A4D1F3E187138850D	59A4660652A07B95923CA394072796745BF93DD0	0C558573752B47CC591B9605E08E803C	good	-	-	1657669860.000000	1658271960.000000
1657730225.301006	FFvi0rTkvh34hDfR5	sha1	33F5AAC61D66E7055D03173A4D1F3E187138850D	59A4660652A07B95923CA394072796745BF93DD0	046C82F3979B7A7370746AFAA62CCF34	good	-	-	1657710542.000000	1658312642.000000
1657730225.330095	FKe4BG95RmMH8wXw4	sha1	33F5AAC61D66E7055D03173A4D1F3E187138850D	59A4660652A07B95923CA394072796745BF93DD0	046C82F3979B7A7370746AFAA62CCF34	good	-	-	1657710542.000000	1658312642.000000
1657730341.105430	FeZAd42H9cBSpp04l2	sha1	33F5AAC61D66E7055D03173A4D1F3E187138850D	59A4660652A07B95923CA394072796745BF93DD0	0C558573752B47CC591B9605E08E803C	good	-	-	1657669860.000000	1658271960.000000
1657730341.181794	F14pHa1lFPLlErz4K7	sha1	33F5AAC61D66E7055D03173A4D1F3E187138850D	59A4660652A07B95923CA394072796745BF93DD0	0C558573752B47CC591B9605E08E803C	good	-	-	1657669860.000000	1658271960.000000
1657730341.191819	FVmH3eKF5LnVm1p04	sha1	33F5AAC61D66E7055D03173A4D1F3E187138850D	59A4660652A07B95923CA394072796745BF93DD0	0C558573752B47CC591B9605E08E803C	good	-	-	1657669860.000000	1658271960.000000
1657730341.206579	FSX3aL1Jd3tCdAnZB	sha1	33F5AAC61D66E7055D03173A4D1F3E187138850D	59A4660652A07B95923CA394072796745BF93DD0	0C558573752B47CC591B9605E08E803C	good	-	-	1657669860.000000	1658271960.000000
1657730341.210054	FNVkqR3gBToBg2iFva	sha1	33F5AAC61D66E7055D03173A4D1F3E187138850D	59A4660652A07B95923CA394072796745BF93DD0	0C558573752B47CC591B9605E08E803C	good	-	-	1657669860.000000	1658271960.000000
1657730341.227064	FyTVvs30C2mgcPutWj	sha1	33F5AAC61D66E7055D03173A4D1F3E187138850D	59A4660652A07B95923CA394072796745BF93DD0	0C558573752B47CC591B9605E08E803C	good	-	-	1657669860.000000	1658271960.000000
1657730341.230280	FBlTAQ2V32NXMOvJN	sha1	33F5AAC61D66E7055D03173A4D1F3E187138850D	59A4660652A07B95923CA394072796745BF93DD0	0C558573752B47CC591B9605E08E803C	good	-	-	1657669860.000000	1658271960.000000
1657730342.661956	FQqTx83EA26rzD05x5	sha1	33F5AAC61D66E7055D03173A4D1F3E187138850D	59A4660652A07B95923CA394072796745BF93DD0	0999C22AD47251014AE5C805430D7F33	good	-	-	1657654021.000000	1658256121.000000
1657730342.772215	Fq04fl4C5zW9Buo6oi	sha1	33F5AAC61D66E7055D03173A4D1F3E187138850D	59A4660652A07B95923CA394072796745BF93DD0	0999C22AD47251014AE5C805430D7F33	good	-	-	1657654021.000000	1658256121.000000
1657730342.776193	F5u5Vg3NwxUEgPedN2	sha1	33F5AAC61D66E7055D03173A4D1F3E187138850D	59A4660652A07B95923CA394072796745BF93DD0	0999C22AD47251014AE5C805430D7F33	good	-	-	1657654021.000000	1658256121.000000
1657730343.504245	FWaXi8JNhgwBgVLzi	sha1	33F5AAC61D66E7055D03173A4D1F3E187138850D	59A4660652A07B95923CA394072796745BF93DD0	0999C22AD47251014AE5C805430D7F33	good	-	-	1657654021.000000	1658256121.000000
1657730346.031893	FElZR92n2ul8WbzEDj	sha1	33F5AAC61D66E7055D03173A4D1F3E187138850D	59A4660652A07B95923CA394072796745BF93DD0	046C82F3979B7A7370746AFAA62CCF34	good	-	-	1657710542.000000	1658312642.000000
1657730463.490623	FirWu24Sx1DaaId8o3	sha1	33F5AAC61D66E7055D03173A4D1F3E187138850D	59A4660652A07B95923CA394072796745BF93DD0	0999C22AD47251014AE5C805430D7F33	good	-	-	1657654021.000000	1658256121.000000
1657730463.720367	FkvPNj3PuK5iAqxR9	sha1	33F5AAC61D66E7055D03173A4D1F3E187138850D	59A4660652A07B95923CA394072796745BF93DD0	0B888E5CB85EFEFACF06AF9D81781E19	good	-	-	1657665181.000000	1658267281.000000
1657730463.815677	FBgIT11ubY7HFiKFWh	sha1	33F5AAC61D66E7055D03173A4D1F3E187138850D	59A4660652A07B95923CA394072796745BF93DD0	0999C22AD47251014AE5C805430D7F33	good	-	-	1657654021.000000	1658256121.000000
1657730463.827772	FL7HTGMGlZ8r2qZL2	sha1	33F5AAC61D66E7055D03173A4D1F3E187138850D	59A4660652A07B95923CA394072796745BF93DD0	0999C22AD47251014AE5C805430D7F33	good	-	-	1657654021.000000	1658256121.000000
#close	2026-09-23-19-08-24
