#separator \x09
#set_separator	,
#empty_field	(empty)
#unset_field	-
#path	ocsp
#open	2026-09-23-18-29-20
#fields	ts	id	hashAlgorithm	issuerNameHash	issuerKeyHash	serialNumber	certStatus	revoketime	revokereason	thisUpdate	nextUpdate
#types	time	string	string	string	string	string	string	time	string	time	time
1675181033.417110	FvGpwc4vQ55E1Mxxk3	sha1	082E3FF9058CFE8A7C18BD13EFDF1D1660707A6B	C8D97868A2D91968D53D72DE5F0A3EDCB58686A6	79D58377B53E41F1C0B1830D79DF477F	good	-	-	1674921564.000000	1675526363.000000
1675186480.185424	FCuwF64QEr2iN4s0Hi	sha1	0DD55A225F8D2354E325761EEE0D3862F43A9E7B	D5C1673AC2A39DF477525B59123829E65568BBA5	33007F4FB4B3BEDEC32CED91540000007F4FB4	good	-	-	1674868103.000000	1675266619.000000
1675186699.237698	FjhmIComDvIpYK2Mb	sha1	7239BDE83E9709DD71D98312427F1FAE65B0BF6C	C7B29C7F1CE3B85AEFE9681AA85D94C126526A68	33007BB6F80CA11319F561E54A0000007BB6F8	good	-	-	1674983375.000000	1675439413.000000
1675189244.919756	FgCq8A4ygyxTRHg5e	sha1	0DD55A225F8D2354E325761EEE0D3862F43A9E7B	D5C1673AC2A39DF477525B59123829E65568BBA5	33007004EDABAD86FCE71EFDA20000007004ED	good	-	-	1675084102.000000	1675439414.000000
1675189442.804958	FF6DfLOIWtt7rrxHc	sha1	521EE36C478119A9CB03FAB74E57E1197AF1818B	B5760C3011CEC792424D4CC75C2CC8A90CE80B64	12003024DD3EA511E6A77959040000003024DD	good	-	-	1675123204.000000	1675468803.000000
1675189447.695934	FHZ1873fcrevpJ1gGd	sha1	521EE36C478119A9CB03FAB74E57E1197AF1818B	B5760C3011CEC792424D4CC75C2CC8A90CE80B64	12003024DD3EA511E6A77959040000003024DD	good	-	-	1675177202.000000	1675522801.000000
1675189448.824419	F0YcTvuwYsAnRhwS7	sha1	521EE36C478119A9CB03FAB74E57E1197AF1818B	B5760C3011CEC792424D4CC75C2CC8A90CE80B64	12003024DD3EA511E6A77959040000003024DD	good	-	-	1675090803.000000	1675436402.000000
1675189450.054641	FCGGa13lNcHbGvsQzf	sha1	521EE36C478119A9CB03FAB74E57E1197AF1818B	B5760C3011CEC792424D4CC75C2CC8A90CE80B64	12003024DD3EA511E6A77959040000003024DD	good	-	-	1675166405.000000	1675512004.000000
1675189451.184980	F0UAym1dGJvTwz10nj	sha1	521EE36C478119A9CB03FAB74E57E1197AF1818B	B5760C3011CEC792424D4CC75C2CC8A90CE80B64	12003024DD3EA511E6A77959040000003024DD	good	-	-	1675112414.000000	1675458013.000000
1675189452.482777	Fkchff4LzpCUENR2Dl	sha1	521EE36C478119A9CB03FAB74E57E1197AF1818B	B5760C3011CEC792424D4CC75C2CC8A90CE80B64	12003024DD3EA511E6A77959040000003024DD	good	-	-	1675123204.000000	1675468803.000000
1675192203.239064	FhGdoj2BEhgZ54JJta	sha1	105FA67A80089DB5279F35CE830B43889EA3C70D	0F80611C823161D52F28E78D4638B42CE1C6D9E2	034E1C3705AAB13C6C47EE175AB22C43	good	-	-	1675160462.000000	1675762562.000000
1675193796.499029	FO0mld133HNTDXfkUh	sha1	0DD55A225F8D2354E325761EEE0D3862F43A9E7B	D5C1673AC2A39DF477525B59123829E65568BBA5	33007F4FB4B3BEDEC32CED91540000007F4FB4	good	-	-	1674983302.000000	1675439414.000000
#close	2026-09-23-18-29-22
