#separator \x09
#set_separator	,
#empty_field	(empty)
#unset_field	-
#path	ocsp
#open	2026-09-23-18-29-31
#fields	ts	id	hashAlgorithm	issuerNameHash	issuerKeyHash	serialNumber	certStatus	revoketime	revokereason	thisUpdate	nextUpdate
#types	time	string	string	string	string	string	string	time	string	time	time
1697643786.980695	FAve9U25Gr1Wt09ctl	sha1	C68888133D2295AE3ABEF118877F8A00BA434E3E	0F205DD7A15795DB92CF2BD0C7C27704CE728076	3300C841837879DB1187CDD948000000C84183	good	-	-	1696990413.000000	1697682813.000000
1697643787.027006	FIAEww3L2zd4uztS0b	sha1	C68888133D2295AE3ABEF118877F8A00BA434E3E	0F205DD7A15795DB92CF2BD0C7C27704CE728076	3300C841837879DB1187CDD948000000C84183	good	-	-	1696990413.000000	1697682813.000000
1697644931.434470	FhZANI1BAcC5oeK5E9	sha1	105FA67A80089DB5279F35CE830B43889EA3C70D	0F80611C823161D52F28E78D4638B42CE1C6D9E2	073AA6407AC85FE86692D69FC2212024	good	-	-	1697384342.000000	1697985542.000000
1697644931.980383	FlniFn24F96xRFKEN9	sha1	7239BDE83E9709DD71D98312427F1FAE65B0BF6C	C7B29C7F1CE3B85AEFE9681AA85D94C126526A68	3300A79867AE84B07591FCE827000000A79867	good	-	-	1697418682.000000	1698111082.000000
1697645186.490567	FcLELr35ex2kvUVXMl	sha1	7239BDE83E9709DD71D98312427F1FAE65B0BF6C	C7B29C7F1CE3B85AEFE9681AA85D94C126526A68	3300A79867AE84B07591FCE827000000A79867	good	-	-	1697245882.000000	1697938282.000000
1697645830.658466	FDa4p81Lq9khWPquPd	sha1	7239BDE83E9709DD71D98312427F1FAE65B0BF6C	C7B29C7F1CE3B85AEFE9681AA85D94C126526A68	3300A79867AE84B07591FCE827000000A79867	good	-	-	1697001082.000000	1697693482.000000
1697645830.660101	FtqaLN3HfPxJEGaOSh	sha1	7239BDE83E9709DD71D98312427F1FAE65B0BF6C	C7B29C7F1CE3B85AEFE9681AA85D94C126526A68	3300A79867AE84B07591FCE827000000A79867	good	-	-	1697418682.000000	1698111082.000000
1697645830.660112	F3fcB7pv5qVzUqjjh	sha1	7239BDE83E9709DD71D98312427F1FAE65B0BF6C	C7B29C7F1CE3B85AEFE9681AA85D94C126526A68	3300A79867AE84B07591FCE827000000A79867	good	-	-	1696986682.000000	1697679082.000000
1697645830.663736	F54F0GCHI2fI4AtBd	sha1	7239BDE83E9709DD71D98312427F1FAE65B0BF6C	C7B29C7F1CE3B85AEFE9681AA85D94C126526A68	3300A79867AE84B07591FCE827000000A79867	good	-	-	1696986682.000000	1697679082.000000
1697645864.076171	F8ArBnRWqW4pFMzU1	sha1	7239BDE83E9709DD71D98312427F1FAE65B0BF6C	C7B29C7F1CE3B85AEFE9681AA85D94C126526A68	3300A79867AE84B07591FCE827000000A79867	good	-	-	1697245882.000000	1697938282.000000
1697647206.708608	FCQSct1mDwLOoOgEQc	sha1	7239BDE83E9709DD71D98312427F1FAE65B0BF6C	C7B29C7F1CE3B85AEFE9681AA85D94C126526A68	3300A79867AE84B07591FCE827000000A79867	good	-	-	1697245882.000000	1697938282.000000
1697648563.735531	FnXJDp2ajIdoQ6sl6g	sha1	7239BDE83E9709DD71D98312427F1FAE65B0BF6C	C7B29C7F1CE3B85AEFE9681AA85D94C126526A68	3300A79867AE84B07591FCE827000000A79867	good	-	-	1697245882.000000	1697938282.000000
1697648598.735452	F2VY1mTOSvU2ks6Ae	sha1	7239BDE83E9709DD71D98312427F1FAE65B0BF6C	C7B29C7F1CE3B85AEFE9681AA85D94C126526A68	3300A79867AE84B07591FCE827000000A79867	good	-	-	1697245882.000000	1697938282.000000
1697648599.125210	FZFtxKDSaLOkCLqM	sha1	52FECA108DB4E5AB5268930D27C82FF215E24BB5	00AB91FC216226979AA8791B61419060A96267FD	3300CC43EE785A0EA13E23AA41000000CC43EE	good	-	-	1696990450.000000	1697682850.000000
1697648599.268709	Fl7D4yFoH9uutQI42	sha1	39D28B71FE1D19B65FB3F1288F23BC04595C4395	4E2254201895E6E36EE60FFAFAB912ED06178F39	0C6AE97CCED599838690A00A9EA53214	good	-	-	1697569610.000000	1698174410.000000
1697649219.372469	FwzZiXRFvB4C6BnY8	sha1	39D28B71FE1D19B65FB3F1288F23BC04595C4395	4E2254201895E6E36EE60FFAFAB912ED06178F39	09F96EC295555F24749EAF1E5DCED49D	good	-	-	1686182400.000000	1701734400.000000
1697649768.436003	FELJV63H11T6ZCoOYa	sha1	B34FFCEAC1CA8DBE13FD8B8738B023F3D896F3AC	FE09714055051044D8A48175B89E1AE94A0688C8	330008DE7D4C79651233D4282200000008DE7D	good	-	-	1697364733.000000	1698057133.000000
1697649768.559431	F5imvL1v0xjrhJ4II5	sha1	39D28B71FE1D19B65FB3F1288F23BC04595C4395	4E2254201895E6E36EE60FFAFAB912ED06178F39	05196526449A5E3D1A38748F5DCFEBCC	good	-	-	1686182400.000000	1701734400.000000
#close	2026-09-23-18-29-32
