#separator \x09
#set_separator	,
#empty_field	(empty)
#unset_field	-
#path	ocsp
#open	2026-09-23-12-45-45
#fields	ts	id	hashAlgorithm	issuerNameHash	issuerKeyHash	serialNumber	certStatus	revoketime	revokereason	thisUpdate	nextUpdate
#types	time	string	string	string	string	string	string	time	string	time	time
1732212906.468945	FymWjU1d0oDCkuxRJ8	sha1	E475019DC323E226741D6C40390795F90596462E	3B70D153E976259D60A8CA660FC69BAE6F54166A	3300E258497850FC6287B76F2C000000E25849	good	-	-	1732025588.000000	1732717988.000000
1732212914.750158	F5mjPA3xMNGdGJX2P3	sha1	E475019DC323E226741D6C40390795F90596462E	3B70D153E976259D60A8CA660FC69BAE6F54166A	3300502432632DDA01121C9952000000502432	good	-	-	1732025588.000000	1732717988.000000
1732212915.523306	FliD3ybQrm3z4a2Nd	sha1	7624DB6BD09C44BD8C92A5BC8159AA8199E6A50A	CE15163BEA02A3A66BDAD92BFDE58C52BE7A50A8	33009A9BEFCFDB2EFBDF70244D0000009A9BEF	good	-	-	1731863415.000000	1732555815.000000
1732212916.915380	Fvs5UB47OzF5EraRib	sha1	5060343D3B34B7408B5B64FD1D09C5346FF833F2	C35EAC4076C0064DE32B9499306073349829C651	33000017BD223B21D42E09095D0000000017BD	good	-	-	1731604241.000000	1732296641.000000
1732213040.687433	F4hlPB4d1RdYDwUL53	sha1	1BC66318D19B621575EEB02B7469CD52D59A2AE2	F67E2FBD80A34AB2705BEBDF9A1FD8EDCA618007	3300A79020695BD5158FCA65AB000000A79020	good	-	-	1731604204.000000	1732296604.000000
1732214119.904359	FkZHFC2KmQZNRMaOn2	sha1	E475019DC323E226741D6C40390795F90596462E	3B70D153E976259D60A8CA660FC69BAE6F54166A	3300CF72681A9A7F2CECE32778000000CF7268	good	-	-	1732111988.000000	1732804388.000000
1732214336.582623	FD29m31zTGI6UuXaW1	sha1	B34FFCEAC1CA8DBE13FD8B8738B023F3D896F3AC	FE09714055051044D8A48175B89E1AE94A0688C8	3300C0DA4E721F51BFD16120A2000000C0DA4E	good	-	-	1731780788.000000	1732473188.000000
1732215293.351445	FOmne93hG86xH6xwYa	sha1	E475019DC323E226741D6C40390795F90596462E	3B70D153E976259D60A8CA660FC69BAE6F54166A	3300E258497850FC6287B76F2C000000E25849	good	-	-	1731607989.000000	1732300389.000000
1732215295.680023	FktDML1ZoaHoTcmUH2	sha1	E475019DC323E226741D6C40390795F90596462E	3B70D153E976259D60A8CA660FC69BAE6F54166A	3300E258497850FC6287B76F2C000000E25849	good	-	-	1731607989.000000	1732300389.000000
1732215882.313112	F4wbTpQOSdiY6yjzb	sha1	E475019DC323E226741D6C40390795F90596462E	3B70D153E976259D60A8CA660FC69BAE6F54166A	3300CF72681A9A7F2CECE32778000000CF7268	good	-	-	1732111988.000000	1732804388.000000
1732215885.446191	FPTGQP2Rttgkfagfjl	sha1	E475019DC323E226741D6C40390795F90596462E	3B70D153E976259D60A8CA660FC69BAE6F54166A	330033AA11477CE3B3656C5FB300000033AA11	good	-	-	1731780789.000000	1732473189.000000
1732215885.489896	FC8CFb19bKN0TZyp7f	sha1	7624DB6BD09C44BD8C92A5BC8159AA8199E6A50A	CE15163BEA02A3A66BDAD92BFDE58C52BE7A50A8	33003435152F23E2477DC0CD90000000343515	good	-	-	1731604215.000000	1732296615.000000
1732215885.611292	F9gG2V1ZHJALlvcX73	sha1	B34FFCEAC1CA8DBE13FD8B8738B023F3D896F3AC	FE09714055051044D8A48175B89E1AE94A0688C8	3300C0DA4E721F51BFD16120A2000000C0DA4E	good	-	-	1732111988.000000	1732804388.000000
1732215919.994319	FFNIwO2tEF97R4G8Sg	sha1	E475019DC323E226741D6C40390795F90596462E	3B70D153E976259D60A8CA660FC69BAE6F54166A	3300B5AA51DDFB16FEE0BFDB7C000000B5AA51	good	-	-	1732025588.000000	1732717988.000000
1732215947.776594	Fruu774QzUlip0gTAe	sha1	E475019DC323E226741D6C40390795F90596462E	3B70D153E976259D60A8CA660FC69BAE6F54166A	3300CF72681A9A7F2CECE32778000000CF7268	good	-	-	1732111988.000000	1732804388.000000
1732215968.015852	FUN5uq1dHQ3NUkGi25	sha1	105FA67A80089DB5279F35CE830B43889EA3C70D	0F80611C823161D52F28E78D4638B42CE1C6D9E2	07E28383CADBC032728DDDAA3C1F265A	good	-	-	1732124702.000000	1732725902.000000
1732215968.378337	FkMEEtANug7GpRHui	sha1	1BC66318D19B621575EEB02B7469CD52D59A2AE2	F67E2FBD80A34AB2705BEBDF9A1FD8EDCA618007	33008073F46DF605903462C9A80000008073F4	good	-	-	1732036205.000000	1732728605.000000
1732215968.433764	FNq1xumf9RlJZb01l	sha1	1BC66318D19B621575EEB02B7469CD52D59A2AE2	F67E2FBD80A34AB2705BEBDF9A1FD8EDCA618007	3300A62A33720BEB0C34289180000000A62A33	good	-	-	1731805805.000000	1732498205.000000
1732215988.515397	F0rrMb2PzjnlKcKdna	sha1	E475019DC323E226741D6C40390795F90596462E	3B70D153E976259D60A8CA660FC69BAE6F54166A	3300B5AA51DDFB16FEE0BFDB7C000000B5AA51	good	-	-	1732025588.000000	1732717988.000000
#close	2026-09-23-12-45-52
